Archive member included to satisfy reference by file (symbol)

c:/nxp/mcuxpressoide_10.2.0_759/ide/tools/bin/../lib/gcc/arm-none-eabi/7.2.1/../../../../arm-none-eabi/lib/thumb/v7-m\libcr_c.a(__weak__main.o)
                              ./App/cr_startup_lpc175x_6x.o (__main)

Discarded input sections

 .group         0x00000000        0xc ./Driver/CONFIG.o
 .group         0x00000000        0xc ./Driver/CONFIG.o
 .group         0x00000000        0xc ./Driver/CONFIG.o
 .group         0x00000000        0xc ./Driver/CONFIG.o
 .group         0x00000000        0xc ./Driver/CONFIG.o
 .group         0x00000000        0xc ./Driver/CONFIG.o
 .text          0x00000000        0x0 ./Driver/CONFIG.o
 .data          0x00000000        0x0 ./Driver/CONFIG.o
 .bss           0x00000000        0x0 ./Driver/CONFIG.o
 .text.SetPINMODE
                0x00000000       0x80 ./Driver/CONFIG.o
 .group         0x00000000        0xc ./Driver/GPIO.o
 .group         0x00000000        0xc ./Driver/GPIO.o
 .group         0x00000000        0xc ./Driver/GPIO.o
 .group         0x00000000        0xc ./Driver/GPIO.o
 .group         0x00000000        0xc ./Driver/GPIO.o
 .group         0x00000000        0xc ./Driver/GPIO.o
 .text          0x00000000        0x0 ./Driver/GPIO.o
 .data          0x00000000        0x0 ./Driver/GPIO.o
 .bss           0x00000000        0x0 ./Driver/GPIO.o
 .text.SetDIR   0x00000000       0x74 ./Driver/GPIO.o
 .text.SetPIN   0x00000000       0x78 ./Driver/GPIO.o
 .text.GetPIN   0x00000000       0x4a ./Driver/GPIO.o
 .debug_info    0x00000000      0x115 ./Driver/GPIO.o
 .debug_abbrev  0x00000000       0x9b ./Driver/GPIO.o
 .debug_aranges
                0x00000000       0x30 ./Driver/GPIO.o
 .debug_ranges  0x00000000       0x20 ./Driver/GPIO.o
 .debug_macro   0x00000000       0x3e ./Driver/GPIO.o
 .debug_macro   0x00000000      0xa66 ./Driver/GPIO.o
 .debug_macro   0x00000000      0x4b9 ./Driver/GPIO.o
 .debug_macro   0x00000000      0x549 ./Driver/GPIO.o
 .debug_macro   0x00000000       0xf4 ./Driver/GPIO.o
 .debug_macro   0x00000000       0x8e ./Driver/GPIO.o
 .debug_macro   0x00000000       0x46 ./Driver/GPIO.o
 .debug_line    0x00000000      0x10b ./Driver/GPIO.o
 .debug_str     0x00000000     0x4f51 ./Driver/GPIO.o
 .comment       0x00000000       0x7f ./Driver/GPIO.o
 .debug_frame   0x00000000       0x88 ./Driver/GPIO.o
 .ARM.attributes
                0x00000000       0x33 ./Driver/GPIO.o
 .group         0x00000000        0xc ./Driver/Inic.o
 .group         0x00000000        0xc ./Driver/Inic.o
 .group         0x00000000        0xc ./Driver/Inic.o
 .group         0x00000000        0xc ./Driver/Inic.o
 .group         0x00000000        0xc ./Driver/Inic.o
 .group         0x00000000        0xc ./Driver/Inic.o
 .group         0x00000000        0xc ./Driver/Inic.o
 .text          0x00000000        0x0 ./Driver/Inic.o
 .data          0x00000000        0x0 ./Driver/Inic.o
 .bss           0x00000000        0x0 ./Driver/Inic.o
 .debug_macro   0x00000000      0xa66 ./Driver/Inic.o
 .debug_macro   0x00000000      0x4b9 ./Driver/Inic.o
 .debug_macro   0x00000000      0x549 ./Driver/Inic.o
 .debug_macro   0x00000000       0xf4 ./Driver/Inic.o
 .debug_macro   0x00000000       0x8e ./Driver/Inic.o
 .debug_macro   0x00000000       0x46 ./Driver/Inic.o
 .group         0x00000000        0xc ./Driver/Oscilador.o
 .group         0x00000000        0xc ./Driver/Oscilador.o
 .group         0x00000000        0xc ./Driver/Oscilador.o
 .group         0x00000000        0xc ./Driver/Oscilador.o
 .group         0x00000000        0xc ./Driver/Oscilador.o
 .group         0x00000000        0xc ./Driver/Oscilador.o
 .text          0x00000000        0x0 ./Driver/Oscilador.o
 .data          0x00000000        0x0 ./Driver/Oscilador.o
 .bss           0x00000000        0x0 ./Driver/Oscilador.o
 .debug_macro   0x00000000      0xa66 ./Driver/Oscilador.o
 .debug_macro   0x00000000      0x4b9 ./Driver/Oscilador.o
 .debug_macro   0x00000000      0x549 ./Driver/Oscilador.o
 .debug_macro   0x00000000       0xf4 ./Driver/Oscilador.o
 .debug_macro   0x00000000       0x8e ./Driver/Oscilador.o
 .debug_macro   0x00000000       0x46 ./Driver/Oscilador.o
 .group         0x00000000        0xc ./App/Servo_PWM.o
 .group         0x00000000        0xc ./App/Servo_PWM.o
 .group         0x00000000        0xc ./App/Servo_PWM.o
 .group         0x00000000        0xc ./App/Servo_PWM.o
 .group         0x00000000        0xc ./App/Servo_PWM.o
 .group         0x00000000        0xc ./App/Servo_PWM.o
 .group         0x00000000        0xc ./App/Servo_PWM.o
 .text          0x00000000        0x0 ./App/Servo_PWM.o
 .data          0x00000000        0x0 ./App/Servo_PWM.o
 .bss           0x00000000        0x0 ./App/Servo_PWM.o
 .debug_macro   0x00000000      0xa66 ./App/Servo_PWM.o
 .debug_macro   0x00000000      0x4b9 ./App/Servo_PWM.o
 .debug_macro   0x00000000      0x549 ./App/Servo_PWM.o
 .debug_macro   0x00000000       0xf4 ./App/Servo_PWM.o
 .debug_macro   0x00000000       0x8e ./App/Servo_PWM.o
 .debug_macro   0x00000000       0x46 ./App/Servo_PWM.o
 .group         0x00000000        0xc ./App/cr_startup_lpc175x_6x.o
 .text          0x00000000        0x0 ./App/cr_startup_lpc175x_6x.o
 .data          0x00000000        0x0 ./App/cr_startup_lpc175x_6x.o
 .bss           0x00000000        0x0 ./App/cr_startup_lpc175x_6x.o
 .debug_macro   0x00000000      0xa66 ./App/cr_startup_lpc175x_6x.o
 .group         0x00000000        0xc ./App/crp.o
 .group         0x00000000        0xc ./App/crp.o
 .text          0x00000000        0x0 ./App/crp.o
 .data          0x00000000        0x0 ./App/crp.o
 .bss           0x00000000        0x0 ./App/crp.o
 .debug_macro   0x00000000      0xa66 ./App/crp.o
 .text          0x00000000        0x0 c:/nxp/mcuxpressoide_10.2.0_759/ide/tools/bin/../lib/gcc/arm-none-eabi/7.2.1/../../../../arm-none-eabi/lib/thumb/v7-m\libcr_c.a(__weak__main.o)
 .data          0x00000000        0x0 c:/nxp/mcuxpressoide_10.2.0_759/ide/tools/bin/../lib/gcc/arm-none-eabi/7.2.1/../../../../arm-none-eabi/lib/thumb/v7-m\libcr_c.a(__weak__main.o)
 .bss           0x00000000        0x0 c:/nxp/mcuxpressoide_10.2.0_759/ide/tools/bin/../lib/gcc/arm-none-eabi/7.2.1/../../../../arm-none-eabi/lib/thumb/v7-m\libcr_c.a(__weak__main.o)

Memory Configuration

Name             Origin             Length             Attributes
MFlash512        0x00000000         0x00080000         xr
RamLoc32         0x10000000         0x00008000         xrw
RamAHB32         0x2007c000         0x00008000         xrw
*default*        0x00000000         0xffffffff

Linker script and memory map

LOAD ./Driver/CONFIG.o
LOAD ./Driver/GPIO.o
LOAD ./Driver/Inic.o
LOAD ./Driver/Oscilador.o
LOAD ./App/Servo_PWM.o
LOAD ./App/cr_startup_lpc175x_6x.o
LOAD ./App/crp.o
START GROUP
LOAD c:/nxp/mcuxpressoide_10.2.0_759/ide/tools/bin/../lib/gcc/arm-none-eabi/7.2.1/../../../../arm-none-eabi/lib/thumb/v7-m\libcr_c.a
LOAD c:/nxp/mcuxpressoide_10.2.0_759/ide/tools/bin/../lib/gcc/arm-none-eabi/7.2.1/thumb/v7-m\libcr_eabihelpers.a
END GROUP
                0x00000000                __base_MFlash512 = 0x0
                0x00000000                __base_Flash = 0x0
                0x00080000                __top_MFlash512 = 0x80000
                0x00080000                __top_Flash = 0x80000
                0x10000000                __base_RamLoc32 = 0x10000000
                0x10000000                __base_RAM = 0x10000000
                0x10008000                __top_RamLoc32 = 0x10008000
                0x10008000                __top_RAM = 0x10008000
                0x2007c000                __base_RamAHB32 = 0x2007c000
                0x2007c000                __base_RAM2 = 0x2007c000
                0x20084000                __top_RamAHB32 = 0x20084000
                0x20084000                __top_RAM2 = 0x20084000

.text           0x00000000      0x590
 FILL mask 0xff
                0x00000000                __vectors_start__ = ABSOLUTE (.)
 *(.isr_vector)
 .isr_vector    0x00000000       0xcc ./App/cr_startup_lpc175x_6x.o
                0x00000000                g_pfnVectors
                0x000000cc                . = ALIGN (0x4)
                0x000000cc                __section_table_start = .
                0x000000cc                __data_section_table = .
                0x000000cc        0x4 LONG 0x590 LOADADDR (.data)
                0x000000d0        0x4 LONG 0x10000000 ADDR (.data)
                0x000000d4        0x4 LONG 0x0 SIZEOF (.data)
                0x000000d8        0x4 LONG 0x590 LOADADDR (.data_RAM2)
                0x000000dc        0x4 LONG 0x2007c000 ADDR (.data_RAM2)
                0x000000e0        0x4 LONG 0x0 SIZEOF (.data_RAM2)
                0x000000e4                __data_section_table_end = .
                0x000000e4                __bss_section_table = .
                0x000000e4        0x4 LONG 0x10000000 ADDR (.bss)
                0x000000e8        0x4 LONG 0x0 SIZEOF (.bss)
                0x000000ec        0x4 LONG 0x2007c000 ADDR (.bss_RAM2)
                0x000000f0        0x4 LONG 0x0 SIZEOF (.bss_RAM2)
                0x000000f4                __bss_section_table_end = .
                0x000000f4                __section_table_end = .
 *(.after_vectors*)
 .after_vectors
                0x000000f4      0x128 ./App/cr_startup_lpc175x_6x.o
                0x000000f4                data_init
                0x00000136                bss_init
                0x0000016c                ResetISR
                0x000001e0                NMI_Handler
                0x000001e6                HardFault_Handler
                0x000001ec                MemManage_Handler
                0x000001f2                BusFault_Handler
                0x000001f8                UsageFault_Handler
                0x000001fe                SVC_Handler
                0x00000204                DebugMon_Handler
                0x0000020a                PendSV_Handler
                0x00000210                SysTick_Handler
                0x00000216                EINT3_IRQHandler
                0x00000216                CANActivity_IRQHandler
                0x00000216                TIMER3_IRQHandler
                0x00000216                UART0_IRQHandler
                0x00000216                UART1_IRQHandler
                0x00000216                EINT2_IRQHandler
                0x00000216                USBActivity_IRQHandler
                0x00000216                IntDefaultHandler
                0x00000216                PLL0_IRQHandler
                0x00000216                I2C0_IRQHandler
                0x00000216                I2C1_IRQHandler
                0x00000216                SSP0_IRQHandler
                0x00000216                I2S_IRQHandler
                0x00000216                I2C2_IRQHandler
                0x00000216                RTC_IRQHandler
                0x00000216                TIMER0_IRQHandler
                0x00000216                SPI_IRQHandler
                0x00000216                RIT_IRQHandler
                0x00000216                EINT1_IRQHandler
                0x00000216                TIMER1_IRQHandler
                0x00000216                UART2_IRQHandler
                0x00000216                ADC_IRQHandler
                0x00000216                SSP1_IRQHandler
                0x00000216                USB_IRQHandler
                0x00000216                BOD_IRQHandler
                0x00000216                PLL1_IRQHandler
                0x00000216                WDT_IRQHandler
                0x00000216                PWM1_IRQHandler
                0x00000216                QEI_IRQHandler
                0x00000216                EINT0_IRQHandler
                0x00000216                CAN_IRQHandler
                0x00000216                DMA_IRQHandler
                0x00000216                TIMER2_IRQHandler
                0x00000216                UART3_IRQHandler
                0x00000216                MCPWM_IRQHandler
                0x00000216                ENET_IRQHandler
                0x000002fc                . = 0x2fc
 *fill*         0x0000021c       0xe0 ff
                0x000002fc                PROVIDE (__CRP_WORD_START__, .)
 *(.crp)
 .crp           0x000002fc        0x4 ./App/crp.o
                0x000002fc                CRP_WORD
                0x00000300                PROVIDE (__CRP_WORD_END__, .)
                0x00000001                ASSERT (! ((__CRP_WORD_START__ == __CRP_WORD_END__)), Linker CRP Enabled, but no CRP_WORD provided within application)
 *(.text*)
 .text.SetPINSEL
                0x00000300       0x8a ./Driver/CONFIG.o
                0x00000300                SetPINSEL
 .text.inicializar
                0x0000038a       0x14 ./Driver/Inic.o
                0x0000038a                inicializar
 .text.Init_GPIO_PWM
                0x0000039e       0x12 ./Driver/Inic.o
                0x0000039e                Init_GPIO_PWM
 .text.Init_PWM
                0x000003b0       0x90 ./Driver/Inic.o
                0x000003b0                Init_PWM
 .text.InicPLL  0x00000440      0x140 ./Driver/Oscilador.o
                0x00000440                InicPLL
 .text.main     0x00000580        0xa ./App/Servo_PWM.o
                0x00000580                main
 .text.__weak_main
                0x0000058a        0x4 c:/nxp/mcuxpressoide_10.2.0_759/ide/tools/bin/../lib/gcc/arm-none-eabi/7.2.1/../../../../arm-none-eabi/lib/thumb/v7-m\libcr_c.a(__weak__main.o)
                0x0000058a                __weak_main
                0x0000058a                __main
 *(.rodata .rodata.* .constdata .constdata.*)
                0x00000590                . = ALIGN (0x4)
 *fill*         0x0000058e        0x2 ff

.glue_7         0x00000590        0x0
 .glue_7        0x00000590        0x0 linker stubs

.glue_7t        0x00000590        0x0
 .glue_7t       0x00000590        0x0 linker stubs

.vfp11_veneer   0x00000590        0x0
 .vfp11_veneer  0x00000590        0x0 linker stubs

.v4_bx          0x00000590        0x0
 .v4_bx         0x00000590        0x0 linker stubs

.iplt           0x00000590        0x0
 .iplt          0x00000590        0x0 ./Driver/CONFIG.o

.rel.dyn        0x00000590        0x0
 .rel.iplt      0x00000590        0x0 ./Driver/CONFIG.o

.ARM.extab
 *(.ARM.extab* .gnu.linkonce.armextab.*)
                0x00000590                __exidx_start = .

.ARM.exidx
 *(.ARM.exidx* .gnu.linkonce.armexidx.*)
                0x00000590                __exidx_end = .
                0x00000590                _etext = .

.data_RAM2      0x2007c000        0x0 load address 0x00000590
 FILL mask 0xff
                [!provide]                PROVIDE (__start_data_RAM2, .)
 *(.ramfunc.$RAM2)
 *(.ramfunc.$RamAHB32)
 *(.data.$RAM2*)
 *(.data.$RamAHB32*)
                0x2007c000                . = ALIGN (0x4)
                [!provide]                PROVIDE (__end_data_RAM2, .)

.uninit_RESERVED
                0x10000000        0x0
 *(.bss.$RESERVED*)
                0x10000000                . = ALIGN (0x4)
                0x10000000                _end_uninit_RESERVED = .

.data           0x10000000        0x0 load address 0x00000590
 FILL mask 0xff
                0x10000000                _data = .
 *(vtable)
 *(.ramfunc*)
 *(.data*)
                0x10000000                . = ALIGN (0x4)
                0x10000000                _edata = .

.igot.plt       0x10000000        0x0 load address 0x00000590
 .igot.plt      0x10000000        0x0 ./Driver/CONFIG.o

.bss_RAM2       0x2007c000        0x0
                [!provide]                PROVIDE (__start_bss_RAM2, .)
 *(.bss.$RAM2*)
 *(.bss.$RamAHB32*)
                0x2007c000                . = ALIGN ((. != 0x0)?0x4:0x1)
                [!provide]                PROVIDE (__end_bss_RAM2, .)

.bss            0x10000000        0x0
                0x10000000                _bss = .
 *(.bss*)
 *(COMMON)
                0x10000000                . = ALIGN (0x4)
                0x10000000                _ebss = .
                [!provide]                PROVIDE (end, .)

.noinit_RAM2    0x2007c000        0x0
 *(.noinit.$RAM2*)
 *(.noinit.$RamAHB32*)
                0x2007c000                . = ALIGN (0x4)

.noinit         0x10000000        0x0
                0x10000000                _noinit = .
 *(.noinit*)
                0x10000000                . = ALIGN (0x4)
                0x10000000                _end_noinit = .
                [!provide]                PROVIDE (_pvHeapStart, DEFINED (__user_heap_base)?__user_heap_base:.)
                0x10008000                PROVIDE (_vStackTop, DEFINED (__user_stack_top)?__user_stack_top:(__top_RamLoc32 - 0x0))
                0xefff74f2                PROVIDE (__valid_user_code_checksum, (0x0 - ((((((_vStackTop + (ResetISR + 0x1)) + (NMI_Handler + 0x1)) + (HardFault_Handler + 0x1)) + (DEFINED (MemManage_Handler)?MemManage_Handler:0x0 + 0x1)) + (DEFINED (BusFault_Handler)?BusFault_Handler:0x0 + 0x1)) + (DEFINED (UsageFault_Handler)?UsageFault_Handler:0x0 + 0x1))))
                0x00000000                _image_start = LOADADDR (.text)
                0x00000590                _image_end = (LOADADDR (.data) + SIZEOF (.data))
                0x00000590                _image_size = (_image_end - _image_start)
OUTPUT(Servo_PWM.axf elf32-littlearm)

.debug_info     0x00000000      0x4a8
 .debug_info    0x00000000       0xd1 ./Driver/CONFIG.o
 .debug_info    0x000000d1       0x8d ./Driver/Inic.o
 .debug_info    0x0000015e       0x5b ./Driver/Oscilador.o
 .debug_info    0x000001b9       0x5b ./App/Servo_PWM.o
 .debug_info    0x00000214      0x255 ./App/cr_startup_lpc175x_6x.o
 .debug_info    0x00000469       0x3f ./App/crp.o

.debug_abbrev   0x00000000      0x2bd
 .debug_abbrev  0x00000000       0x7f ./Driver/CONFIG.o
 .debug_abbrev  0x0000007f       0x66 ./Driver/Inic.o
 .debug_abbrev  0x000000e5       0x47 ./Driver/Oscilador.o
 .debug_abbrev  0x0000012c       0x47 ./App/Servo_PWM.o
 .debug_abbrev  0x00000173      0x114 ./App/cr_startup_lpc175x_6x.o
 .debug_abbrev  0x00000287       0x36 ./App/crp.o

.debug_aranges  0x00000000      0x130
 .debug_aranges
                0x00000000       0x28 ./Driver/CONFIG.o
 .debug_aranges
                0x00000028       0x30 ./Driver/Inic.o
 .debug_aranges
                0x00000058       0x20 ./Driver/Oscilador.o
 .debug_aranges
                0x00000078       0x20 ./App/Servo_PWM.o
 .debug_aranges
                0x00000098       0x80 ./App/cr_startup_lpc175x_6x.o
 .debug_aranges
                0x00000118       0x18 ./App/crp.o

.debug_ranges   0x00000000       0xc8
 .debug_ranges  0x00000000       0x18 ./Driver/CONFIG.o
 .debug_ranges  0x00000018       0x20 ./Driver/Inic.o
 .debug_ranges  0x00000038       0x10 ./Driver/Oscilador.o
 .debug_ranges  0x00000048       0x10 ./App/Servo_PWM.o
 .debug_ranges  0x00000058       0x70 ./App/cr_startup_lpc175x_6x.o

.debug_macro    0x00000000     0x1897
 .debug_macro   0x00000000       0x3e ./Driver/CONFIG.o
 .debug_macro   0x0000003e      0xa66 ./Driver/CONFIG.o
 .debug_macro   0x00000aa4      0x4b9 ./Driver/CONFIG.o
 .debug_macro   0x00000f5d      0x549 ./Driver/CONFIG.o
 .debug_macro   0x000014a6       0xf4 ./Driver/CONFIG.o
 .debug_macro   0x0000159a       0x8e ./Driver/CONFIG.o
 .debug_macro   0x00001628       0x46 ./Driver/CONFIG.o
 .debug_macro   0x0000166e       0x47 ./Driver/Inic.o
 .debug_macro   0x000016b5       0x70 ./Driver/Inic.o
 .debug_macro   0x00001725       0x3e ./Driver/Oscilador.o
 .debug_macro   0x00001763       0x47 ./App/Servo_PWM.o
 .debug_macro   0x000017aa       0x82 ./App/Servo_PWM.o
 .debug_macro   0x0000182c       0x1d ./App/cr_startup_lpc175x_6x.o
 .debug_macro   0x00001849       0x1a ./App/crp.o
 .debug_macro   0x00001863       0x34 ./App/crp.o

.debug_line     0x00000000      0x5b5
 .debug_line    0x00000000       0xfb ./Driver/CONFIG.o
 .debug_line    0x000000fb      0x117 ./Driver/Inic.o
 .debug_line    0x00000212      0x125 ./Driver/Oscilador.o
 .debug_line    0x00000337      0x137 ./App/Servo_PWM.o
 .debug_line    0x0000046e       0xd2 ./App/cr_startup_lpc175x_6x.o
 .debug_line    0x00000540       0x75 ./App/crp.o

.debug_str      0x00000000     0x57c9
 .debug_str     0x00000000     0x4f26 ./Driver/CONFIG.o
                               0x4f54 (size before relaxing)
 .debug_str     0x00004f26      0x165 ./Driver/Inic.o
                               0x5078 (size before relaxing)
 .debug_str     0x0000508b       0x1e ./Driver/Oscilador.o
                               0x4f29 (size before relaxing)
 .debug_str     0x000050a9      0x461 ./App/Servo_PWM.o
                               0x5363 (size before relaxing)
 .debug_str     0x0000550a      0x1d6 ./App/cr_startup_lpc175x_6x.o
                               0x2ec8 (size before relaxing)
 .debug_str     0x000056e0       0xe9 ./App/crp.o
                               0x2dd5 (size before relaxing)

.comment        0x00000000       0x7e
 .comment       0x00000000       0x7e ./Driver/CONFIG.o
                                 0x7f (size before relaxing)
 .comment       0x0000007e       0x7f ./Driver/Inic.o
 .comment       0x0000007e       0x7f ./Driver/Oscilador.o
 .comment       0x0000007e       0x7f ./App/Servo_PWM.o
 .comment       0x0000007e       0x7f ./App/cr_startup_lpc175x_6x.o
 .comment       0x0000007e       0x7f ./App/crp.o
 .comment       0x0000007e       0x7f c:/nxp/mcuxpressoide_10.2.0_759/ide/tools/bin/../lib/gcc/arm-none-eabi/7.2.1/../../../../arm-none-eabi/lib/thumb/v7-m\libcr_c.a(__weak__main.o)

.ARM.attributes
                0x00000000       0x33
 .ARM.attributes
                0x00000000       0x33 ./Driver/CONFIG.o
 .ARM.attributes
                0x00000033       0x33 ./Driver/Inic.o
 .ARM.attributes
                0x00000066       0x33 ./Driver/Oscilador.o
 .ARM.attributes
                0x00000099       0x33 ./App/Servo_PWM.o
 .ARM.attributes
                0x000000cc       0x33 ./App/cr_startup_lpc175x_6x.o
 .ARM.attributes
                0x000000ff       0x33 ./App/crp.o
 .ARM.attributes
                0x00000132       0x33 c:/nxp/mcuxpressoide_10.2.0_759/ide/tools/bin/../lib/gcc/arm-none-eabi/7.2.1/../../../../arm-none-eabi/lib/thumb/v7-m\libcr_c.a(__weak__main.o)

.debug_frame    0x00000000      0x294
 .debug_frame   0x00000000       0x60 ./Driver/CONFIG.o
 .debug_frame   0x00000060       0x68 ./Driver/Inic.o
 .debug_frame   0x000000c8       0x30 ./Driver/Oscilador.o
 .debug_frame   0x000000f8       0x2c ./App/Servo_PWM.o
 .debug_frame   0x00000124      0x170 ./App/cr_startup_lpc175x_6x.o
