Archive member included to satisfy reference by file (symbol)

C:\Users\Federico\Desktop\Informatica II\biblioteca\bibliotecaInfo2-Distribucion-060618\libbibliotecaInfoII.a(DR_RGB.o)
                              ./src/funciones.o (InicializarRGB)
C:\Users\Federico\Desktop\Informatica II\biblioteca\bibliotecaInfo2-Distribucion-060618\libbibliotecaInfoII.a(DR_Teclado.o)
                              ./src/funciones.o (InicializarTeclado)
C:\Users\Federico\Desktop\Informatica II\biblioteca\bibliotecaInfo2-Distribucion-060618\libbibliotecaInfoII.a(DR_gpio.o)
                              C:\Users\Federico\Desktop\Informatica II\biblioteca\bibliotecaInfo2-Distribucion-060618\libbibliotecaInfoII.a(DR_RGB.o) (SetDIR)
C:\Users\Federico\Desktop\Informatica II\biblioteca\bibliotecaInfo2-Distribucion-060618\libbibliotecaInfoII.a(DR_pinsel.o)
                              C:\Users\Federico\Desktop\Informatica II\biblioteca\bibliotecaInfo2-Distribucion-060618\libbibliotecaInfoII.a(DR_RGB.o) (SetPINSEL)
C:\Users\Federico\Desktop\Informatica II\biblioteca\bibliotecaInfo2-Distribucion-060618\libbibliotecaInfoII.a(PR_RGB.o)
                              ./src/funciones.o (LedsRGB)
c:/nxp/mcuxpressoide_10.3.0_2200/ide/plugins/com.nxp.mcuxpresso.tools.win32_10.3.0.201811011841/tools/bin/../lib/gcc/arm-none-eabi/7.3.1/../../../../arm-none-eabi/lib/thumb/v7-m\libcr_c.a(__weak__main.o)
                              ./src/cr_startup_lpc175x_6x.o (__main)

Discarded input sections

 .group         0x00000000        0xc ./src/cr_startup_lpc175x_6x.o
 .text          0x00000000        0x0 ./src/cr_startup_lpc175x_6x.o
 .data          0x00000000        0x0 ./src/cr_startup_lpc175x_6x.o
 .bss           0x00000000        0x0 ./src/cr_startup_lpc175x_6x.o
 .group         0x00000000        0xc ./src/crp.o
 .group         0x00000000        0xc ./src/crp.o
 .text          0x00000000        0x0 ./src/crp.o
 .data          0x00000000        0x0 ./src/crp.o
 .bss           0x00000000        0x0 ./src/crp.o
 .crp           0x00000000        0x4 ./src/crp.o
 .debug_info    0x00000000       0x3f ./src/crp.o
 .debug_abbrev  0x00000000       0x36 ./src/crp.o
 .debug_aranges
                0x00000000       0x18 ./src/crp.o
 .debug_macro   0x00000000       0x1a ./src/crp.o
 .debug_macro   0x00000000      0xa66 ./src/crp.o
 .debug_macro   0x00000000       0x34 ./src/crp.o
 .debug_line    0x00000000       0xb1 ./src/crp.o
 .debug_str     0x00000000     0x2de1 ./src/crp.o
 .comment       0x00000000       0x80 ./src/crp.o
 .ARM.attributes
                0x00000000       0x33 ./src/crp.o
 .group         0x00000000        0xc ./src/funciones.o
 .group         0x00000000        0xc ./src/funciones.o
 .group         0x00000000        0xc ./src/funciones.o
 .group         0x00000000        0xc ./src/funciones.o
 .group         0x00000000        0xc ./src/funciones.o
 .group         0x00000000        0xc ./src/funciones.o
 .group         0x00000000        0xc ./src/funciones.o
 .group         0x00000000        0xc ./src/funciones.o
 .group         0x00000000        0xc ./src/funciones.o
 .group         0x00000000        0xc ./src/funciones.o
 .group         0x00000000        0xc ./src/funciones.o
 .group         0x00000000        0xc ./src/funciones.o
 .group         0x00000000        0xc ./src/funciones.o
 .group         0x00000000        0xc ./src/funciones.o
 .group         0x00000000        0xc ./src/funciones.o
 .group         0x00000000        0xc ./src/funciones.o
 .group         0x00000000        0xc ./src/funciones.o
 .group         0x00000000        0xc ./src/funciones.o
 .group         0x00000000        0xc ./src/funciones.o
 .group         0x00000000        0xc ./src/funciones.o
 .group         0x00000000        0xc ./src/funciones.o
 .group         0x00000000        0xc ./src/funciones.o
 .text          0x00000000        0x0 ./src/funciones.o
 .data          0x00000000        0x0 ./src/funciones.o
 .bss           0x00000000        0x0 ./src/funciones.o
 .debug_macro   0x00000000      0xa66 ./src/funciones.o
 .group         0x00000000        0xc ./src/main.o
 .group         0x00000000        0xc ./src/main.o
 .group         0x00000000        0xc ./src/main.o
 .group         0x00000000        0xc ./src/main.o
 .group         0x00000000        0xc ./src/main.o
 .group         0x00000000        0xc ./src/main.o
 .group         0x00000000        0xc ./src/main.o
 .group         0x00000000        0xc ./src/main.o
 .group         0x00000000        0xc ./src/main.o
 .group         0x00000000        0xc ./src/main.o
 .group         0x00000000        0xc ./src/main.o
 .group         0x00000000        0xc ./src/main.o
 .group         0x00000000        0xc ./src/main.o
 .group         0x00000000        0xc ./src/main.o
 .group         0x00000000        0xc ./src/main.o
 .group         0x00000000        0xc ./src/main.o
 .group         0x00000000        0xc ./src/main.o
 .group         0x00000000        0xc ./src/main.o
 .group         0x00000000        0xc ./src/main.o
 .group         0x00000000        0xc ./src/main.o
 .group         0x00000000        0xc ./src/main.o
 .group         0x00000000        0xc ./src/main.o
 .text          0x00000000        0x0 ./src/main.o
 .data          0x00000000        0x0 ./src/main.o
 .bss           0x00000000        0x0 ./src/main.o
 .debug_macro   0x00000000      0xa66 ./src/main.o
 .debug_macro   0x00000000       0x2e ./src/main.o
 .debug_macro   0x00000000      0x130 ./src/main.o
 .debug_macro   0x00000000       0x64 ./src/main.o
 .debug_macro   0x00000000      0x172 ./src/main.o
 .debug_macro   0x00000000      0x196 ./src/main.o
 .debug_macro   0x00000000       0x76 ./src/main.o
 .debug_macro   0x00000000      0x118 ./src/main.o
 .debug_macro   0x00000000       0x40 ./src/main.o
 .debug_macro   0x00000000       0x16 ./src/main.o
 .debug_macro   0x00000000       0x16 ./src/main.o
 .debug_macro   0x00000000       0x10 ./src/main.o
 .debug_macro   0x00000000       0x10 ./src/main.o
 .debug_macro   0x00000000       0x10 ./src/main.o
 .debug_macro   0x00000000       0x28 ./src/main.o
 .debug_macro   0x00000000      0x100 ./src/main.o
 .debug_macro   0x00000000       0x40 ./src/main.o
 .debug_macro   0x00000000       0x28 ./src/main.o
 .debug_macro   0x00000000       0x10 ./src/main.o
 .debug_macro   0x00000000       0x1c ./src/main.o
 .debug_macro   0x00000000       0x16 ./src/main.o
 .debug_macro   0x00000000       0x40 ./src/main.o
 .group         0x00000000        0xc C:\Users\Federico\Desktop\Informatica II\biblioteca\bibliotecaInfo2-Distribucion-060618\libbibliotecaInfoII.a(DR_RGB.o)
 .group         0x00000000        0xc C:\Users\Federico\Desktop\Informatica II\biblioteca\bibliotecaInfo2-Distribucion-060618\libbibliotecaInfoII.a(DR_RGB.o)
 .group         0x00000000        0xc C:\Users\Federico\Desktop\Informatica II\biblioteca\bibliotecaInfo2-Distribucion-060618\libbibliotecaInfoII.a(DR_RGB.o)
 .group         0x00000000        0xc C:\Users\Federico\Desktop\Informatica II\biblioteca\bibliotecaInfo2-Distribucion-060618\libbibliotecaInfoII.a(DR_RGB.o)
 .group         0x00000000        0xc C:\Users\Federico\Desktop\Informatica II\biblioteca\bibliotecaInfo2-Distribucion-060618\libbibliotecaInfoII.a(DR_RGB.o)
 .group         0x00000000        0xc C:\Users\Federico\Desktop\Informatica II\biblioteca\bibliotecaInfo2-Distribucion-060618\libbibliotecaInfoII.a(DR_RGB.o)
 .group         0x00000000        0xc C:\Users\Federico\Desktop\Informatica II\biblioteca\bibliotecaInfo2-Distribucion-060618\libbibliotecaInfoII.a(DR_RGB.o)
 .group         0x00000000        0xc C:\Users\Federico\Desktop\Informatica II\biblioteca\bibliotecaInfo2-Distribucion-060618\libbibliotecaInfoII.a(DR_RGB.o)
 .group         0x00000000        0xc C:\Users\Federico\Desktop\Informatica II\biblioteca\bibliotecaInfo2-Distribucion-060618\libbibliotecaInfoII.a(DR_RGB.o)
 .group         0x00000000        0xc C:\Users\Federico\Desktop\Informatica II\biblioteca\bibliotecaInfo2-Distribucion-060618\libbibliotecaInfoII.a(DR_RGB.o)
 .group         0x00000000        0xc C:\Users\Federico\Desktop\Informatica II\biblioteca\bibliotecaInfo2-Distribucion-060618\libbibliotecaInfoII.a(DR_RGB.o)
 .group         0x00000000        0xc C:\Users\Federico\Desktop\Informatica II\biblioteca\bibliotecaInfo2-Distribucion-060618\libbibliotecaInfoII.a(DR_RGB.o)
 .text          0x00000000        0x0 C:\Users\Federico\Desktop\Informatica II\biblioteca\bibliotecaInfo2-Distribucion-060618\libbibliotecaInfoII.a(DR_RGB.o)
 .data          0x00000000        0x0 C:\Users\Federico\Desktop\Informatica II\biblioteca\bibliotecaInfo2-Distribucion-060618\libbibliotecaInfoII.a(DR_RGB.o)
 .bss           0x00000000        0x0 C:\Users\Federico\Desktop\Informatica II\biblioteca\bibliotecaInfo2-Distribucion-060618\libbibliotecaInfoII.a(DR_RGB.o)
 .debug_macro   0x00000000       0x2e C:\Users\Federico\Desktop\Informatica II\biblioteca\bibliotecaInfo2-Distribucion-060618\libbibliotecaInfoII.a(DR_RGB.o)
 .debug_macro   0x00000000      0x172 C:\Users\Federico\Desktop\Informatica II\biblioteca\bibliotecaInfo2-Distribucion-060618\libbibliotecaInfoII.a(DR_RGB.o)
 .debug_macro   0x00000000       0x10 C:\Users\Federico\Desktop\Informatica II\biblioteca\bibliotecaInfo2-Distribucion-060618\libbibliotecaInfoII.a(DR_RGB.o)
 .debug_macro   0x00000000       0x10 C:\Users\Federico\Desktop\Informatica II\biblioteca\bibliotecaInfo2-Distribucion-060618\libbibliotecaInfoII.a(DR_RGB.o)
 .debug_macro   0x00000000       0x40 C:\Users\Federico\Desktop\Informatica II\biblioteca\bibliotecaInfo2-Distribucion-060618\libbibliotecaInfoII.a(DR_RGB.o)
 .debug_macro   0x00000000      0x118 C:\Users\Federico\Desktop\Informatica II\biblioteca\bibliotecaInfo2-Distribucion-060618\libbibliotecaInfoII.a(DR_RGB.o)
 .debug_macro   0x00000000       0x64 C:\Users\Federico\Desktop\Informatica II\biblioteca\bibliotecaInfo2-Distribucion-060618\libbibliotecaInfoII.a(DR_RGB.o)
 .debug_macro   0x00000000       0x10 C:\Users\Federico\Desktop\Informatica II\biblioteca\bibliotecaInfo2-Distribucion-060618\libbibliotecaInfoII.a(DR_RGB.o)
 .debug_macro   0x00000000       0x28 C:\Users\Federico\Desktop\Informatica II\biblioteca\bibliotecaInfo2-Distribucion-060618\libbibliotecaInfoII.a(DR_RGB.o)
 .debug_macro   0x00000000      0x100 C:\Users\Federico\Desktop\Informatica II\biblioteca\bibliotecaInfo2-Distribucion-060618\libbibliotecaInfoII.a(DR_RGB.o)
 .group         0x00000000        0xc C:\Users\Federico\Desktop\Informatica II\biblioteca\bibliotecaInfo2-Distribucion-060618\libbibliotecaInfoII.a(DR_Teclado.o)
 .group         0x00000000        0xc C:\Users\Federico\Desktop\Informatica II\biblioteca\bibliotecaInfo2-Distribucion-060618\libbibliotecaInfoII.a(DR_Teclado.o)
 .group         0x00000000        0xc C:\Users\Federico\Desktop\Informatica II\biblioteca\bibliotecaInfo2-Distribucion-060618\libbibliotecaInfoII.a(DR_Teclado.o)
 .group         0x00000000        0xc C:\Users\Federico\Desktop\Informatica II\biblioteca\bibliotecaInfo2-Distribucion-060618\libbibliotecaInfoII.a(DR_Teclado.o)
 .group         0x00000000        0xc C:\Users\Federico\Desktop\Informatica II\biblioteca\bibliotecaInfo2-Distribucion-060618\libbibliotecaInfoII.a(DR_Teclado.o)
 .group         0x00000000        0xc C:\Users\Federico\Desktop\Informatica II\biblioteca\bibliotecaInfo2-Distribucion-060618\libbibliotecaInfoII.a(DR_Teclado.o)
 .group         0x00000000        0xc C:\Users\Federico\Desktop\Informatica II\biblioteca\bibliotecaInfo2-Distribucion-060618\libbibliotecaInfoII.a(DR_Teclado.o)
 .group         0x00000000        0xc C:\Users\Federico\Desktop\Informatica II\biblioteca\bibliotecaInfo2-Distribucion-060618\libbibliotecaInfoII.a(DR_Teclado.o)
 .group         0x00000000        0xc C:\Users\Federico\Desktop\Informatica II\biblioteca\bibliotecaInfo2-Distribucion-060618\libbibliotecaInfoII.a(DR_Teclado.o)
 .group         0x00000000        0xc C:\Users\Federico\Desktop\Informatica II\biblioteca\bibliotecaInfo2-Distribucion-060618\libbibliotecaInfoII.a(DR_Teclado.o)
 .group         0x00000000        0xc C:\Users\Federico\Desktop\Informatica II\biblioteca\bibliotecaInfo2-Distribucion-060618\libbibliotecaInfoII.a(DR_Teclado.o)
 .group         0x00000000        0xc C:\Users\Federico\Desktop\Informatica II\biblioteca\bibliotecaInfo2-Distribucion-060618\libbibliotecaInfoII.a(DR_Teclado.o)
 .group         0x00000000        0xc C:\Users\Federico\Desktop\Informatica II\biblioteca\bibliotecaInfo2-Distribucion-060618\libbibliotecaInfoII.a(DR_Teclado.o)
 .text          0x00000000        0x0 C:\Users\Federico\Desktop\Informatica II\biblioteca\bibliotecaInfo2-Distribucion-060618\libbibliotecaInfoII.a(DR_Teclado.o)
 .data          0x00000000        0x0 C:\Users\Federico\Desktop\Informatica II\biblioteca\bibliotecaInfo2-Distribucion-060618\libbibliotecaInfoII.a(DR_Teclado.o)
 .bss           0x00000000        0x0 C:\Users\Federico\Desktop\Informatica II\biblioteca\bibliotecaInfo2-Distribucion-060618\libbibliotecaInfoII.a(DR_Teclado.o)
 .data.Tecla    0x00000000        0x1 C:\Users\Federico\Desktop\Informatica II\biblioteca\bibliotecaInfo2-Distribucion-060618\libbibliotecaInfoII.a(DR_Teclado.o)
 .text.DriverTecladoSW
                0x00000000       0x98 C:\Users\Federico\Desktop\Informatica II\biblioteca\bibliotecaInfo2-Distribucion-060618\libbibliotecaInfoII.a(DR_Teclado.o)
 .text.DriverTecladoHW
                0x00000000       0x64 C:\Users\Federico\Desktop\Informatica II\biblioteca\bibliotecaInfo2-Distribucion-060618\libbibliotecaInfoII.a(DR_Teclado.o)
 .data.CodigoAnterior.3725
                0x00000000        0x1 C:\Users\Federico\Desktop\Informatica II\biblioteca\bibliotecaInfo2-Distribucion-060618\libbibliotecaInfoII.a(DR_Teclado.o)
 .bss.EstadosEstables.3726
                0x00000000        0x1 C:\Users\Federico\Desktop\Informatica II\biblioteca\bibliotecaInfo2-Distribucion-060618\libbibliotecaInfoII.a(DR_Teclado.o)
 .debug_macro   0x00000000      0xa66 C:\Users\Federico\Desktop\Informatica II\biblioteca\bibliotecaInfo2-Distribucion-060618\libbibliotecaInfoII.a(DR_Teclado.o)
 .debug_macro   0x00000000       0x2e C:\Users\Federico\Desktop\Informatica II\biblioteca\bibliotecaInfo2-Distribucion-060618\libbibliotecaInfoII.a(DR_Teclado.o)
 .debug_macro   0x00000000       0x64 C:\Users\Federico\Desktop\Informatica II\biblioteca\bibliotecaInfo2-Distribucion-060618\libbibliotecaInfoII.a(DR_Teclado.o)
 .debug_macro   0x00000000      0x172 C:\Users\Federico\Desktop\Informatica II\biblioteca\bibliotecaInfo2-Distribucion-060618\libbibliotecaInfoII.a(DR_Teclado.o)
 .debug_macro   0x00000000       0x10 C:\Users\Federico\Desktop\Informatica II\biblioteca\bibliotecaInfo2-Distribucion-060618\libbibliotecaInfoII.a(DR_Teclado.o)
 .debug_macro   0x00000000       0x10 C:\Users\Federico\Desktop\Informatica II\biblioteca\bibliotecaInfo2-Distribucion-060618\libbibliotecaInfoII.a(DR_Teclado.o)
 .debug_macro   0x00000000       0x10 C:\Users\Federico\Desktop\Informatica II\biblioteca\bibliotecaInfo2-Distribucion-060618\libbibliotecaInfoII.a(DR_Teclado.o)
 .debug_macro   0x00000000       0x40 C:\Users\Federico\Desktop\Informatica II\biblioteca\bibliotecaInfo2-Distribucion-060618\libbibliotecaInfoII.a(DR_Teclado.o)
 .debug_macro   0x00000000      0x118 C:\Users\Federico\Desktop\Informatica II\biblioteca\bibliotecaInfo2-Distribucion-060618\libbibliotecaInfoII.a(DR_Teclado.o)
 .debug_macro   0x00000000       0x10 C:\Users\Federico\Desktop\Informatica II\biblioteca\bibliotecaInfo2-Distribucion-060618\libbibliotecaInfoII.a(DR_Teclado.o)
 .debug_macro   0x00000000       0x28 C:\Users\Federico\Desktop\Informatica II\biblioteca\bibliotecaInfo2-Distribucion-060618\libbibliotecaInfoII.a(DR_Teclado.o)
 .debug_macro   0x00000000      0x100 C:\Users\Federico\Desktop\Informatica II\biblioteca\bibliotecaInfo2-Distribucion-060618\libbibliotecaInfoII.a(DR_Teclado.o)
 .group         0x00000000        0xc C:\Users\Federico\Desktop\Informatica II\biblioteca\bibliotecaInfo2-Distribucion-060618\libbibliotecaInfoII.a(DR_gpio.o)
 .group         0x00000000        0xc C:\Users\Federico\Desktop\Informatica II\biblioteca\bibliotecaInfo2-Distribucion-060618\libbibliotecaInfoII.a(DR_gpio.o)
 .group         0x00000000        0xc C:\Users\Federico\Desktop\Informatica II\biblioteca\bibliotecaInfo2-Distribucion-060618\libbibliotecaInfoII.a(DR_gpio.o)
 .text          0x00000000        0x0 C:\Users\Federico\Desktop\Informatica II\biblioteca\bibliotecaInfo2-Distribucion-060618\libbibliotecaInfoII.a(DR_gpio.o)
 .data          0x00000000        0x0 C:\Users\Federico\Desktop\Informatica II\biblioteca\bibliotecaInfo2-Distribucion-060618\libbibliotecaInfoII.a(DR_gpio.o)
 .bss           0x00000000        0x0 C:\Users\Federico\Desktop\Informatica II\biblioteca\bibliotecaInfo2-Distribucion-060618\libbibliotecaInfoII.a(DR_gpio.o)
 .debug_macro   0x00000000      0xa66 C:\Users\Federico\Desktop\Informatica II\biblioteca\bibliotecaInfo2-Distribucion-060618\libbibliotecaInfoII.a(DR_gpio.o)
 .debug_macro   0x00000000       0x2e C:\Users\Federico\Desktop\Informatica II\biblioteca\bibliotecaInfo2-Distribucion-060618\libbibliotecaInfoII.a(DR_gpio.o)
 .group         0x00000000        0xc C:\Users\Federico\Desktop\Informatica II\biblioteca\bibliotecaInfo2-Distribucion-060618\libbibliotecaInfoII.a(DR_pinsel.o)
 .group         0x00000000        0xc C:\Users\Federico\Desktop\Informatica II\biblioteca\bibliotecaInfo2-Distribucion-060618\libbibliotecaInfoII.a(DR_pinsel.o)
 .group         0x00000000        0xc C:\Users\Federico\Desktop\Informatica II\biblioteca\bibliotecaInfo2-Distribucion-060618\libbibliotecaInfoII.a(DR_pinsel.o)
 .text          0x00000000        0x0 C:\Users\Federico\Desktop\Informatica II\biblioteca\bibliotecaInfo2-Distribucion-060618\libbibliotecaInfoII.a(DR_pinsel.o)
 .data          0x00000000        0x0 C:\Users\Federico\Desktop\Informatica II\biblioteca\bibliotecaInfo2-Distribucion-060618\libbibliotecaInfoII.a(DR_pinsel.o)
 .bss           0x00000000        0x0 C:\Users\Federico\Desktop\Informatica II\biblioteca\bibliotecaInfo2-Distribucion-060618\libbibliotecaInfoII.a(DR_pinsel.o)
 .debug_macro   0x00000000      0xa66 C:\Users\Federico\Desktop\Informatica II\biblioteca\bibliotecaInfo2-Distribucion-060618\libbibliotecaInfoII.a(DR_pinsel.o)
 .debug_macro   0x00000000       0x2e C:\Users\Federico\Desktop\Informatica II\biblioteca\bibliotecaInfo2-Distribucion-060618\libbibliotecaInfoII.a(DR_pinsel.o)
 .group         0x00000000        0xc C:\Users\Federico\Desktop\Informatica II\biblioteca\bibliotecaInfo2-Distribucion-060618\libbibliotecaInfoII.a(PR_RGB.o)
 .group         0x00000000        0xc C:\Users\Federico\Desktop\Informatica II\biblioteca\bibliotecaInfo2-Distribucion-060618\libbibliotecaInfoII.a(PR_RGB.o)
 .group         0x00000000        0xc C:\Users\Federico\Desktop\Informatica II\biblioteca\bibliotecaInfo2-Distribucion-060618\libbibliotecaInfoII.a(PR_RGB.o)
 .group         0x00000000        0xc C:\Users\Federico\Desktop\Informatica II\biblioteca\bibliotecaInfo2-Distribucion-060618\libbibliotecaInfoII.a(PR_RGB.o)
 .group         0x00000000        0xc C:\Users\Federico\Desktop\Informatica II\biblioteca\bibliotecaInfo2-Distribucion-060618\libbibliotecaInfoII.a(PR_RGB.o)
 .group         0x00000000        0xc C:\Users\Federico\Desktop\Informatica II\biblioteca\bibliotecaInfo2-Distribucion-060618\libbibliotecaInfoII.a(PR_RGB.o)
 .group         0x00000000        0xc C:\Users\Federico\Desktop\Informatica II\biblioteca\bibliotecaInfo2-Distribucion-060618\libbibliotecaInfoII.a(PR_RGB.o)
 .group         0x00000000        0xc C:\Users\Federico\Desktop\Informatica II\biblioteca\bibliotecaInfo2-Distribucion-060618\libbibliotecaInfoII.a(PR_RGB.o)
 .group         0x00000000        0xc C:\Users\Federico\Desktop\Informatica II\biblioteca\bibliotecaInfo2-Distribucion-060618\libbibliotecaInfoII.a(PR_RGB.o)
 .group         0x00000000        0xc C:\Users\Federico\Desktop\Informatica II\biblioteca\bibliotecaInfo2-Distribucion-060618\libbibliotecaInfoII.a(PR_RGB.o)
 .group         0x00000000        0xc C:\Users\Federico\Desktop\Informatica II\biblioteca\bibliotecaInfo2-Distribucion-060618\libbibliotecaInfoII.a(PR_RGB.o)
 .group         0x00000000        0xc C:\Users\Federico\Desktop\Informatica II\biblioteca\bibliotecaInfo2-Distribucion-060618\libbibliotecaInfoII.a(PR_RGB.o)
 .group         0x00000000        0xc C:\Users\Federico\Desktop\Informatica II\biblioteca\bibliotecaInfo2-Distribucion-060618\libbibliotecaInfoII.a(PR_RGB.o)
 .text          0x00000000        0x0 C:\Users\Federico\Desktop\Informatica II\biblioteca\bibliotecaInfo2-Distribucion-060618\libbibliotecaInfoII.a(PR_RGB.o)
 .data          0x00000000        0x0 C:\Users\Federico\Desktop\Informatica II\biblioteca\bibliotecaInfo2-Distribucion-060618\libbibliotecaInfoII.a(PR_RGB.o)
 .bss           0x00000000        0x0 C:\Users\Federico\Desktop\Informatica II\biblioteca\bibliotecaInfo2-Distribucion-060618\libbibliotecaInfoII.a(PR_RGB.o)
 .debug_macro   0x00000000      0xa66 C:\Users\Federico\Desktop\Informatica II\biblioteca\bibliotecaInfo2-Distribucion-060618\libbibliotecaInfoII.a(PR_RGB.o)
 .debug_macro   0x00000000       0x2e C:\Users\Federico\Desktop\Informatica II\biblioteca\bibliotecaInfo2-Distribucion-060618\libbibliotecaInfoII.a(PR_RGB.o)
 .debug_macro   0x00000000      0x172 C:\Users\Federico\Desktop\Informatica II\biblioteca\bibliotecaInfo2-Distribucion-060618\libbibliotecaInfoII.a(PR_RGB.o)
 .debug_macro   0x00000000       0x10 C:\Users\Federico\Desktop\Informatica II\biblioteca\bibliotecaInfo2-Distribucion-060618\libbibliotecaInfoII.a(PR_RGB.o)
 .debug_macro   0x00000000       0x10 C:\Users\Federico\Desktop\Informatica II\biblioteca\bibliotecaInfo2-Distribucion-060618\libbibliotecaInfoII.a(PR_RGB.o)
 .debug_macro   0x00000000       0x10 C:\Users\Federico\Desktop\Informatica II\biblioteca\bibliotecaInfo2-Distribucion-060618\libbibliotecaInfoII.a(PR_RGB.o)
 .debug_macro   0x00000000       0x40 C:\Users\Federico\Desktop\Informatica II\biblioteca\bibliotecaInfo2-Distribucion-060618\libbibliotecaInfoII.a(PR_RGB.o)
 .debug_macro   0x00000000      0x118 C:\Users\Federico\Desktop\Informatica II\biblioteca\bibliotecaInfo2-Distribucion-060618\libbibliotecaInfoII.a(PR_RGB.o)
 .debug_macro   0x00000000       0x64 C:\Users\Federico\Desktop\Informatica II\biblioteca\bibliotecaInfo2-Distribucion-060618\libbibliotecaInfoII.a(PR_RGB.o)
 .debug_macro   0x00000000       0x10 C:\Users\Federico\Desktop\Informatica II\biblioteca\bibliotecaInfo2-Distribucion-060618\libbibliotecaInfoII.a(PR_RGB.o)
 .debug_macro   0x00000000       0x28 C:\Users\Federico\Desktop\Informatica II\biblioteca\bibliotecaInfo2-Distribucion-060618\libbibliotecaInfoII.a(PR_RGB.o)
 .debug_macro   0x00000000      0x100 C:\Users\Federico\Desktop\Informatica II\biblioteca\bibliotecaInfo2-Distribucion-060618\libbibliotecaInfoII.a(PR_RGB.o)
 .text          0x00000000        0x0 c:/nxp/mcuxpressoide_10.3.0_2200/ide/plugins/com.nxp.mcuxpresso.tools.win32_10.3.0.201811011841/tools/bin/../lib/gcc/arm-none-eabi/7.3.1/../../../../arm-none-eabi/lib/thumb/v7-m\libcr_c.a(__weak__main.o)
 .data          0x00000000        0x0 c:/nxp/mcuxpressoide_10.3.0_2200/ide/plugins/com.nxp.mcuxpresso.tools.win32_10.3.0.201811011841/tools/bin/../lib/gcc/arm-none-eabi/7.3.1/../../../../arm-none-eabi/lib/thumb/v7-m\libcr_c.a(__weak__main.o)
 .bss           0x00000000        0x0 c:/nxp/mcuxpressoide_10.3.0_2200/ide/plugins/com.nxp.mcuxpresso.tools.win32_10.3.0.201811011841/tools/bin/../lib/gcc/arm-none-eabi/7.3.1/../../../../arm-none-eabi/lib/thumb/v7-m\libcr_c.a(__weak__main.o)

Memory Configuration

Name             Origin             Length             Attributes
MFlash512        0x00000000         0x00080000         xr
RamLoc32         0x10000000         0x00008000         xrw
RamAHB32         0x2007c000         0x00008000         xrw
*default*        0x00000000         0xffffffff

Linker script and memory map

LOAD ./src/cr_startup_lpc175x_6x.o
LOAD ./src/crp.o
LOAD ./src/funciones.o
LOAD ./src/main.o
LOAD C:\Users\Federico\Desktop\Informatica II\biblioteca\bibliotecaInfo2-Distribucion-060618\libbibliotecaInfoII.a
START GROUP
LOAD c:/nxp/mcuxpressoide_10.3.0_2200/ide/plugins/com.nxp.mcuxpresso.tools.win32_10.3.0.201811011841/tools/bin/../lib/gcc/arm-none-eabi/7.3.1/../../../../arm-none-eabi/lib/thumb/v7-m\libcr_c.a
LOAD c:/nxp/mcuxpressoide_10.3.0_2200/ide/plugins/com.nxp.mcuxpresso.tools.win32_10.3.0.201811011841/tools/bin/../lib/gcc/arm-none-eabi/7.3.1/thumb/v7-m\libcr_eabihelpers.a
END GROUP
                0x00000000                __base_MFlash512 = 0x0
                0x00000000                __base_Flash = 0x0
                0x00080000                __top_MFlash512 = 0x80000
                0x00080000                __top_Flash = 0x80000
                0x10000000                __base_RamLoc32 = 0x10000000
                0x10000000                __base_RAM = 0x10000000
                0x10008000                __top_RamLoc32 = 0x10008000
                0x10008000                __top_RAM = 0x10008000
                0x2007c000                __base_RamAHB32 = 0x2007c000
                0x2007c000                __base_RAM2 = 0x2007c000
                0x20084000                __top_RamAHB32 = 0x20084000
                0x20084000                __top_RAM2 = 0x20084000

.text           0x00000000      0x898
 FILL mask 0xff
                0x00000000                __vectors_start__ = ABSOLUTE (.)
 *(.isr_vector)
 .isr_vector    0x00000000       0xcc ./src/cr_startup_lpc175x_6x.o
                0x00000000                g_pfnVectors
                0x000000cc                . = ALIGN (0x4)
                0x000000cc                __section_table_start = .
                0x000000cc                __data_section_table = .
                0x000000cc        0x4 LONG 0x898 LOADADDR (.data)
                0x000000d0        0x4 LONG 0x10000000 ADDR (.data)
                0x000000d4        0x4 LONG 0x4 SIZEOF (.data)
                0x000000d8        0x4 LONG 0x898 LOADADDR (.data_RAM2)
                0x000000dc        0x4 LONG 0x2007c000 ADDR (.data_RAM2)
                0x000000e0        0x4 LONG 0x0 SIZEOF (.data_RAM2)
                0x000000e4                __data_section_table_end = .
                0x000000e4                __bss_section_table = .
                0x000000e4        0x4 LONG 0x10000004 ADDR (.bss)
                0x000000e8        0x4 LONG 0xc SIZEOF (.bss)
                0x000000ec        0x4 LONG 0x2007c000 ADDR (.bss_RAM2)
                0x000000f0        0x4 LONG 0x0 SIZEOF (.bss_RAM2)
                0x000000f4                __bss_section_table_end = .
                0x000000f4                __section_table_end = .
 *(.after_vectors*)
 .after_vectors
                0x000000f4      0x128 ./src/cr_startup_lpc175x_6x.o
                0x000000f4                data_init
                0x00000136                bss_init
                0x0000016c                ResetISR
                0x000001e0                NMI_Handler
                0x000001e6                HardFault_Handler
                0x000001ec                MemManage_Handler
                0x000001f2                BusFault_Handler
                0x000001f8                UsageFault_Handler
                0x000001fe                SVC_Handler
                0x00000204                DebugMon_Handler
                0x0000020a                PendSV_Handler
                0x00000210                SysTick_Handler
                0x00000216                EINT3_IRQHandler
                0x00000216                CANActivity_IRQHandler
                0x00000216                TIMER3_IRQHandler
                0x00000216                UART0_IRQHandler
                0x00000216                UART1_IRQHandler
                0x00000216                EINT2_IRQHandler
                0x00000216                USBActivity_IRQHandler
                0x00000216                IntDefaultHandler
                0x00000216                PLL0_IRQHandler
                0x00000216                I2C0_IRQHandler
                0x00000216                I2C1_IRQHandler
                0x00000216                SSP0_IRQHandler
                0x00000216                I2S_IRQHandler
                0x00000216                I2C2_IRQHandler
                0x00000216                RTC_IRQHandler
                0x00000216                TIMER0_IRQHandler
                0x00000216                SPI_IRQHandler
                0x00000216                RIT_IRQHandler
                0x00000216                EINT1_IRQHandler
                0x00000216                TIMER1_IRQHandler
                0x00000216                UART2_IRQHandler
                0x00000216                ADC_IRQHandler
                0x00000216                SSP1_IRQHandler
                0x00000216                USB_IRQHandler
                0x00000216                BOD_IRQHandler
                0x00000216                PLL1_IRQHandler
                0x00000216                WDT_IRQHandler
                0x00000216                PWM1_IRQHandler
                0x00000216                QEI_IRQHandler
                0x00000216                EINT0_IRQHandler
                0x00000216                CAN_IRQHandler
                0x00000216                DMA_IRQHandler
                0x00000216                TIMER2_IRQHandler
                0x00000216                UART3_IRQHandler
                0x00000216                MCPWM_IRQHandler
                0x00000216                ENET_IRQHandler
 *(.text*)
 .text.maquina_estado
                0x0000021c      0x1f4 ./src/funciones.o
                0x0000021c                maquina_estado
 .text.inicializar
                0x00000410       0x28 ./src/funciones.o
                0x00000410                inicializar
 .text.mostrar_Display
                0x00000438       0x92 ./src/funciones.o
                0x00000438                mostrar_Display
 .text.consultar
                0x000004ca       0x34 ./src/funciones.o
                0x000004ca                consultar
 .text.main     0x000004fe        0xe ./src/main.o
                0x000004fe                main
 .text.InicializarRGB
                0x0000050c       0x44 C:\Users\Federico\Desktop\Informatica II\biblioteca\bibliotecaInfo2-Distribucion-060618\libbibliotecaInfoII.a(DR_RGB.o)
                0x0000050c                InicializarRGB
 .text.InicializarTeclado
                0x00000550       0x80 C:\Users\Federico\Desktop\Informatica II\biblioteca\bibliotecaInfo2-Distribucion-060618\libbibliotecaInfoII.a(DR_Teclado.o)
                0x00000550                InicializarTeclado
 .text.SetDIR   0x000005d0       0x78 C:\Users\Federico\Desktop\Informatica II\biblioteca\bibliotecaInfo2-Distribucion-060618\libbibliotecaInfoII.a(DR_gpio.o)
                0x000005d0                SetDIR
 .text.SetPIN   0x00000648       0x7c C:\Users\Federico\Desktop\Informatica II\biblioteca\bibliotecaInfo2-Distribucion-060618\libbibliotecaInfoII.a(DR_gpio.o)
                0x00000648                SetPIN
 .text.SetMODE  0x000006c4       0xa0 C:\Users\Federico\Desktop\Informatica II\biblioteca\bibliotecaInfo2-Distribucion-060618\libbibliotecaInfoII.a(DR_gpio.o)
                0x000006c4                SetMODE
 .text.GetPIN   0x00000764       0x54 C:\Users\Federico\Desktop\Informatica II\biblioteca\bibliotecaInfo2-Distribucion-060618\libbibliotecaInfoII.a(DR_gpio.o)
                0x00000764                GetPIN
 .text.SetPINSEL
                0x000007b8       0x8a C:\Users\Federico\Desktop\Informatica II\biblioteca\bibliotecaInfo2-Distribucion-060618\libbibliotecaInfoII.a(DR_pinsel.o)
                0x000007b8                SetPINSEL
 .text.LedsRGB  0x00000842       0x52 C:\Users\Federico\Desktop\Informatica II\biblioteca\bibliotecaInfo2-Distribucion-060618\libbibliotecaInfoII.a(PR_RGB.o)
                0x00000842                LedsRGB
 .text.__weak_main
                0x00000894        0x4 c:/nxp/mcuxpressoide_10.3.0_2200/ide/plugins/com.nxp.mcuxpresso.tools.win32_10.3.0.201811011841/tools/bin/../lib/gcc/arm-none-eabi/7.3.1/../../../../arm-none-eabi/lib/thumb/v7-m\libcr_c.a(__weak__main.o)
                0x00000894                __weak_main
                0x00000894                __main
 *(.rodata .rodata.* .constdata .constdata.*)
                0x00000898                . = ALIGN (0x4)

.glue_7         0x00000898        0x0
 .glue_7        0x00000898        0x0 linker stubs

.glue_7t        0x00000898        0x0
 .glue_7t       0x00000898        0x0 linker stubs

.vfp11_veneer   0x00000898        0x0
 .vfp11_veneer  0x00000898        0x0 linker stubs

.v4_bx          0x00000898        0x0
 .v4_bx         0x00000898        0x0 linker stubs

.iplt           0x00000898        0x0
 .iplt          0x00000898        0x0 ./src/cr_startup_lpc175x_6x.o

.rel.dyn        0x00000898        0x0
 .rel.iplt      0x00000898        0x0 ./src/cr_startup_lpc175x_6x.o

.ARM.extab
 *(.ARM.extab* .gnu.linkonce.armextab.*)
                0x00000898                __exidx_start = .

.ARM.exidx
 *(.ARM.exidx* .gnu.linkonce.armexidx.*)
                0x00000898                __exidx_end = .
                0x00000898                _etext = .

.data_RAM2      0x2007c000        0x0 load address 0x00000898
 FILL mask 0xff
                [!provide]                PROVIDE (__start_data_RAM2 = .)
 *(.ramfunc.$RAM2)
 *(.ramfunc.$RamAHB32)
 *(.data.$RAM2*)
 *(.data.$RamAHB32*)
                0x2007c000                . = ALIGN (0x4)
                [!provide]                PROVIDE (__end_data_RAM2 = .)

.uninit_RESERVED
                0x10000000        0x0
 *(.bss.$RESERVED*)
                0x10000000                . = ALIGN (0x4)
                0x10000000                _end_uninit_RESERVED = .

.data           0x10000000        0x4 load address 0x00000898
 FILL mask 0xff
                0x10000000                _data = .
 *(vtable)
 *(.ramfunc*)
 *(.data*)
 .data.estado.3841
                0x10000000        0x4 ./src/funciones.o
                0x10000004                . = ALIGN (0x4)
                0x10000004                _edata = .

.igot.plt       0x10000004        0x0 load address 0x0000089c
 .igot.plt      0x10000004        0x0 ./src/cr_startup_lpc175x_6x.o

.bss_RAM2       0x2007c000        0x0
                [!provide]                PROVIDE (__start_bss_RAM2 = .)
 *(.bss.$RAM2*)
 *(.bss.$RamAHB32*)
                0x2007c000                . = ALIGN ((. != 0x0)?0x4:0x1)
                [!provide]                PROVIDE (__end_bss_RAM2 = .)

.bss            0x10000004        0xc
                0x10000004                _bss = .
 *(.bss*)
 .bss.pulsador1
                0x10000004        0x4 ./src/funciones.o
                0x10000004                pulsador1
 .bss.pulsador2
                0x10000008        0x4 ./src/funciones.o
                0x10000008                pulsador2
 .bss.pulsador3
                0x1000000c        0x4 ./src/funciones.o
                0x1000000c                pulsador3
 *(COMMON)
                0x10000010                . = ALIGN (0x4)
                0x10000010                _ebss = .
                [!provide]                PROVIDE (end = .)

.noinit_RAM2    0x2007c000        0x0
 *(.noinit.$RAM2*)
 *(.noinit.$RamAHB32*)
                0x2007c000                . = ALIGN (0x4)

.noinit         0x10000010        0x0
                0x10000010                _noinit = .
 *(.noinit*)
                0x10000010                . = ALIGN (0x4)
                0x10000010                _end_noinit = .
                [!provide]                PROVIDE (_pvHeapStart = DEFINED (__user_heap_base)?__user_heap_base:.)
                0x10008000                PROVIDE (_vStackTop = DEFINED (__user_stack_top)?__user_stack_top:(__top_RamLoc32 - 0x0))
                0xefff74f2                PROVIDE (__valid_user_code_checksum = (0x0 - ((((((_vStackTop + (ResetISR + 0x1)) + (NMI_Handler + 0x1)) + (HardFault_Handler + 0x1)) + (DEFINED (MemManage_Handler)?MemManage_Handler:0x0 + 0x1)) + (DEFINED (BusFault_Handler)?BusFault_Handler:0x0 + 0x1)) + (DEFINED (UsageFault_Handler)?UsageFault_Handler:0x0 + 0x1))))
                0x00000000                _image_start = LOADADDR (.text)
                0x0000089c                _image_end = (LOADADDR (.data) + SIZEOF (.data))
                0x0000089c                _image_size = (_image_end - _image_start)
OUTPUT(Teclado_Y_Display.axf elf32-littlearm)

.debug_info     0x00000000      0xce1
 .debug_info    0x00000000      0x255 ./src/cr_startup_lpc175x_6x.o
 .debug_info    0x00000255      0x26f ./src/funciones.o
 .debug_info    0x000004c4      0x1aa ./src/main.o
 .debug_info    0x0000066e      0x123 C:\Users\Federico\Desktop\Informatica II\biblioteca\bibliotecaInfo2-Distribucion-060618\libbibliotecaInfoII.a(DR_RGB.o)
 .debug_info    0x00000791      0x1a9 C:\Users\Federico\Desktop\Informatica II\biblioteca\bibliotecaInfo2-Distribucion-060618\libbibliotecaInfoII.a(DR_Teclado.o)
 .debug_info    0x0000093a      0x1c1 C:\Users\Federico\Desktop\Informatica II\biblioteca\bibliotecaInfo2-Distribucion-060618\libbibliotecaInfoII.a(DR_gpio.o)
 .debug_info    0x00000afb       0xa6 C:\Users\Federico\Desktop\Informatica II\biblioteca\bibliotecaInfo2-Distribucion-060618\libbibliotecaInfoII.a(DR_pinsel.o)
 .debug_info    0x00000ba1      0x140 C:\Users\Federico\Desktop\Informatica II\biblioteca\bibliotecaInfo2-Distribucion-060618\libbibliotecaInfoII.a(PR_RGB.o)

.debug_abbrev   0x00000000      0x629
 .debug_abbrev  0x00000000      0x114 ./src/cr_startup_lpc175x_6x.o
 .debug_abbrev  0x00000114      0x11d ./src/funciones.o
 .debug_abbrev  0x00000231       0x91 ./src/main.o
 .debug_abbrev  0x000002c2       0x91 C:\Users\Federico\Desktop\Informatica II\biblioteca\bibliotecaInfo2-Distribucion-060618\libbibliotecaInfoII.a(DR_RGB.o)
 .debug_abbrev  0x00000353       0xe3 C:\Users\Federico\Desktop\Informatica II\biblioteca\bibliotecaInfo2-Distribucion-060618\libbibliotecaInfoII.a(DR_Teclado.o)
 .debug_abbrev  0x00000436       0xd4 C:\Users\Federico\Desktop\Informatica II\biblioteca\bibliotecaInfo2-Distribucion-060618\libbibliotecaInfoII.a(DR_gpio.o)
 .debug_abbrev  0x0000050a       0x70 C:\Users\Federico\Desktop\Informatica II\biblioteca\bibliotecaInfo2-Distribucion-060618\libbibliotecaInfoII.a(DR_pinsel.o)
 .debug_abbrev  0x0000057a       0xaf C:\Users\Federico\Desktop\Informatica II\biblioteca\bibliotecaInfo2-Distribucion-060618\libbibliotecaInfoII.a(PR_RGB.o)

.debug_aranges  0x00000000      0x1a0
 .debug_aranges
                0x00000000       0x80 ./src/cr_startup_lpc175x_6x.o
 .debug_aranges
                0x00000080       0x38 ./src/funciones.o
 .debug_aranges
                0x000000b8       0x20 ./src/main.o
 .debug_aranges
                0x000000d8       0x20 C:\Users\Federico\Desktop\Informatica II\biblioteca\bibliotecaInfo2-Distribucion-060618\libbibliotecaInfoII.a(DR_RGB.o)
 .debug_aranges
                0x000000f8       0x30 C:\Users\Federico\Desktop\Informatica II\biblioteca\bibliotecaInfo2-Distribucion-060618\libbibliotecaInfoII.a(DR_Teclado.o)
 .debug_aranges
                0x00000128       0x38 C:\Users\Federico\Desktop\Informatica II\biblioteca\bibliotecaInfo2-Distribucion-060618\libbibliotecaInfoII.a(DR_gpio.o)
 .debug_aranges
                0x00000160       0x20 C:\Users\Federico\Desktop\Informatica II\biblioteca\bibliotecaInfo2-Distribucion-060618\libbibliotecaInfoII.a(DR_pinsel.o)
 .debug_aranges
                0x00000180       0x20 C:\Users\Federico\Desktop\Informatica II\biblioteca\bibliotecaInfo2-Distribucion-060618\libbibliotecaInfoII.a(PR_RGB.o)

.debug_ranges   0x00000000      0x120
 .debug_ranges  0x00000000       0x70 ./src/cr_startup_lpc175x_6x.o
 .debug_ranges  0x00000070       0x28 ./src/funciones.o
 .debug_ranges  0x00000098       0x10 ./src/main.o
 .debug_ranges  0x000000a8       0x10 C:\Users\Federico\Desktop\Informatica II\biblioteca\bibliotecaInfo2-Distribucion-060618\libbibliotecaInfoII.a(DR_RGB.o)
 .debug_ranges  0x000000b8       0x20 C:\Users\Federico\Desktop\Informatica II\biblioteca\bibliotecaInfo2-Distribucion-060618\libbibliotecaInfoII.a(DR_Teclado.o)
 .debug_ranges  0x000000d8       0x28 C:\Users\Federico\Desktop\Informatica II\biblioteca\bibliotecaInfo2-Distribucion-060618\libbibliotecaInfoII.a(DR_gpio.o)
 .debug_ranges  0x00000100       0x10 C:\Users\Federico\Desktop\Informatica II\biblioteca\bibliotecaInfo2-Distribucion-060618\libbibliotecaInfoII.a(DR_pinsel.o)
 .debug_ranges  0x00000110       0x10 C:\Users\Federico\Desktop\Informatica II\biblioteca\bibliotecaInfo2-Distribucion-060618\libbibliotecaInfoII.a(PR_RGB.o)

.debug_macro    0x00000000     0x2531
 .debug_macro   0x00000000       0x1d ./src/cr_startup_lpc175x_6x.o
 .debug_macro   0x0000001d      0xa66 ./src/cr_startup_lpc175x_6x.o
 .debug_macro   0x00000a83      0x176 ./src/funciones.o
 .debug_macro   0x00000bf9       0x2e ./src/funciones.o
 .debug_macro   0x00000c27      0x130 ./src/funciones.o
 .debug_macro   0x00000d57       0x64 ./src/funciones.o
 .debug_macro   0x00000dbb      0x172 ./src/funciones.o
 .debug_macro   0x00000f2d      0x196 ./src/funciones.o
 .debug_macro   0x000010c3       0x76 ./src/funciones.o
 .debug_macro   0x00001139      0x118 ./src/funciones.o
 .debug_macro   0x00001251       0x40 ./src/funciones.o
 .debug_macro   0x00001291       0x16 ./src/funciones.o
 .debug_macro   0x000012a7       0x16 ./src/funciones.o
 .debug_macro   0x000012bd       0x10 ./src/funciones.o
 .debug_macro   0x000012cd       0x10 ./src/funciones.o
 .debug_macro   0x000012dd       0x10 ./src/funciones.o
 .debug_macro   0x000012ed       0x28 ./src/funciones.o
 .debug_macro   0x00001315      0x100 ./src/funciones.o
 .debug_macro   0x00001415       0x40 ./src/funciones.o
 .debug_macro   0x00001455       0x28 ./src/funciones.o
 .debug_macro   0x0000147d       0x10 ./src/funciones.o
 .debug_macro   0x0000148d       0x1c ./src/funciones.o
 .debug_macro   0x000014a9       0x16 ./src/funciones.o
 .debug_macro   0x000014bf       0x40 ./src/funciones.o
 .debug_macro   0x000014ff      0x176 ./src/main.o
 .debug_macro   0x00001675       0xa2 C:\Users\Federico\Desktop\Informatica II\biblioteca\bibliotecaInfo2-Distribucion-060618\libbibliotecaInfoII.a(DR_RGB.o)
 .debug_macro   0x00001717      0xa66 C:\Users\Federico\Desktop\Informatica II\biblioteca\bibliotecaInfo2-Distribucion-060618\libbibliotecaInfoII.a(DR_RGB.o)
 .debug_macro   0x0000217d       0x10 C:\Users\Federico\Desktop\Informatica II\biblioteca\bibliotecaInfo2-Distribucion-060618\libbibliotecaInfoII.a(DR_RGB.o)
 .debug_macro   0x0000218d       0xad C:\Users\Federico\Desktop\Informatica II\biblioteca\bibliotecaInfo2-Distribucion-060618\libbibliotecaInfoII.a(DR_Teclado.o)
 .debug_macro   0x0000223a       0x22 C:\Users\Federico\Desktop\Informatica II\biblioteca\bibliotecaInfo2-Distribucion-060618\libbibliotecaInfoII.a(DR_Teclado.o)
 .debug_macro   0x0000225c       0x29 C:\Users\Federico\Desktop\Informatica II\biblioteca\bibliotecaInfo2-Distribucion-060618\libbibliotecaInfoII.a(DR_gpio.o)
 .debug_macro   0x00002285      0x16c C:\Users\Federico\Desktop\Informatica II\biblioteca\bibliotecaInfo2-Distribucion-060618\libbibliotecaInfoII.a(DR_gpio.o)
 .debug_macro   0x000023f1       0x29 C:\Users\Federico\Desktop\Informatica II\biblioteca\bibliotecaInfo2-Distribucion-060618\libbibliotecaInfoII.a(DR_pinsel.o)
 .debug_macro   0x0000241a       0x5e C:\Users\Federico\Desktop\Informatica II\biblioteca\bibliotecaInfo2-Distribucion-060618\libbibliotecaInfoII.a(DR_pinsel.o)
 .debug_macro   0x00002478       0xa3 C:\Users\Federico\Desktop\Informatica II\biblioteca\bibliotecaInfo2-Distribucion-060618\libbibliotecaInfoII.a(PR_RGB.o)
 .debug_macro   0x0000251b       0x16 C:\Users\Federico\Desktop\Informatica II\biblioteca\bibliotecaInfo2-Distribucion-060618\libbibliotecaInfoII.a(PR_RGB.o)

.debug_line     0x00000000      0xd75
 .debug_line    0x00000000       0xd2 ./src/cr_startup_lpc175x_6x.o
 .debug_line    0x000000d2      0x38f ./src/funciones.o
 .debug_line    0x00000461      0x2db ./src/main.o
 .debug_line    0x0000073c      0x162 C:\Users\Federico\Desktop\Informatica II\biblioteca\bibliotecaInfo2-Distribucion-060618\libbibliotecaInfoII.a(DR_RGB.o)
 .debug_line    0x0000089e      0x1b2 C:\Users\Federico\Desktop\Informatica II\biblioteca\bibliotecaInfo2-Distribucion-060618\libbibliotecaInfoII.a(DR_Teclado.o)
 .debug_line    0x00000a50       0xff C:\Users\Federico\Desktop\Informatica II\biblioteca\bibliotecaInfo2-Distribucion-060618\libbibliotecaInfoII.a(DR_gpio.o)
 .debug_line    0x00000b4f       0xbd C:\Users\Federico\Desktop\Informatica II\biblioteca\bibliotecaInfo2-Distribucion-060618\libbibliotecaInfoII.a(DR_pinsel.o)
 .debug_line    0x00000c0c      0x169 C:\Users\Federico\Desktop\Informatica II\biblioteca\bibliotecaInfo2-Distribucion-060618\libbibliotecaInfoII.a(PR_RGB.o)

.debug_str      0x00000000     0x518e
 .debug_str     0x00000000     0x2ec1 ./src/cr_startup_lpc175x_6x.o
                               0x2ed4 (size before relaxing)
 .debug_str     0x00002ec1     0x2013 ./src/funciones.o
                               0x4d42 (size before relaxing)
 .debug_str     0x00004ed4       0x13 ./src/main.o
                               0x4cd2 (size before relaxing)
 .debug_str     0x00004ee7      0x191 C:\Users\Federico\Desktop\Informatica II\biblioteca\bibliotecaInfo2-Distribucion-060618\libbibliotecaInfoII.a(DR_RGB.o)
                               0x3d28 (size before relaxing)
 .debug_str     0x00005078       0x84 C:\Users\Federico\Desktop\Informatica II\biblioteca\bibliotecaInfo2-Distribucion-060618\libbibliotecaInfoII.a(DR_Teclado.o)
                               0x3db1 (size before relaxing)
 .debug_str     0x000050fc       0x43 C:\Users\Federico\Desktop\Informatica II\biblioteca\bibliotecaInfo2-Distribucion-060618\libbibliotecaInfoII.a(DR_gpio.o)
                               0x3237 (size before relaxing)
 .debug_str     0x0000513f       0x29 C:\Users\Federico\Desktop\Informatica II\biblioteca\bibliotecaInfo2-Distribucion-060618\libbibliotecaInfoII.a(DR_pinsel.o)
                               0x2ee3 (size before relaxing)
 .debug_str     0x00005168       0x26 C:\Users\Federico\Desktop\Informatica II\biblioteca\bibliotecaInfo2-Distribucion-060618\libbibliotecaInfoII.a(PR_RGB.o)
                               0x3d36 (size before relaxing)

.comment        0x00000000       0xfd
 .comment       0x00000000       0x7f ./src/cr_startup_lpc175x_6x.o
                                 0x80 (size before relaxing)
 .comment       0x0000007f       0x80 ./src/funciones.o
 .comment       0x0000007f       0x80 ./src/main.o
 .comment       0x0000007f       0x7e C:\Users\Federico\Desktop\Informatica II\biblioteca\bibliotecaInfo2-Distribucion-060618\libbibliotecaInfoII.a(DR_RGB.o)
                                 0x7f (size before relaxing)
 .comment       0x000000fd       0x7f C:\Users\Federico\Desktop\Informatica II\biblioteca\bibliotecaInfo2-Distribucion-060618\libbibliotecaInfoII.a(DR_Teclado.o)
 .comment       0x000000fd       0x7f C:\Users\Federico\Desktop\Informatica II\biblioteca\bibliotecaInfo2-Distribucion-060618\libbibliotecaInfoII.a(DR_gpio.o)
 .comment       0x000000fd       0x7f C:\Users\Federico\Desktop\Informatica II\biblioteca\bibliotecaInfo2-Distribucion-060618\libbibliotecaInfoII.a(DR_pinsel.o)
 .comment       0x000000fd       0x7f C:\Users\Federico\Desktop\Informatica II\biblioteca\bibliotecaInfo2-Distribucion-060618\libbibliotecaInfoII.a(PR_RGB.o)
 .comment       0x000000fd       0x80 c:/nxp/mcuxpressoide_10.3.0_2200/ide/plugins/com.nxp.mcuxpresso.tools.win32_10.3.0.201811011841/tools/bin/../lib/gcc/arm-none-eabi/7.3.1/../../../../arm-none-eabi/lib/thumb/v7-m\libcr_c.a(__weak__main.o)

.ARM.attributes
                0x00000000       0x33
 .ARM.attributes
                0x00000000       0x33 ./src/cr_startup_lpc175x_6x.o
 .ARM.attributes
                0x00000033       0x33 ./src/funciones.o
 .ARM.attributes
                0x00000066       0x33 ./src/main.o
 .ARM.attributes
                0x00000099       0x33 C:\Users\Federico\Desktop\Informatica II\biblioteca\bibliotecaInfo2-Distribucion-060618\libbibliotecaInfoII.a(DR_RGB.o)
 .ARM.attributes
                0x000000cc       0x33 C:\Users\Federico\Desktop\Informatica II\biblioteca\bibliotecaInfo2-Distribucion-060618\libbibliotecaInfoII.a(DR_Teclado.o)
 .ARM.attributes
                0x000000ff       0x33 C:\Users\Federico\Desktop\Informatica II\biblioteca\bibliotecaInfo2-Distribucion-060618\libbibliotecaInfoII.a(DR_gpio.o)
 .ARM.attributes
                0x00000132       0x33 C:\Users\Federico\Desktop\Informatica II\biblioteca\bibliotecaInfo2-Distribucion-060618\libbibliotecaInfoII.a(DR_pinsel.o)
 .ARM.attributes
                0x00000165       0x33 C:\Users\Federico\Desktop\Informatica II\biblioteca\bibliotecaInfo2-Distribucion-060618\libbibliotecaInfoII.a(PR_RGB.o)
 .ARM.attributes
                0x00000198       0x33 c:/nxp/mcuxpressoide_10.3.0_2200/ide/plugins/com.nxp.mcuxpresso.tools.win32_10.3.0.201811011841/tools/bin/../lib/gcc/arm-none-eabi/7.3.1/../../../../arm-none-eabi/lib/thumb/v7-m\libcr_c.a(__weak__main.o)

.debug_frame    0x00000000      0x3e8
 .debug_frame   0x00000000      0x170 ./src/cr_startup_lpc175x_6x.o
 .debug_frame   0x00000170       0x90 ./src/funciones.o
 .debug_frame   0x00000200       0x2c ./src/main.o
 .debug_frame   0x0000022c       0x2c C:\Users\Federico\Desktop\Informatica II\biblioteca\bibliotecaInfo2-Distribucion-060618\libbibliotecaInfoII.a(DR_RGB.o)
 .debug_frame   0x00000258       0x74 C:\Users\Federico\Desktop\Informatica II\biblioteca\bibliotecaInfo2-Distribucion-060618\libbibliotecaInfoII.a(DR_Teclado.o)
 .debug_frame   0x000002cc       0xb0 C:\Users\Federico\Desktop\Informatica II\biblioteca\bibliotecaInfo2-Distribucion-060618\libbibliotecaInfoII.a(DR_gpio.o)
 .debug_frame   0x0000037c       0x38 C:\Users\Federico\Desktop\Informatica II\biblioteca\bibliotecaInfo2-Distribucion-060618\libbibliotecaInfoII.a(DR_pinsel.o)
 .debug_frame   0x000003b4       0x34 C:\Users\Federico\Desktop\Informatica II\biblioteca\bibliotecaInfo2-Distribucion-060618\libbibliotecaInfoII.a(PR_RGB.o)
