Archive member included to satisfy reference by file (symbol)

c:/nxp/mcuxpressoide_10.2.0_759/ide/tools/bin/../lib/gcc/arm-none-eabi/7.2.1/../../../../arm-none-eabi/lib/thumb/v7-m\libcr_c.a(__weak__main.o)
                              ./Drivers/cr_startup_lpc175x_6x.o (__main)

Discarded input sections

 .group         0x00000000        0xc ./Primitivas/AP_FuncionesMdeE.o
 .text          0x00000000        0x0 ./Primitivas/AP_FuncionesMdeE.o
 .data          0x00000000        0x0 ./Primitivas/AP_FuncionesMdeE.o
 .bss           0x00000000        0x0 ./Primitivas/AP_FuncionesMdeE.o
 .group         0x00000000        0xc ./Primitivas/AP_MdeE.o
 .group         0x00000000        0xc ./Primitivas/AP_MdeE.o
 .text          0x00000000        0x0 ./Primitivas/AP_MdeE.o
 .data          0x00000000        0x0 ./Primitivas/AP_MdeE.o
 .bss           0x00000000        0x0 ./Primitivas/AP_MdeE.o
 .debug_macro   0x00000000      0xa66 ./Primitivas/AP_MdeE.o
 .group         0x00000000        0xc ./Drivers/CONFIG.o
 .group         0x00000000        0xc ./Drivers/CONFIG.o
 .group         0x00000000        0xc ./Drivers/CONFIG.o
 .text          0x00000000        0x0 ./Drivers/CONFIG.o
 .data          0x00000000        0x0 ./Drivers/CONFIG.o
 .bss           0x00000000        0x0 ./Drivers/CONFIG.o
 .text.SetPINMODE
                0x00000000       0x80 ./Drivers/CONFIG.o
 .debug_macro   0x00000000      0xa66 ./Drivers/CONFIG.o
 .group         0x00000000        0xc ./Drivers/GPIO.o
 .group         0x00000000        0xc ./Drivers/GPIO.o
 .group         0x00000000        0xc ./Drivers/GPIO.o
 .text          0x00000000        0x0 ./Drivers/GPIO.o
 .data          0x00000000        0x0 ./Drivers/GPIO.o
 .bss           0x00000000        0x0 ./Drivers/GPIO.o
 .text.SetDIR   0x00000000       0x74 ./Drivers/GPIO.o
 .text.SetPIN   0x00000000       0x78 ./Drivers/GPIO.o
 .text.GetPIN   0x00000000       0x4a ./Drivers/GPIO.o
 .debug_info    0x00000000      0x115 ./Drivers/GPIO.o
 .debug_abbrev  0x00000000       0x9b ./Drivers/GPIO.o
 .debug_aranges
                0x00000000       0x30 ./Drivers/GPIO.o
 .debug_ranges  0x00000000       0x20 ./Drivers/GPIO.o
 .debug_macro   0x00000000       0x3b ./Drivers/GPIO.o
 .debug_macro   0x00000000      0xa66 ./Drivers/GPIO.o
 .debug_macro   0x00000000      0x4b9 ./Drivers/GPIO.o
 .debug_macro   0x00000000      0x549 ./Drivers/GPIO.o
 .debug_line    0x00000000       0xee ./Drivers/GPIO.o
 .debug_str     0x00000000     0x4aff ./Drivers/GPIO.o
 .comment       0x00000000       0x7f ./Drivers/GPIO.o
 .debug_frame   0x00000000       0x88 ./Drivers/GPIO.o
 .ARM.attributes
                0x00000000       0x33 ./Drivers/GPIO.o
 .group         0x00000000        0xc ./Drivers/Inic.o
 .group         0x00000000        0xc ./Drivers/Inic.o
 .group         0x00000000        0xc ./Drivers/Inic.o
 .group         0x00000000        0xc ./Drivers/Inic.o
 .group         0x00000000        0xc ./Drivers/Inic.o
 .group         0x00000000        0xc ./Drivers/Inic.o
 .text          0x00000000        0x0 ./Drivers/Inic.o
 .data          0x00000000        0x0 ./Drivers/Inic.o
 .bss           0x00000000        0x0 ./Drivers/Inic.o
 .debug_macro   0x00000000      0xa66 ./Drivers/Inic.o
 .debug_macro   0x00000000      0x4b9 ./Drivers/Inic.o
 .debug_macro   0x00000000      0x549 ./Drivers/Inic.o
 .group         0x00000000        0xc ./Drivers/Interrupcion_ext.o
 .group         0x00000000        0xc ./Drivers/Interrupcion_ext.o
 .group         0x00000000        0xc ./Drivers/Interrupcion_ext.o
 .text          0x00000000        0x0 ./Drivers/Interrupcion_ext.o
 .data          0x00000000        0x0 ./Drivers/Interrupcion_ext.o
 .bss           0x00000000        0x0 ./Drivers/Interrupcion_ext.o
 .debug_macro   0x00000000      0xa66 ./Drivers/Interrupcion_ext.o
 .debug_macro   0x00000000      0x549 ./Drivers/Interrupcion_ext.o
 .debug_macro   0x00000000       0x28 ./Drivers/Interrupcion_ext.o
 .group         0x00000000        0xc ./Drivers/Oscilador.o
 .group         0x00000000        0xc ./Drivers/Oscilador.o
 .group         0x00000000        0xc ./Drivers/Oscilador.o
 .text          0x00000000        0x0 ./Drivers/Oscilador.o
 .data          0x00000000        0x0 ./Drivers/Oscilador.o
 .bss           0x00000000        0x0 ./Drivers/Oscilador.o
 .debug_macro   0x00000000      0xa66 ./Drivers/Oscilador.o
 .debug_macro   0x00000000      0x549 ./Drivers/Oscilador.o
 .debug_macro   0x00000000       0xf4 ./Drivers/Oscilador.o
 .group         0x00000000        0xc ./Drivers/PWM_Salidas.o
 .group         0x00000000        0xc ./Drivers/PWM_Salidas.o
 .group         0x00000000        0xc ./Drivers/PWM_Salidas.o
 .group         0x00000000        0xc ./Drivers/PWM_Salidas.o
 .group         0x00000000        0xc ./Drivers/PWM_Salidas.o
 .text          0x00000000        0x0 ./Drivers/PWM_Salidas.o
 .data          0x00000000        0x0 ./Drivers/PWM_Salidas.o
 .bss           0x00000000        0x0 ./Drivers/PWM_Salidas.o
 .debug_macro   0x00000000      0xa66 ./Drivers/PWM_Salidas.o
 .debug_macro   0x00000000      0x4b9 ./Drivers/PWM_Salidas.o
 .debug_macro   0x00000000      0x549 ./Drivers/PWM_Salidas.o
 .debug_macro   0x00000000      0x148 ./Drivers/PWM_Salidas.o
 .group         0x00000000        0xc ./Drivers/cr_startup_lpc175x_6x.o
 .text          0x00000000        0x0 ./Drivers/cr_startup_lpc175x_6x.o
 .data          0x00000000        0x0 ./Drivers/cr_startup_lpc175x_6x.o
 .bss           0x00000000        0x0 ./Drivers/cr_startup_lpc175x_6x.o
 .debug_macro   0x00000000      0xa66 ./Drivers/cr_startup_lpc175x_6x.o
 .group         0x00000000        0xc ./Drivers/crp.o
 .group         0x00000000        0xc ./Drivers/crp.o
 .text          0x00000000        0x0 ./Drivers/crp.o
 .data          0x00000000        0x0 ./Drivers/crp.o
 .bss           0x00000000        0x0 ./Drivers/crp.o
 .debug_macro   0x00000000      0xa66 ./Drivers/crp.o
 .group         0x00000000        0xc ./App/Led_PWM.o
 .group         0x00000000        0xc ./App/Led_PWM.o
 .group         0x00000000        0xc ./App/Led_PWM.o
 .text          0x00000000        0x0 ./App/Led_PWM.o
 .data          0x00000000        0x0 ./App/Led_PWM.o
 .bss           0x00000000        0x0 ./App/Led_PWM.o
 .debug_macro   0x00000000      0xa66 ./App/Led_PWM.o
 .debug_macro   0x00000000       0x28 ./App/Led_PWM.o
 .text          0x00000000        0x0 c:/nxp/mcuxpressoide_10.2.0_759/ide/tools/bin/../lib/gcc/arm-none-eabi/7.2.1/../../../../arm-none-eabi/lib/thumb/v7-m\libcr_c.a(__weak__main.o)
 .data          0x00000000        0x0 c:/nxp/mcuxpressoide_10.2.0_759/ide/tools/bin/../lib/gcc/arm-none-eabi/7.2.1/../../../../arm-none-eabi/lib/thumb/v7-m\libcr_c.a(__weak__main.o)
 .bss           0x00000000        0x0 c:/nxp/mcuxpressoide_10.2.0_759/ide/tools/bin/../lib/gcc/arm-none-eabi/7.2.1/../../../../arm-none-eabi/lib/thumb/v7-m\libcr_c.a(__weak__main.o)

Memory Configuration

Name             Origin             Length             Attributes
MFlash512        0x00000000         0x00080000         xr
RamLoc32         0x10000000         0x00008000         xrw
RamAHB32         0x2007c000         0x00008000         xrw
*default*        0x00000000         0xffffffff

Linker script and memory map

LOAD ./Primitivas/AP_FuncionesMdeE.o
LOAD ./Primitivas/AP_MdeE.o
LOAD ./Drivers/CONFIG.o
LOAD ./Drivers/GPIO.o
LOAD ./Drivers/Inic.o
LOAD ./Drivers/Interrupcion_ext.o
LOAD ./Drivers/Oscilador.o
LOAD ./Drivers/PWM_Salidas.o
LOAD ./Drivers/cr_startup_lpc175x_6x.o
LOAD ./Drivers/crp.o
LOAD ./App/Led_PWM.o
START GROUP
LOAD c:/nxp/mcuxpressoide_10.2.0_759/ide/tools/bin/../lib/gcc/arm-none-eabi/7.2.1/../../../../arm-none-eabi/lib/thumb/v7-m\libcr_c.a
LOAD c:/nxp/mcuxpressoide_10.2.0_759/ide/tools/bin/../lib/gcc/arm-none-eabi/7.2.1/thumb/v7-m\libcr_eabihelpers.a
END GROUP
                0x00000000                __base_MFlash512 = 0x0
                0x00000000                __base_Flash = 0x0
                0x00080000                __top_MFlash512 = 0x80000
                0x00080000                __top_Flash = 0x80000
                0x10000000                __base_RamLoc32 = 0x10000000
                0x10000000                __base_RAM = 0x10000000
                0x10008000                __top_RamLoc32 = 0x10008000
                0x10008000                __top_RAM = 0x10008000
                0x2007c000                __base_RamAHB32 = 0x2007c000
                0x2007c000                __base_RAM2 = 0x2007c000
                0x20084000                __top_RamAHB32 = 0x20084000
                0x20084000                __top_RAM2 = 0x20084000

.text           0x00000000      0x83c
 FILL mask 0xff
                0x00000000                __vectors_start__ = ABSOLUTE (.)
 *(.isr_vector)
 .isr_vector    0x00000000       0xcc ./Drivers/cr_startup_lpc175x_6x.o
                0x00000000                g_pfnVectors
                0x000000cc                . = ALIGN (0x4)
                0x000000cc                __section_table_start = .
                0x000000cc                __data_section_table = .
                0x000000cc        0x4 LONG 0x83c LOADADDR (.data)
                0x000000d0        0x4 LONG 0x10000000 ADDR (.data)
                0x000000d4        0x4 LONG 0x0 SIZEOF (.data)
                0x000000d8        0x4 LONG 0x83c LOADADDR (.data_RAM2)
                0x000000dc        0x4 LONG 0x2007c000 ADDR (.data_RAM2)
                0x000000e0        0x4 LONG 0x0 SIZEOF (.data_RAM2)
                0x000000e4                __data_section_table_end = .
                0x000000e4                __bss_section_table = .
                0x000000e4        0x4 LONG 0x10000000 ADDR (.bss)
                0x000000e8        0x4 LONG 0x8 SIZEOF (.bss)
                0x000000ec        0x4 LONG 0x2007c000 ADDR (.bss_RAM2)
                0x000000f0        0x4 LONG 0x0 SIZEOF (.bss_RAM2)
                0x000000f4                __bss_section_table_end = .
                0x000000f4                __section_table_end = .
 *(.after_vectors*)
 .after_vectors
                0x000000f4      0x128 ./Drivers/cr_startup_lpc175x_6x.o
                0x000000f4                data_init
                0x00000136                bss_init
                0x0000016c                ResetISR
                0x000001e0                NMI_Handler
                0x000001e6                HardFault_Handler
                0x000001ec                MemManage_Handler
                0x000001f2                BusFault_Handler
                0x000001f8                UsageFault_Handler
                0x000001fe                SVC_Handler
                0x00000204                DebugMon_Handler
                0x0000020a                PendSV_Handler
                0x00000210                SysTick_Handler
                0x00000216                EINT3_IRQHandler
                0x00000216                CANActivity_IRQHandler
                0x00000216                TIMER3_IRQHandler
                0x00000216                UART0_IRQHandler
                0x00000216                UART1_IRQHandler
                0x00000216                EINT2_IRQHandler
                0x00000216                USBActivity_IRQHandler
                0x00000216                IntDefaultHandler
                0x00000216                PLL0_IRQHandler
                0x00000216                I2C0_IRQHandler
                0x00000216                I2C1_IRQHandler
                0x00000216                SSP0_IRQHandler
                0x00000216                I2S_IRQHandler
                0x00000216                I2C2_IRQHandler
                0x00000216                RTC_IRQHandler
                0x00000216                TIMER0_IRQHandler
                0x00000216                SPI_IRQHandler
                0x00000216                RIT_IRQHandler
                0x00000216                EINT1_IRQHandler
                0x00000216                TIMER1_IRQHandler
                0x00000216                UART2_IRQHandler
                0x00000216                ADC_IRQHandler
                0x00000216                SSP1_IRQHandler
                0x00000216                USB_IRQHandler
                0x00000216                BOD_IRQHandler
                0x00000216                PLL1_IRQHandler
                0x00000216                WDT_IRQHandler
                0x00000216                PWM1_IRQHandler
                0x00000216                QEI_IRQHandler
                0x00000216                CAN_IRQHandler
                0x00000216                DMA_IRQHandler
                0x00000216                TIMER2_IRQHandler
                0x00000216                UART3_IRQHandler
                0x00000216                MCPWM_IRQHandler
                0x00000216                ENET_IRQHandler
                0x000002fc                . = 0x2fc
 *fill*         0x0000021c       0xe0 ff
                0x000002fc                PROVIDE (__CRP_WORD_START__, .)
 *(.crp)
 .crp           0x000002fc        0x4 ./Drivers/crp.o
                0x000002fc                CRP_WORD
                0x00000300                PROVIDE (__CRP_WORD_END__, .)
                0x00000001                ASSERT (! ((__CRP_WORD_START__ == __CRP_WORD_END__)), Linker CRP Enabled, but no CRP_WORD provided within application)
 *(.text*)
 .text.Iniciar_juego1
                0x00000300        0xc ./Primitivas/AP_FuncionesMdeE.o
                0x00000300                Iniciar_juego1
 .text.Iniciar_juego2
                0x0000030c        0xc ./Primitivas/AP_FuncionesMdeE.o
                0x0000030c                Iniciar_juego2
 .text.Iniciar_juego3
                0x00000318        0xc ./Primitivas/AP_FuncionesMdeE.o
                0x00000318                Iniciar_juego3
 .text.maquina_maquina_RGB
                0x00000324       0x80 ./Primitivas/AP_MdeE.o
                0x00000324                maquina_maquina_RGB
 .text.SetPINSEL
                0x000003a4       0x8a ./Drivers/CONFIG.o
                0x000003a4                SetPINSEL
 .text.inicializar
                0x0000042e       0x18 ./Drivers/Inic.o
                0x0000042e                inicializar
 *fill*         0x00000446        0x2 ff
 .text.Init_EINT
                0x00000448       0x44 ./Drivers/Inic.o
                0x00000448                Init_EINT
 .text.Init_GPIO_PWM
                0x0000048c       0x26 ./Drivers/Inic.o
                0x0000048c                Init_GPIO_PWM
 *fill*         0x000004b2        0x2 ff
 .text.Init_PWM
                0x000004b4       0x78 ./Drivers/Inic.o
                0x000004b4                Init_PWM
 .text.EINT0_IRQHandler
                0x0000052c       0x28 ./Drivers/Interrupcion_ext.o
                0x0000052c                EINT0_IRQHandler
 .text.InicPLL  0x00000554      0x140 ./Drivers/Oscilador.o
                0x00000554                InicPLL
 .text.Habilitar_juego1
                0x00000694       0x88 ./Drivers/PWM_Salidas.o
                0x00000694                Habilitar_juego1
 .text.Habilitar_juego2
                0x0000071c       0x80 ./Drivers/PWM_Salidas.o
                0x0000071c                Habilitar_juego2
 .text.Habilitar_juego3
                0x0000079c       0x88 ./Drivers/PWM_Salidas.o
                0x0000079c                Habilitar_juego3
 .text.main     0x00000824       0x14 ./App/Led_PWM.o
                0x00000824                main
 .text.__weak_main
                0x00000838        0x4 c:/nxp/mcuxpressoide_10.2.0_759/ide/tools/bin/../lib/gcc/arm-none-eabi/7.2.1/../../../../arm-none-eabi/lib/thumb/v7-m\libcr_c.a(__weak__main.o)
                0x00000838                __weak_main
                0x00000838                __main
 *(.rodata .rodata.* .constdata .constdata.*)
                0x0000083c                . = ALIGN (0x4)

.glue_7         0x0000083c        0x0
 .glue_7        0x0000083c        0x0 linker stubs

.glue_7t        0x0000083c        0x0
 .glue_7t       0x0000083c        0x0 linker stubs

.vfp11_veneer   0x0000083c        0x0
 .vfp11_veneer  0x0000083c        0x0 linker stubs

.v4_bx          0x0000083c        0x0
 .v4_bx         0x0000083c        0x0 linker stubs

.iplt           0x0000083c        0x0
 .iplt          0x0000083c        0x0 ./Primitivas/AP_FuncionesMdeE.o

.rel.dyn        0x0000083c        0x0
 .rel.iplt      0x0000083c        0x0 ./Primitivas/AP_FuncionesMdeE.o

.ARM.extab
 *(.ARM.extab* .gnu.linkonce.armextab.*)
                0x0000083c                __exidx_start = .

.ARM.exidx
 *(.ARM.exidx* .gnu.linkonce.armexidx.*)
                0x0000083c                __exidx_end = .
                0x0000083c                _etext = .

.data_RAM2      0x2007c000        0x0 load address 0x0000083c
 FILL mask 0xff
                [!provide]                PROVIDE (__start_data_RAM2, .)
 *(.ramfunc.$RAM2)
 *(.ramfunc.$RamAHB32)
 *(.data.$RAM2*)
 *(.data.$RamAHB32*)
                0x2007c000                . = ALIGN (0x4)
                [!provide]                PROVIDE (__end_data_RAM2, .)

.uninit_RESERVED
                0x10000000        0x0
 *(.bss.$RESERVED*)
                0x10000000                . = ALIGN (0x4)
                0x10000000                _end_uninit_RESERVED = .

.data           0x10000000        0x0 load address 0x0000083c
 FILL mask 0xff
                0x10000000                _data = .
 *(vtable)
 *(.ramfunc*)
 *(.data*)
                0x10000000                . = ALIGN (0x4)
                0x10000000                _edata = .

.igot.plt       0x10000000        0x0 load address 0x0000083c
 .igot.plt      0x10000000        0x0 ./Primitivas/AP_FuncionesMdeE.o

.bss_RAM2       0x2007c000        0x0
                [!provide]                PROVIDE (__start_bss_RAM2, .)
 *(.bss.$RAM2*)
 *(.bss.$RamAHB32*)
                0x2007c000                . = ALIGN ((. != 0x0)?0x4:0x1)
                [!provide]                PROVIDE (__end_bss_RAM2, .)

.bss            0x10000000        0x8
                0x10000000                _bss = .
 *(.bss*)
 .bss.key_rgb   0x10000000        0x4 ./Primitivas/AP_MdeE.o
                0x10000000                key_rgb
 .bss.estado.3637
                0x10000004        0x4 ./Primitivas/AP_MdeE.o
 *(COMMON)
                0x10000008                . = ALIGN (0x4)
                0x10000008                _ebss = .
                [!provide]                PROVIDE (end, .)

.noinit_RAM2    0x2007c000        0x0
 *(.noinit.$RAM2*)
 *(.noinit.$RamAHB32*)
                0x2007c000                . = ALIGN (0x4)

.noinit         0x10000008        0x0
                0x10000008                _noinit = .
 *(.noinit*)
                0x10000008                . = ALIGN (0x4)
                0x10000008                _end_noinit = .
                [!provide]                PROVIDE (_pvHeapStart, DEFINED (__user_heap_base)?__user_heap_base:.)
                0x10008000                PROVIDE (_vStackTop, DEFINED (__user_stack_top)?__user_stack_top:(__top_RamLoc32 - 0x0))
                0xefff74f2                PROVIDE (__valid_user_code_checksum, (0x0 - ((((((_vStackTop + (ResetISR + 0x1)) + (NMI_Handler + 0x1)) + (HardFault_Handler + 0x1)) + (DEFINED (MemManage_Handler)?MemManage_Handler:0x0 + 0x1)) + (DEFINED (BusFault_Handler)?BusFault_Handler:0x0 + 0x1)) + (DEFINED (UsageFault_Handler)?UsageFault_Handler:0x0 + 0x1))))
                0x00000000                _image_start = LOADADDR (.text)
                0x0000083c                _image_end = (LOADADDR (.data) + SIZEOF (.data))
                0x0000083c                _image_size = (_image_end - _image_start)
OUTPUT(Led_PWM.axf elf32-littlearm)

.debug_info     0x00000000      0x67d
 .debug_info    0x00000000       0x5d ./Primitivas/AP_FuncionesMdeE.o
 .debug_info    0x0000005d       0x6a ./Primitivas/AP_MdeE.o
 .debug_info    0x000000c7       0xd1 ./Drivers/CONFIG.o
 .debug_info    0x00000198       0x9e ./Drivers/Inic.o
 .debug_info    0x00000236       0x6d ./Drivers/Interrupcion_ext.o
 .debug_info    0x000002a3       0x5b ./Drivers/Oscilador.o
 .debug_info    0x000002fe       0x8d ./Drivers/PWM_Salidas.o
 .debug_info    0x0000038b      0x255 ./Drivers/cr_startup_lpc175x_6x.o
 .debug_info    0x000005e0       0x3f ./Drivers/crp.o
 .debug_info    0x0000061f       0x5e ./App/Led_PWM.o

.debug_abbrev   0x00000000      0x413
 .debug_abbrev  0x00000000       0x2f ./Primitivas/AP_FuncionesMdeE.o
 .debug_abbrev  0x0000002f       0x61 ./Primitivas/AP_MdeE.o
 .debug_abbrev  0x00000090       0x7f ./Drivers/CONFIG.o
 .debug_abbrev  0x0000010f       0x66 ./Drivers/Inic.o
 .debug_abbrev  0x00000175       0x63 ./Drivers/Interrupcion_ext.o
 .debug_abbrev  0x000001d8       0x47 ./Drivers/Oscilador.o
 .debug_abbrev  0x0000021f       0x4e ./Drivers/PWM_Salidas.o
 .debug_abbrev  0x0000026d      0x114 ./Drivers/cr_startup_lpc175x_6x.o
 .debug_abbrev  0x00000381       0x36 ./Drivers/crp.o
 .debug_abbrev  0x000003b7       0x5c ./App/Led_PWM.o

.debug_aranges  0x00000000      0x1d8
 .debug_aranges
                0x00000000       0x30 ./Primitivas/AP_FuncionesMdeE.o
 .debug_aranges
                0x00000030       0x20 ./Primitivas/AP_MdeE.o
 .debug_aranges
                0x00000050       0x28 ./Drivers/CONFIG.o
 .debug_aranges
                0x00000078       0x38 ./Drivers/Inic.o
 .debug_aranges
                0x000000b0       0x20 ./Drivers/Interrupcion_ext.o
 .debug_aranges
                0x000000d0       0x20 ./Drivers/Oscilador.o
 .debug_aranges
                0x000000f0       0x30 ./Drivers/PWM_Salidas.o
 .debug_aranges
                0x00000120       0x80 ./Drivers/cr_startup_lpc175x_6x.o
 .debug_aranges
                0x000001a0       0x18 ./Drivers/crp.o
 .debug_aranges
                0x000001b8       0x20 ./App/Led_PWM.o

.debug_ranges   0x00000000      0x130
 .debug_ranges  0x00000000       0x20 ./Primitivas/AP_FuncionesMdeE.o
 .debug_ranges  0x00000020       0x10 ./Primitivas/AP_MdeE.o
 .debug_ranges  0x00000030       0x18 ./Drivers/CONFIG.o
 .debug_ranges  0x00000048       0x28 ./Drivers/Inic.o
 .debug_ranges  0x00000070       0x10 ./Drivers/Interrupcion_ext.o
 .debug_ranges  0x00000080       0x10 ./Drivers/Oscilador.o
 .debug_ranges  0x00000090       0x20 ./Drivers/PWM_Salidas.o
 .debug_ranges  0x000000b0       0x70 ./Drivers/cr_startup_lpc175x_6x.o
 .debug_ranges  0x00000120       0x10 ./App/Led_PWM.o

.debug_macro    0x00000000     0x1a4b
 .debug_macro   0x00000000       0x1b ./Primitivas/AP_FuncionesMdeE.o
 .debug_macro   0x0000001b      0xa66 ./Primitivas/AP_FuncionesMdeE.o
 .debug_macro   0x00000a81       0x24 ./Primitivas/AP_MdeE.o
 .debug_macro   0x00000aa5       0x28 ./Primitivas/AP_MdeE.o
 .debug_macro   0x00000acd       0x23 ./Drivers/CONFIG.o
 .debug_macro   0x00000af0      0x4b9 ./Drivers/CONFIG.o
 .debug_macro   0x00000fa9      0x549 ./Drivers/CONFIG.o
 .debug_macro   0x000014f2       0x4e ./Drivers/Inic.o
 .debug_macro   0x00001540       0xf4 ./Drivers/Inic.o
 .debug_macro   0x00001634       0x9a ./Drivers/Inic.o
 .debug_macro   0x000016ce      0x148 ./Drivers/Inic.o
 .debug_macro   0x00001816       0x23 ./Drivers/Interrupcion_ext.o
 .debug_macro   0x00001839       0x23 ./Drivers/Oscilador.o
 .debug_macro   0x0000185c       0x4b ./Drivers/PWM_Salidas.o
 .debug_macro   0x000018a7       0x94 ./Drivers/PWM_Salidas.o
 .debug_macro   0x0000193b       0x1d ./Drivers/cr_startup_lpc175x_6x.o
 .debug_macro   0x00001958       0x1a ./Drivers/crp.o
 .debug_macro   0x00001972       0x34 ./Drivers/crp.o
 .debug_macro   0x000019a6       0x23 ./App/Led_PWM.o
 .debug_macro   0x000019c9       0x82 ./App/Led_PWM.o

.debug_line     0x00000000      0x8a2
 .debug_line    0x00000000       0xd5 ./Primitivas/AP_FuncionesMdeE.o
 .debug_line    0x000000d5       0xcf ./Primitivas/AP_MdeE.o
 .debug_line    0x000001a4       0xca ./Drivers/CONFIG.o
 .debug_line    0x0000026e      0x12f ./Drivers/Inic.o
 .debug_line    0x0000039d       0xb6 ./Drivers/Interrupcion_ext.o
 .debug_line    0x00000453       0xf1 ./Drivers/Oscilador.o
 .debug_line    0x00000544      0x121 ./Drivers/PWM_Salidas.o
 .debug_line    0x00000665       0xd6 ./Drivers/cr_startup_lpc175x_6x.o
 .debug_line    0x0000073b       0x79 ./Drivers/crp.o
 .debug_line    0x000007b4       0xee ./App/Led_PWM.o

.debug_str      0x00000000     0x5a32
 .debug_str     0x00000000     0x2d44 ./Primitivas/AP_FuncionesMdeE.o
 .debug_str     0x00002d44       0x7e ./Primitivas/AP_MdeE.o
                               0x2d74 (size before relaxing)
 .debug_str     0x00002dc2     0x1dd3 ./Drivers/CONFIG.o
                               0x4ade (size before relaxing)
 .debug_str     0x00004b95      0x6d1 ./Drivers/Inic.o
                               0x516d (size before relaxing)
 .debug_str     0x00005266       0x2f ./Drivers/Interrupcion_ext.o
                               0x3e7a (size before relaxing)
 .debug_str     0x00005295       0x1f ./Drivers/Oscilador.o
                               0x42ff (size before relaxing)
 .debug_str     0x000052b4       0x58 ./Drivers/PWM_Salidas.o
                               0x4f20 (size before relaxing)
 .debug_str     0x0000530c      0x1da ./Drivers/cr_startup_lpc175x_6x.o
                               0x2eca (size before relaxing)
 .debug_str     0x000054e6       0xed ./Drivers/crp.o
                               0x2dd7 (size before relaxing)
 .debug_str     0x000055d3      0x45f ./App/Led_PWM.o
                               0x3187 (size before relaxing)

.comment        0x00000000       0x7e
 .comment       0x00000000       0x7e ./Primitivas/AP_FuncionesMdeE.o
                                 0x7f (size before relaxing)
 .comment       0x0000007e       0x7f ./Primitivas/AP_MdeE.o
 .comment       0x0000007e       0x7f ./Drivers/CONFIG.o
 .comment       0x0000007e       0x7f ./Drivers/Inic.o
 .comment       0x0000007e       0x7f ./Drivers/Interrupcion_ext.o
 .comment       0x0000007e       0x7f ./Drivers/Oscilador.o
 .comment       0x0000007e       0x7f ./Drivers/PWM_Salidas.o
 .comment       0x0000007e       0x7f ./Drivers/cr_startup_lpc175x_6x.o
 .comment       0x0000007e       0x7f ./Drivers/crp.o
 .comment       0x0000007e       0x7f ./App/Led_PWM.o
 .comment       0x0000007e       0x7f c:/nxp/mcuxpressoide_10.2.0_759/ide/tools/bin/../lib/gcc/arm-none-eabi/7.2.1/../../../../arm-none-eabi/lib/thumb/v7-m\libcr_c.a(__weak__main.o)

.ARM.attributes
                0x00000000       0x33
 .ARM.attributes
                0x00000000       0x33 ./Primitivas/AP_FuncionesMdeE.o
 .ARM.attributes
                0x00000033       0x33 ./Primitivas/AP_MdeE.o
 .ARM.attributes
                0x00000066       0x33 ./Drivers/CONFIG.o
 .ARM.attributes
                0x00000099       0x33 ./Drivers/Inic.o
 .ARM.attributes
                0x000000cc       0x33 ./Drivers/Interrupcion_ext.o
 .ARM.attributes
                0x000000ff       0x33 ./Drivers/Oscilador.o
 .ARM.attributes
                0x00000132       0x33 ./Drivers/PWM_Salidas.o
 .ARM.attributes
                0x00000165       0x33 ./Drivers/cr_startup_lpc175x_6x.o
 .ARM.attributes
                0x00000198       0x33 ./Drivers/crp.o
 .ARM.attributes
                0x000001cb       0x33 ./App/Led_PWM.o
 .ARM.attributes
                0x000001fe       0x33 c:/nxp/mcuxpressoide_10.2.0_759/ide/tools/bin/../lib/gcc/arm-none-eabi/7.2.1/../../../../arm-none-eabi/lib/thumb/v7-m\libcr_c.a(__weak__main.o)

.debug_frame    0x00000000      0x3e4
 .debug_frame   0x00000000       0x64 ./Primitivas/AP_FuncionesMdeE.o
 .debug_frame   0x00000064       0x2c ./Primitivas/AP_MdeE.o
 .debug_frame   0x00000090       0x60 ./Drivers/CONFIG.o
 .debug_frame   0x000000f0       0x84 ./Drivers/Inic.o
 .debug_frame   0x00000174       0x30 ./Drivers/Interrupcion_ext.o
 .debug_frame   0x000001a4       0x30 ./Drivers/Oscilador.o
 .debug_frame   0x000001d4       0x70 ./Drivers/PWM_Salidas.o
 .debug_frame   0x00000244      0x170 ./Drivers/cr_startup_lpc175x_6x.o
 .debug_frame   0x000003b4       0x30 ./App/Led_PWM.o
