Archive member included to satisfy reference by file (symbol)

c:/nxp/mcuxpressoide_10.3.0_2200/ide/plugins/com.nxp.mcuxpresso.tools.win32_10.3.0.201811011841/tools/bin/../lib/gcc/arm-none-eabi/7.3.1/../../../../arm-none-eabi/lib/thumb/v7-m\libcr_c.a(__weak__main.o)
                              ./src/cr_startup_lpc176x.o (__main)

Discarded input sections

 .group         0x00000000        0xc ./src/cr_startup_lpc176x.o
 .text          0x00000000        0x0 ./src/cr_startup_lpc176x.o
 .data          0x00000000        0x0 ./src/cr_startup_lpc176x.o
 .bss           0x00000000        0x0 ./src/cr_startup_lpc176x.o
 .group         0x00000000        0xc ./src/gpio.o
 .group         0x00000000        0xc ./src/gpio.o
 .text          0x00000000        0x0 ./src/gpio.o
 .data          0x00000000        0x0 ./src/gpio.o
 .bss           0x00000000        0x0 ./src/gpio.o
 .group         0x00000000        0xc ./src/init.o
 .group         0x00000000        0xc ./src/init.o
 .text          0x00000000        0x0 ./src/init.o
 .data          0x00000000        0x0 ./src/init.o
 .bss           0x00000000        0x0 ./src/init.o
 .debug_macro   0x00000000      0xa60 ./src/init.o
 .debug_macro   0x00000000      0x49a ./src/init.o
 .group         0x00000000        0xc ./src/main.o
 .group         0x00000000        0xc ./src/main.o
 .group         0x00000000        0xc ./src/main.o
 .group         0x00000000        0xc ./src/main.o
 .text          0x00000000        0x0 ./src/main.o
 .data          0x00000000        0x0 ./src/main.o
 .bss           0x00000000        0x0 ./src/main.o
 .debug_macro   0x00000000      0xa60 ./src/main.o
 .debug_macro   0x00000000      0x49a ./src/main.o
 .group         0x00000000        0xc ./src/rtc.o
 .group         0x00000000        0xc ./src/rtc.o
 .text          0x00000000        0x0 ./src/rtc.o
 .data          0x00000000        0x0 ./src/rtc.o
 .bss           0x00000000        0x0 ./src/rtc.o
 .debug_macro   0x00000000      0xa60 ./src/rtc.o
 .debug_macro   0x00000000      0x49a ./src/rtc.o
 .group         0x00000000        0xc ./src/systick.o
 .group         0x00000000        0xc ./src/systick.o
 .text          0x00000000        0x0 ./src/systick.o
 .data          0x00000000        0x0 ./src/systick.o
 .bss           0x00000000        0x0 ./src/systick.o
 .debug_macro   0x00000000      0xa60 ./src/systick.o
 .debug_macro   0x00000000      0x49a ./src/systick.o
 .group         0x00000000        0xc ./src/timer.o
 .group         0x00000000        0xc ./src/timer.o
 .text          0x00000000        0x0 ./src/timer.o
 .data          0x00000000        0x0 ./src/timer.o
 .bss           0x00000000        0x0 ./src/timer.o
 .debug_macro   0x00000000      0xa60 ./src/timer.o
 .debug_macro   0x00000000      0x49a ./src/timer.o
 .text          0x00000000        0x0 c:/nxp/mcuxpressoide_10.3.0_2200/ide/plugins/com.nxp.mcuxpresso.tools.win32_10.3.0.201811011841/tools/bin/../lib/gcc/arm-none-eabi/7.3.1/../../../../arm-none-eabi/lib/thumb/v7-m\libcr_c.a(__weak__main.o)
 .data          0x00000000        0x0 c:/nxp/mcuxpressoide_10.3.0_2200/ide/plugins/com.nxp.mcuxpresso.tools.win32_10.3.0.201811011841/tools/bin/../lib/gcc/arm-none-eabi/7.3.1/../../../../arm-none-eabi/lib/thumb/v7-m\libcr_c.a(__weak__main.o)
 .bss           0x00000000        0x0 c:/nxp/mcuxpressoide_10.3.0_2200/ide/plugins/com.nxp.mcuxpresso.tools.win32_10.3.0.201811011841/tools/bin/../lib/gcc/arm-none-eabi/7.3.1/../../../../arm-none-eabi/lib/thumb/v7-m\libcr_c.a(__weak__main.o)

Memory Configuration

Name             Origin             Length             Attributes
MFlash512        0x00000000         0x00080000         xr
RamLoc32         0x10000000         0x00008000         xrw
RamAHB32         0x2007c000         0x00008000         xrw
*default*        0x00000000         0xffffffff

Linker script and memory map

LOAD ./src/cr_startup_lpc176x.o
LOAD ./src/gpio.o
LOAD ./src/init.o
LOAD ./src/main.o
LOAD ./src/rtc.o
LOAD ./src/systick.o
LOAD ./src/timer.o
START GROUP
LOAD c:/nxp/mcuxpressoide_10.3.0_2200/ide/plugins/com.nxp.mcuxpresso.tools.win32_10.3.0.201811011841/tools/bin/../lib/gcc/arm-none-eabi/7.3.1/../../../../arm-none-eabi/lib/thumb/v7-m\libcr_c.a
LOAD c:/nxp/mcuxpressoide_10.3.0_2200/ide/plugins/com.nxp.mcuxpresso.tools.win32_10.3.0.201811011841/tools/bin/../lib/gcc/arm-none-eabi/7.3.1/thumb/v7-m\libcr_eabihelpers.a
END GROUP
                0x00000000                __base_MFlash512 = 0x0
                0x00000000                __base_Flash = 0x0
                0x00080000                __top_MFlash512 = 0x80000
                0x00080000                __top_Flash = 0x80000
                0x10000000                __base_RamLoc32 = 0x10000000
                0x10000000                __base_RAM = 0x10000000
                0x10008000                __top_RamLoc32 = 0x10008000
                0x10008000                __top_RAM = 0x10008000
                0x2007c000                __base_RamAHB32 = 0x2007c000
                0x2007c000                __base_RAM2 = 0x2007c000
                0x20084000                __top_RamAHB32 = 0x20084000
                0x20084000                __top_RAM2 = 0x20084000

.text           0x00000000      0xba0
 FILL mask 0xff
                0x00000000                __vectors_start__ = ABSOLUTE (.)
 *(.isr_vector)
 .isr_vector    0x00000000       0xcc ./src/cr_startup_lpc176x.o
                0x00000000                g_pfnVectors
                0x000000cc                . = ALIGN (0x4)
                0x000000cc                __section_table_start = .
                0x000000cc                __data_section_table = .
                0x000000cc        0x4 LONG 0xba0 LOADADDR (.data)
                0x000000d0        0x4 LONG 0x10000000 ADDR (.data)
                0x000000d4        0x4 LONG 0x8 SIZEOF (.data)
                0x000000d8        0x4 LONG 0xba0 LOADADDR (.data_RAM2)
                0x000000dc        0x4 LONG 0x2007c000 ADDR (.data_RAM2)
                0x000000e0        0x4 LONG 0x0 SIZEOF (.data_RAM2)
                0x000000e4                __data_section_table_end = .
                0x000000e4                __bss_section_table = .
                0x000000e4        0x4 LONG 0x10000008 ADDR (.bss)
                0x000000e8        0x4 LONG 0x4 SIZEOF (.bss)
                0x000000ec        0x4 LONG 0x2007c000 ADDR (.bss_RAM2)
                0x000000f0        0x4 LONG 0x0 SIZEOF (.bss_RAM2)
                0x000000f4                __bss_section_table_end = .
                0x000000f4                __section_table_end = .
 *(.after_vectors*)
 .after_vectors
                0x000000f4       0x78 ./src/cr_startup_lpc176x.o
                0x000000f4                NMI_Handler
                0x000000f6                HardFault_Handler
                0x000000f8                MemManage_Handler
                0x000000fa                BusFault_Handler
                0x000000fc                UsageFault_Handler
                0x000000fe                SVC_Handler
                0x00000100                DebugMon_Handler
                0x00000102                PendSV_Handler
                0x00000106                USBActivity_IRQHandler
                0x00000106                I2C1_IRQHandler
                0x00000106                EINT2_IRQHandler
                0x00000106                UART1_IRQHandler
                0x00000106                EINT3_IRQHandler
                0x00000106                CANActivity_IRQHandler
                0x00000106                TIMER3_IRQHandler
                0x00000106                UART0_IRQHandler
                0x00000106                MCPWM_IRQHandler
                0x00000106                I2C0_IRQHandler
                0x00000106                RIT_IRQHandler
                0x00000106                PLL0_IRQHandler
                0x00000106                CAN_IRQHandler
                0x00000106                PLL1_IRQHandler
                0x00000106                SSP0_IRQHandler
                0x00000106                I2S_IRQHandler
                0x00000106                I2C2_IRQHandler
                0x00000106                SPI_IRQHandler
                0x00000106                UART3_IRQHandler
                0x00000106                EINT1_IRQHandler
                0x00000106                TIMER1_IRQHandler
                0x00000106                UART2_IRQHandler
                0x00000106                ADC_IRQHandler
                0x00000106                SSP1_IRQHandler
                0x00000106                USB_IRQHandler
                0x00000106                BOD_IRQHandler
                0x00000106                PWM1_IRQHandler
                0x00000106                WDT_IRQHandler
                0x00000106                IntDefaultHandler
                0x00000106                QEI_IRQHandler
                0x00000106                EINT0_IRQHandler
                0x00000106                TIMER2_IRQHandler
                0x00000106                DMA_IRQHandler
                0x00000106                ENET_IRQHandler
                0x00000108                data_init
                0x0000011a                bss_init
                0x0000012a                ResetISR
 *(.text*)
 .text.SetPINSEL
                0x0000016c      0x284 ./src/gpio.o
                0x0000016c                SetPINSEL
 .text.SetDIR   0x000003f0       0x48 ./src/gpio.o
                0x000003f0                SetDIR
 .text.SetPIN   0x00000438       0x52 ./src/gpio.o
                0x00000438                SetPIN
 .text.GetPIN   0x0000048a       0x2a ./src/gpio.o
                0x0000048a                GetPIN
 .text.init     0x000004b4       0x1c ./src/init.o
                0x000004b4                init
 .text.Init_RTC
                0x000004d0       0x68 ./src/init.o
                0x000004d0                Init_RTC
 .text.Init_gpios
                0x00000538       0x88 ./src/init.o
                0x00000538                Init_gpios
 .text.Init_systick
                0x000005c0       0x2c ./src/init.o
                0x000005c0                Init_systick
 .text.Init_Timers
                0x000005ec       0xa0 ./src/init.o
                0x000005ec                Init_Timers
 .text.Init_PLL
                0x0000068c      0x140 ./src/init.o
                0x0000068c                Init_PLL
 .text.main     0x000007cc        0xa ./src/main.o
                0x000007cc                main
 *fill*         0x000007d6        0x2 ff
 .text.Fijar_tiempo
                0x000007d8       0x60 ./src/rtc.o
                0x000007d8                Fijar_tiempo
 .text.RTC_IRQHandler
                0x00000838       0x50 ./src/rtc.o
                0x00000838                RTC_IRQHandler
 .text.SysTick_Handler
                0x00000888       0xb8 ./src/systick.o
                0x00000888                SysTick_Handler
 .text.Funciones_centesimas
                0x00000940        0xc ./src/systick.o
                0x00000940                Funciones_centesimas
 .text.Funciones_decimas
                0x0000094c        0xc ./src/systick.o
                0x0000094c                Funciones_decimas
 .text.Funciones_segundos
                0x00000958       0x30 ./src/systick.o
                0x00000958                Funciones_segundos
 .text.Funciones_minutos
                0x00000988        0xc ./src/systick.o
                0x00000988                Funciones_minutos
 .text.Funciones_horas
                0x00000994        0xc ./src/systick.o
                0x00000994                Funciones_horas
 .text.Funciones_dias
                0x000009a0        0xc ./src/systick.o
                0x000009a0                Funciones_dias
 .text.TIMER0_IRQHandler
                0x000009ac       0xd4 ./src/timer.o
                0x000009ac                TIMER0_IRQHandler
 .text.Atencion_T0_M0
                0x00000a80       0xbc ./src/timer.o
                0x00000a80                Atencion_T0_M0
 .text.Atencion_T0_M1
                0x00000b3c       0x30 ./src/timer.o
                0x00000b3c                Atencion_T0_M1
 .text.Atencion_T0_M2
                0x00000b6c        0xc ./src/timer.o
                0x00000b6c                Atencion_T0_M2
 .text.Atencion_T0_M3
                0x00000b78        0xc ./src/timer.o
                0x00000b78                Atencion_T0_M3
 .text.Atencion_T0_C0
                0x00000b84        0xc ./src/timer.o
                0x00000b84                Atencion_T0_C0
 .text.Atencion_T0_C1
                0x00000b90        0xc ./src/timer.o
                0x00000b90                Atencion_T0_C1
 .text.__weak_main
                0x00000b9c        0x4 c:/nxp/mcuxpressoide_10.3.0_2200/ide/plugins/com.nxp.mcuxpresso.tools.win32_10.3.0.201811011841/tools/bin/../lib/gcc/arm-none-eabi/7.3.1/../../../../arm-none-eabi/lib/thumb/v7-m\libcr_c.a(__weak__main.o)
                0x00000b9c                __weak_main
                0x00000b9c                __main
 *(.rodata .rodata.* .constdata .constdata.*)
                0x00000ba0                . = ALIGN (0x4)

.glue_7         0x00000ba0        0x0
 .glue_7        0x00000ba0        0x0 linker stubs

.glue_7t        0x00000ba0        0x0
 .glue_7t       0x00000ba0        0x0 linker stubs

.vfp11_veneer   0x00000ba0        0x0
 .vfp11_veneer  0x00000ba0        0x0 linker stubs

.v4_bx          0x00000ba0        0x0
 .v4_bx         0x00000ba0        0x0 linker stubs

.iplt           0x00000ba0        0x0
 .iplt          0x00000ba0        0x0 ./src/cr_startup_lpc176x.o

.rel.dyn        0x00000ba0        0x0
 .rel.iplt      0x00000ba0        0x0 ./src/cr_startup_lpc176x.o

.ARM.extab
 *(.ARM.extab* .gnu.linkonce.armextab.*)
                0x00000ba0                __exidx_start = .

.ARM.exidx
 *(.ARM.exidx* .gnu.linkonce.armexidx.*)
                0x00000ba0                __exidx_end = .
                0x00000ba0                _etext = .

.data_RAM2      0x2007c000        0x0 load address 0x00000ba0
 FILL mask 0xff
                [!provide]                PROVIDE (__start_data_RAM2 = .)
 *(.ramfunc.$RAM2)
 *(.ramfunc.$RamAHB32)
 *(.data.$RAM2*)
 *(.data.$RamAHB32*)
                0x2007c000                . = ALIGN (0x4)
                [!provide]                PROVIDE (__end_data_RAM2 = .)

.uninit_RESERVED
                0x10000000        0x0
 *(.bss.$RESERVED*)
                0x10000000                . = ALIGN (0x4)
                0x10000000                _end_uninit_RESERVED = .

.data           0x10000000        0x8 load address 0x00000ba0
 FILL mask 0xff
                0x10000000                _data = .
 *(vtable)
 *(.ramfunc*)
 *(.data*)
 .data.centesimas.3684
                0x10000000        0x1 ./src/systick.o
 .data.decimas.3685
                0x10000001        0x1 ./src/systick.o
 .data.segundos.3686
                0x10000002        0x1 ./src/systick.o
 .data.minutos.3687
                0x10000003        0x1 ./src/systick.o
 .data.horas.3688
                0x10000004        0x1 ./src/systick.o
                0x10000008                . = ALIGN (0x4)
 *fill*         0x10000005        0x3 ff
                0x10000008                _edata = .

.igot.plt       0x10000008        0x0 load address 0x00000ba8
 .igot.plt      0x10000008        0x0 ./src/cr_startup_lpc176x.o

.bss_RAM2       0x2007c000        0x0
                [!provide]                PROVIDE (__start_bss_RAM2 = .)
 *(.bss.$RAM2*)
 *(.bss.$RamAHB32*)
                0x2007c000                . = ALIGN ((. != 0x0)?0x4:0x1)
                [!provide]                PROVIDE (__end_bss_RAM2 = .)

.bss            0x10000008        0x4
                0x10000008                _bss = .
 *(.bss*)
 .bss.led.3687  0x10000008        0x4 ./src/timer.o
 *(COMMON)
                0x1000000c                . = ALIGN (0x4)
                0x1000000c                _ebss = .
                [!provide]                PROVIDE (end = .)

.noinit_RAM2    0x2007c000        0x0
 *(.noinit.$RAM2*)
 *(.noinit.$RamAHB32*)
                0x2007c000                . = ALIGN (0x4)

.noinit         0x1000000c        0x0
                0x1000000c                _noinit = .
 *(.noinit*)
                0x1000000c                . = ALIGN (0x4)
                0x1000000c                _end_noinit = .
                [!provide]                PROVIDE (_pvHeapStart = DEFINED (__user_heap_base)?__user_heap_base:.)
                0x10008000                PROVIDE (_vStackTop = DEFINED (__user_stack_top)?__user_stack_top:(__top_RamLoc32 - 0x0))
                [!provide]                PROVIDE (__valid_user_code_checksum = (0x0 - ((((((_vStackTop + (ResetISR + 0x1)) + (NMI_Handler + 0x1)) + (HardFault_Handler + 0x1)) + (DEFINED (MemManage_Handler)?MemManage_Handler:0x0 + 0x1)) + (DEFINED (BusFault_Handler)?BusFault_Handler:0x0 + 0x1)) + (DEFINED (UsageFault_Handler)?UsageFault_Handler:0x0 + 0x1))))
                0x00000000                _image_start = LOADADDR (.text)
                0x00000ba8                _image_end = (LOADADDR (.data) + SIZEOF (.data))
                0x00000ba8                _image_size = (_image_end - _image_start)
OUTPUT(systick_rtc.axf elf32-littlearm)

.debug_info     0x00000000      0x7eb
 .debug_info    0x00000000      0x2a1 ./src/cr_startup_lpc176x.o
 .debug_info    0x000002a1      0x156 ./src/gpio.o
 .debug_info    0x000003f7       0xb9 ./src/init.o
 .debug_info    0x000004b0       0x54 ./src/main.o
 .debug_info    0x00000504       0xd5 ./src/rtc.o
 .debug_info    0x000005d9      0x12b ./src/systick.o
 .debug_info    0x00000704       0xe7 ./src/timer.o

.debug_abbrev   0x00000000      0x43d
 .debug_abbrev  0x00000000      0x13a ./src/cr_startup_lpc176x.o
 .debug_abbrev  0x0000013a       0xab ./src/gpio.o
 .debug_abbrev  0x000001e5       0x66 ./src/init.o
 .debug_abbrev  0x0000024b       0x47 ./src/main.o
 .debug_abbrev  0x00000292       0x84 ./src/rtc.o
 .debug_abbrev  0x00000316       0x8d ./src/systick.o
 .debug_abbrev  0x000003a3       0x9a ./src/timer.o

.debug_loc      0x00000000      0x13e
 .debug_loc     0x00000000      0x13e ./src/cr_startup_lpc176x.o

.debug_aranges  0x00000000      0x1e8
 .debug_aranges
                0x00000000       0x80 ./src/cr_startup_lpc176x.o
 .debug_aranges
                0x00000080       0x38 ./src/gpio.o
 .debug_aranges
                0x000000b8       0x48 ./src/init.o
 .debug_aranges
                0x00000100       0x20 ./src/main.o
 .debug_aranges
                0x00000120       0x28 ./src/rtc.o
 .debug_aranges
                0x00000148       0x50 ./src/systick.o
 .debug_aranges
                0x00000198       0x50 ./src/timer.o

.debug_ranges   0x00000000      0x178
 .debug_ranges  0x00000000       0x70 ./src/cr_startup_lpc176x.o
 .debug_ranges  0x00000070       0x28 ./src/gpio.o
 .debug_ranges  0x00000098       0x38 ./src/init.o
 .debug_ranges  0x000000d0       0x10 ./src/main.o
 .debug_ranges  0x000000e0       0x18 ./src/rtc.o
 .debug_ranges  0x000000f8       0x40 ./src/systick.o
 .debug_ranges  0x00000138       0x40 ./src/timer.o

.debug_macro    0x00000000     0x1ae1
 .debug_macro   0x00000000       0x1d ./src/cr_startup_lpc176x.o
 .debug_macro   0x0000001d      0xa66 ./src/cr_startup_lpc176x.o
 .debug_macro   0x00000a83       0x1a ./src/gpio.o
 .debug_macro   0x00000a9d      0xa60 ./src/gpio.o
 .debug_macro   0x000014fd      0x49a ./src/gpio.o
 .debug_macro   0x00001997       0x1a ./src/init.o
 .debug_macro   0x000019b1       0x2c ./src/main.o
 .debug_macro   0x000019dd       0x82 ./src/main.o
 .debug_macro   0x00001a5f       0x34 ./src/main.o
 .debug_macro   0x00001a93       0x1a ./src/rtc.o
 .debug_macro   0x00001aad       0x1a ./src/systick.o
 .debug_macro   0x00001ac7       0x1a ./src/timer.o

.debug_line     0x00000000      0x798
 .debug_line    0x00000000       0x91 ./src/cr_startup_lpc176x.o
 .debug_line    0x00000091      0x119 ./src/gpio.o
 .debug_line    0x000001aa      0x155 ./src/init.o
 .debug_line    0x000002ff      0x1ae ./src/main.o
 .debug_line    0x000004ad       0xb1 ./src/rtc.o
 .debug_line    0x0000055e      0x115 ./src/systick.o
 .debug_line    0x00000673      0x125 ./src/timer.o

.debug_str      0x00000000     0x4527
 .debug_str     0x00000000     0x2eae ./src/cr_startup_lpc176x.o
                               0x2ec1 (size before relaxing)
 .debug_str     0x00002eae      0xfe1 ./src/gpio.o
                               0x3c00 (size before relaxing)
 .debug_str     0x00003e8f       0x44 ./src/init.o
                               0x3bf7 (size before relaxing)
 .debug_str     0x00003ed3      0x52a ./src/main.o
                               0x40cb (size before relaxing)
 .debug_str     0x000043fd       0x33 ./src/rtc.o
                               0x3bfa (size before relaxing)
 .debug_str     0x00004430       0x7c ./src/systick.o
                               0x3c6c (size before relaxing)
 .debug_str     0x000044ac       0x7b ./src/timer.o
                               0x3c29 (size before relaxing)

.comment        0x00000000       0x7f
 .comment       0x00000000       0x7f ./src/cr_startup_lpc176x.o
                                 0x80 (size before relaxing)
 .comment       0x0000007f       0x80 ./src/gpio.o
 .comment       0x0000007f       0x80 ./src/init.o
 .comment       0x0000007f       0x80 ./src/main.o
 .comment       0x0000007f       0x80 ./src/rtc.o
 .comment       0x0000007f       0x80 ./src/systick.o
 .comment       0x0000007f       0x80 ./src/timer.o
 .comment       0x0000007f       0x80 c:/nxp/mcuxpressoide_10.3.0_2200/ide/plugins/com.nxp.mcuxpresso.tools.win32_10.3.0.201811011841/tools/bin/../lib/gcc/arm-none-eabi/7.3.1/../../../../arm-none-eabi/lib/thumb/v7-m\libcr_c.a(__weak__main.o)

.ARM.attributes
                0x00000000       0x33
 .ARM.attributes
                0x00000000       0x33 ./src/cr_startup_lpc176x.o
 .ARM.attributes
                0x00000033       0x33 ./src/gpio.o
 .ARM.attributes
                0x00000066       0x33 ./src/init.o
 .ARM.attributes
                0x00000099       0x33 ./src/main.o
 .ARM.attributes
                0x000000cc       0x33 ./src/rtc.o
 .ARM.attributes
                0x000000ff       0x33 ./src/systick.o
 .ARM.attributes
                0x00000132       0x33 ./src/timer.o
 .ARM.attributes
                0x00000165       0x33 c:/nxp/mcuxpressoide_10.3.0_2200/ide/plugins/com.nxp.mcuxpresso.tools.win32_10.3.0.201811011841/tools/bin/../lib/gcc/arm-none-eabi/7.3.1/../../../../arm-none-eabi/lib/thumb/v7-m\libcr_c.a(__weak__main.o)

.debug_frame    0x00000000      0x4bc
 .debug_frame   0x00000000       0xf4 ./src/cr_startup_lpc176x.o
 .debug_frame   0x000000f4       0xb0 ./src/gpio.o
 .debug_frame   0x000001a4       0xcc ./src/init.o
 .debug_frame   0x00000270       0x2c ./src/main.o
 .debug_frame   0x0000029c       0x54 ./src/rtc.o
 .debug_frame   0x000002f0       0xe8 ./src/systick.o
 .debug_frame   0x000003d8       0xe4 ./src/timer.o
