Archive member included to satisfy reference by file (symbol)

c:/nxp/mcuxpressoide_10.2.0_759/ide/tools/bin/../lib/gcc/arm-none-eabi/7.2.1/../../../../arm-none-eabi/lib/thumb/v7-m\libcr_c.a(__weak__main.o)
                              ./drivers/src/cr_startup_lpc176x.o (__main)

Discarded input sections

 .group         0x00000000        0xc ./drivers/src/FW_7Seg.o
 .group         0x00000000        0xc ./drivers/src/FW_7Seg.o
 .group         0x00000000        0xc ./drivers/src/FW_7Seg.o
 .group         0x00000000        0xc ./drivers/src/FW_7Seg.o
 .group         0x00000000        0xc ./drivers/src/FW_7Seg.o
 .group         0x00000000        0xc ./drivers/src/FW_7Seg.o
 .text          0x00000000        0x0 ./drivers/src/FW_7Seg.o
 .data          0x00000000        0x0 ./drivers/src/FW_7Seg.o
 .bss           0x00000000        0x0 ./drivers/src/FW_7Seg.o
 .group         0x00000000        0xc ./drivers/src/FW_InitExpansion2.o
 .group         0x00000000        0xc ./drivers/src/FW_InitExpansion2.o
 .group         0x00000000        0xc ./drivers/src/FW_InitExpansion2.o
 .group         0x00000000        0xc ./drivers/src/FW_InitExpansion2.o
 .group         0x00000000        0xc ./drivers/src/FW_InitExpansion2.o
 .text          0x00000000        0x0 ./drivers/src/FW_InitExpansion2.o
 .data          0x00000000        0x0 ./drivers/src/FW_InitExpansion2.o
 .bss           0x00000000        0x0 ./drivers/src/FW_InitExpansion2.o
 .debug_macro   0x00000000      0xa66 ./drivers/src/FW_InitExpansion2.o
 .debug_macro   0x00000000      0x397 ./drivers/src/FW_InitExpansion2.o
 .debug_macro   0x00000000       0x40 ./drivers/src/FW_InitExpansion2.o
 .debug_macro   0x00000000       0x8e ./drivers/src/FW_InitExpansion2.o
 .debug_macro   0x00000000       0xca ./drivers/src/FW_InitExpansion2.o
 .group         0x00000000        0xc ./drivers/src/GPIO.o
 .group         0x00000000        0xc ./drivers/src/GPIO.o
 .text          0x00000000        0x0 ./drivers/src/GPIO.o
 .data          0x00000000        0x0 ./drivers/src/GPIO.o
 .bss           0x00000000        0x0 ./drivers/src/GPIO.o
 .debug_macro   0x00000000      0xa66 ./drivers/src/GPIO.o
 .debug_macro   0x00000000      0x397 ./drivers/src/GPIO.o
 .group         0x00000000        0xc ./drivers/src/Inic_PLL.o
 .group         0x00000000        0xc ./drivers/src/Inic_PLL.o
 .group         0x00000000        0xc ./drivers/src/Inic_PLL.o
 .text          0x00000000        0x0 ./drivers/src/Inic_PLL.o
 .data          0x00000000        0x0 ./drivers/src/Inic_PLL.o
 .bss           0x00000000        0x0 ./drivers/src/Inic_PLL.o
 .debug_macro   0x00000000      0xa66 ./drivers/src/Inic_PLL.o
 .debug_macro   0x00000000      0x397 ./drivers/src/Inic_PLL.o
 .group         0x00000000        0xc ./drivers/src/Init_GPIO.o
 .group         0x00000000        0xc ./drivers/src/Init_GPIO.o
 .group         0x00000000        0xc ./drivers/src/Init_GPIO.o
 .group         0x00000000        0xc ./drivers/src/Init_GPIO.o
 .group         0x00000000        0xc ./drivers/src/Init_GPIO.o
 .text          0x00000000        0x0 ./drivers/src/Init_GPIO.o
 .data          0x00000000        0x0 ./drivers/src/Init_GPIO.o
 .bss           0x00000000        0x0 ./drivers/src/Init_GPIO.o
 .debug_macro   0x00000000      0xa66 ./drivers/src/Init_GPIO.o
 .debug_macro   0x00000000      0x397 ./drivers/src/Init_GPIO.o
 .debug_macro   0x00000000       0x40 ./drivers/src/Init_GPIO.o
 .debug_macro   0x00000000       0xfa ./drivers/src/Init_GPIO.o
 .debug_macro   0x00000000       0x8e ./drivers/src/Init_GPIO.o
 .group         0x00000000        0xc ./drivers/src/Systick.o
 .group         0x00000000        0xc ./drivers/src/Systick.o
 .group         0x00000000        0xc ./drivers/src/Systick.o
 .text          0x00000000        0x0 ./drivers/src/Systick.o
 .data          0x00000000        0x0 ./drivers/src/Systick.o
 .bss           0x00000000        0x0 ./drivers/src/Systick.o
 .debug_macro   0x00000000      0xa66 ./drivers/src/Systick.o
 .debug_macro   0x00000000      0x397 ./drivers/src/Systick.o
 .debug_macro   0x00000000       0x40 ./drivers/src/Systick.o
 .group         0x00000000        0xc ./drivers/src/Teclado.o
 .group         0x00000000        0xc ./drivers/src/Teclado.o
 .group         0x00000000        0xc ./drivers/src/Teclado.o
 .group         0x00000000        0xc ./drivers/src/Teclado.o
 .group         0x00000000        0xc ./drivers/src/Teclado.o
 .text          0x00000000        0x0 ./drivers/src/Teclado.o
 .data          0x00000000        0x0 ./drivers/src/Teclado.o
 .bss           0x00000000        0x0 ./drivers/src/Teclado.o
 .debug_macro   0x00000000      0xa66 ./drivers/src/Teclado.o
 .debug_macro   0x00000000      0x397 ./drivers/src/Teclado.o
 .debug_macro   0x00000000       0x40 ./drivers/src/Teclado.o
 .debug_macro   0x00000000       0x8e ./drivers/src/Teclado.o
 .group         0x00000000        0xc ./drivers/src/cr_startup_lpc176x.o
 .text          0x00000000        0x0 ./drivers/src/cr_startup_lpc176x.o
 .data          0x00000000        0x0 ./drivers/src/cr_startup_lpc176x.o
 .bss           0x00000000        0x0 ./drivers/src/cr_startup_lpc176x.o
 .debug_macro   0x00000000      0xa66 ./drivers/src/cr_startup_lpc176x.o
 .group         0x00000000        0xc ./drivers/src/crp.o
 .group         0x00000000        0xc ./drivers/src/crp.o
 .text          0x00000000        0x0 ./drivers/src/crp.o
 .data          0x00000000        0x0 ./drivers/src/crp.o
 .bss           0x00000000        0x0 ./drivers/src/crp.o
 .debug_macro   0x00000000      0xa66 ./drivers/src/crp.o
 .group         0x00000000        0xc ./aplicacion/src/main.o
 .group         0x00000000        0xc ./aplicacion/src/main.o
 .group         0x00000000        0xc ./aplicacion/src/main.o
 .group         0x00000000        0xc ./aplicacion/src/main.o
 .group         0x00000000        0xc ./aplicacion/src/main.o
 .text          0x00000000        0x0 ./aplicacion/src/main.o
 .data          0x00000000        0x0 ./aplicacion/src/main.o
 .bss           0x00000000        0x0 ./aplicacion/src/main.o
 .debug_macro   0x00000000      0xa66 ./aplicacion/src/main.o
 .debug_macro   0x00000000      0x397 ./aplicacion/src/main.o
 .debug_macro   0x00000000       0x40 ./aplicacion/src/main.o
 .debug_macro   0x00000000       0xca ./aplicacion/src/main.o
 .debug_macro   0x00000000       0x8e ./aplicacion/src/main.o
 .group         0x00000000        0xc ./Primitivas/PR_7Seg.o
 .group         0x00000000        0xc ./Primitivas/PR_7Seg.o
 .group         0x00000000        0xc ./Primitivas/PR_7Seg.o
 .group         0x00000000        0xc ./Primitivas/PR_7Seg.o
 .group         0x00000000        0xc ./Primitivas/PR_7Seg.o
 .text          0x00000000        0x0 ./Primitivas/PR_7Seg.o
 .data          0x00000000        0x0 ./Primitivas/PR_7Seg.o
 .bss           0x00000000        0x0 ./Primitivas/PR_7Seg.o
 .debug_macro   0x00000000      0xa66 ./Primitivas/PR_7Seg.o
 .debug_macro   0x00000000      0x397 ./Primitivas/PR_7Seg.o
 .debug_macro   0x00000000       0x40 ./Primitivas/PR_7Seg.o
 .debug_macro   0x00000000       0xca ./Primitivas/PR_7Seg.o
 .debug_macro   0x00000000       0x8e ./Primitivas/PR_7Seg.o
 .group         0x00000000        0xc ./Primitivas/teclado_prim.o
 .group         0x00000000        0xc ./Primitivas/teclado_prim.o
 .group         0x00000000        0xc ./Primitivas/teclado_prim.o
 .group         0x00000000        0xc ./Primitivas/teclado_prim.o
 .text          0x00000000        0x0 ./Primitivas/teclado_prim.o
 .data          0x00000000        0x0 ./Primitivas/teclado_prim.o
 .bss           0x00000000        0x0 ./Primitivas/teclado_prim.o
 .debug_macro   0x00000000      0xa66 ./Primitivas/teclado_prim.o
 .debug_macro   0x00000000      0x397 ./Primitivas/teclado_prim.o
 .debug_macro   0x00000000       0x40 ./Primitivas/teclado_prim.o
 .debug_macro   0x00000000       0x1c ./Primitivas/teclado_prim.o
 .text          0x00000000        0x0 c:/nxp/mcuxpressoide_10.2.0_759/ide/tools/bin/../lib/gcc/arm-none-eabi/7.2.1/../../../../arm-none-eabi/lib/thumb/v7-m\libcr_c.a(__weak__main.o)
 .data          0x00000000        0x0 c:/nxp/mcuxpressoide_10.2.0_759/ide/tools/bin/../lib/gcc/arm-none-eabi/7.2.1/../../../../arm-none-eabi/lib/thumb/v7-m\libcr_c.a(__weak__main.o)
 .bss           0x00000000        0x0 c:/nxp/mcuxpressoide_10.2.0_759/ide/tools/bin/../lib/gcc/arm-none-eabi/7.2.1/../../../../arm-none-eabi/lib/thumb/v7-m\libcr_c.a(__weak__main.o)

Memory Configuration

Name             Origin             Length             Attributes
MFlash512        0x00000000         0x00080000         xr
RamLoc32         0x10000000         0x00008000         xrw
RamAHB32         0x2007c000         0x00008000         xrw
*default*        0x00000000         0xffffffff

Linker script and memory map

LOAD ./drivers/src/FW_7Seg.o
LOAD ./drivers/src/FW_InitExpansion2.o
LOAD ./drivers/src/GPIO.o
LOAD ./drivers/src/Inic_PLL.o
LOAD ./drivers/src/Init_GPIO.o
LOAD ./drivers/src/Systick.o
LOAD ./drivers/src/Teclado.o
LOAD ./drivers/src/cr_startup_lpc176x.o
LOAD ./drivers/src/crp.o
LOAD ./aplicacion/src/main.o
LOAD ./Primitivas/PR_7Seg.o
LOAD ./Primitivas/teclado_prim.o
START GROUP
LOAD c:/nxp/mcuxpressoide_10.2.0_759/ide/tools/bin/../lib/gcc/arm-none-eabi/7.2.1/../../../../arm-none-eabi/lib/thumb/v7-m\libcr_c.a
LOAD c:/nxp/mcuxpressoide_10.2.0_759/ide/tools/bin/../lib/gcc/arm-none-eabi/7.2.1/thumb/v7-m\libcr_eabihelpers.a
END GROUP
                0x00000000                __base_MFlash512 = 0x0
                0x00000000                __base_Flash = 0x0
                0x00080000                __top_MFlash512 = 0x80000
                0x00080000                __top_Flash = 0x80000
                0x10000000                __base_RamLoc32 = 0x10000000
                0x10000000                __base_RAM = 0x10000000
                0x10008000                __top_RamLoc32 = 0x10008000
                0x10008000                __top_RAM = 0x10008000
                0x2007c000                __base_RamAHB32 = 0x2007c000
                0x2007c000                __base_RAM2 = 0x2007c000
                0x20084000                __top_RamAHB32 = 0x20084000
                0x20084000                __top_RAM2 = 0x20084000

.text           0x00000000      0xd64
 FILL mask 0xff
                0x00000000                __vectors_start__ = ABSOLUTE (.)
 *(.isr_vector)
 .isr_vector    0x00000000       0xcc ./drivers/src/cr_startup_lpc176x.o
                0x00000000                g_pfnVectors
                0x000000cc                . = ALIGN (0x4)
                0x000000cc                __section_table_start = .
                0x000000cc                __data_section_table = .
                0x000000cc        0x4 LONG 0xd64 LOADADDR (.data)
                0x000000d0        0x4 LONG 0x10000000 ADDR (.data)
                0x000000d4        0x4 LONG 0x10 SIZEOF (.data)
                0x000000d8        0x4 LONG 0xd64 LOADADDR (.data_RAM2)
                0x000000dc        0x4 LONG 0x2007c000 ADDR (.data_RAM2)
                0x000000e0        0x4 LONG 0x0 SIZEOF (.data_RAM2)
                0x000000e4                __data_section_table_end = .
                0x000000e4                __bss_section_table = .
                0x000000e4        0x4 LONG 0x10000010 ADDR (.bss)
                0x000000e8        0x4 LONG 0x18 SIZEOF (.bss)
                0x000000ec        0x4 LONG 0x2007c000 ADDR (.bss_RAM2)
                0x000000f0        0x4 LONG 0x0 SIZEOF (.bss_RAM2)
                0x000000f4                __bss_section_table_end = .
                0x000000f4                __section_table_end = .
 *(.after_vectors*)
 .after_vectors
                0x000000f4      0x128 ./drivers/src/cr_startup_lpc176x.o
                0x000000f4                data_init
                0x00000136                bss_init
                0x0000016c                ResetISR
                0x000001e0                NMI_Handler
                0x000001e6                HardFault_Handler
                0x000001ec                MemManage_Handler
                0x000001f2                BusFault_Handler
                0x000001f8                UsageFault_Handler
                0x000001fe                SVC_Handler
                0x00000204                DebugMon_Handler
                0x0000020a                PendSV_Handler
                0x00000216                UART1_IRQHandler
                0x00000216                EINT3_IRQHandler
                0x00000216                CANActivity_IRQHandler
                0x00000216                TIMER3_IRQHandler
                0x00000216                UART0_IRQHandler
                0x00000216                USBActivity_IRQHandler
                0x00000216                EINT2_IRQHandler
                0x00000216                IntDefaultHandler
                0x00000216                PLL0_IRQHandler
                0x00000216                CAN_IRQHandler
                0x00000216                I2C0_IRQHandler
                0x00000216                SSP0_IRQHandler
                0x00000216                I2C1_IRQHandler
                0x00000216                I2C2_IRQHandler
                0x00000216                RTC_IRQHandler
                0x00000216                TIMER0_IRQHandler
                0x00000216                SPI_IRQHandler
                0x00000216                RIT_IRQHandler
                0x00000216                EINT1_IRQHandler
                0x00000216                TIMER1_IRQHandler
                0x00000216                UART2_IRQHandler
                0x00000216                ADC_IRQHandler
                0x00000216                SSP1_IRQHandler
                0x00000216                USB_IRQHandler
                0x00000216                BOD_IRQHandler
                0x00000216                PWM1_IRQHandler
                0x00000216                WDT_IRQHandler
                0x00000216                I2S_IRQHandler
                0x00000216                QEI_IRQHandler
                0x00000216                EINT0_IRQHandler
                0x00000216                PLL1_IRQHandler
                0x00000216                DMA_IRQHandler
                0x00000216                TIMER2_IRQHandler
                0x00000216                UART3_IRQHandler
                0x00000216                MCPWM_IRQHandler
                0x00000216                ENET_IRQHandler
                0x000002fc                . = 0x2fc
 *fill*         0x0000021c       0xe0 ff
                0x000002fc                PROVIDE (__CRP_WORD_START__, .)
 *(.crp)
 .crp           0x000002fc        0x4 ./drivers/src/crp.o
                0x000002fc                CRP_WORD
                0x00000300                PROVIDE (__CRP_WORD_END__, .)
                0x00000001                ASSERT (! ((__CRP_WORD_START__ == __CRP_WORD_END__)), Linker CRP Enabled, but no CRP_WORD provided within application)
 *(.text*)
 .text.BarridoDisplay
                0x00000300      0x1a0 ./drivers/src/FW_7Seg.o
                0x00000300                BarridoDisplay
 .text.Inicializar_Display7s
                0x000004a0      0x120 ./drivers/src/FW_InitExpansion2.o
                0x000004a0                Inicializar_Display7s
 .text.SetPINSEL
                0x000005c0       0x8a ./drivers/src/GPIO.o
                0x000005c0                SetPINSEL
 *fill*         0x0000064a        0x2 ff
 .text.SetPINMODE
                0x0000064c       0x80 ./drivers/src/GPIO.o
                0x0000064c                SetPINMODE
 .text.SetDIR   0x000006cc       0x74 ./drivers/src/GPIO.o
                0x000006cc                SetDIR
 .text.SetPIN   0x00000740       0x78 ./drivers/src/GPIO.o
                0x00000740                SetPIN
 .text.GetPIN   0x000007b8       0x4a ./drivers/src/GPIO.o
                0x000007b8                GetPIN
 *fill*         0x00000802        0x2 ff
 .text.InicPLL  0x00000804      0x140 ./drivers/src/Inic_PLL.o
                0x00000804                InicPLL
 .text.Inicializar_Teclado
                0x00000944       0x8a ./drivers/src/Init_GPIO.o
                0x00000944                Inicializar_Teclado
 .text.Inicializar_RGB
                0x000009ce       0x62 ./drivers/src/Init_GPIO.o
                0x000009ce                Inicializar_RGB
 .text.Inicializar_Systick
                0x00000a30       0x4c ./drivers/src/Init_GPIO.o
                0x00000a30                Inicializar_Systick
 .text.Inicializar
                0x00000a7c       0x1c ./drivers/src/Init_GPIO.o
                0x00000a7c                Inicializar
 .text.SysTick_Handler
                0x00000a98       0x10 ./drivers/src/Systick.o
                0x00000a98                SysTick_Handler
 .text.DriverTeclado
                0x00000aa8       0x1e ./drivers/src/Teclado.o
                0x00000aa8                DriverTeclado
 .text.TecladoHW
                0x00000ac6       0x78 ./drivers/src/Teclado.o
                0x00000ac6                TecladoHW
 *fill*         0x00000b3e        0x2 ff
 .text.tecladoSW
                0x00000b40       0xd8 ./drivers/src/Teclado.o
                0x00000b40                tecladoSW
 .text.main     0x00000c18       0x74 ./aplicacion/src/main.o
                0x00000c18                main
 .text.Display  0x00000c8c       0xa4 ./Primitivas/PR_7Seg.o
                0x00000c8c                Display
 .text.Teclado  0x00000d30       0x30 ./Primitivas/teclado_prim.o
                0x00000d30                Teclado
 .text.__weak_main
                0x00000d60        0x4 c:/nxp/mcuxpressoide_10.2.0_759/ide/tools/bin/../lib/gcc/arm-none-eabi/7.2.1/../../../../arm-none-eabi/lib/thumb/v7-m\libcr_c.a(__weak__main.o)
                0x00000d60                __weak_main
                0x00000d60                __main
 *(.rodata .rodata.* .constdata .constdata.*)
                0x00000d64                . = ALIGN (0x4)

.glue_7         0x00000d64        0x0
 .glue_7        0x00000d64        0x0 linker stubs

.glue_7t        0x00000d64        0x0
 .glue_7t       0x00000d64        0x0 linker stubs

.vfp11_veneer   0x00000d64        0x0
 .vfp11_veneer  0x00000d64        0x0 linker stubs

.v4_bx          0x00000d64        0x0
 .v4_bx         0x00000d64        0x0 linker stubs

.iplt           0x00000d64        0x0
 .iplt          0x00000d64        0x0 ./drivers/src/FW_7Seg.o

.rel.dyn        0x00000d64        0x0
 .rel.iplt      0x00000d64        0x0 ./drivers/src/FW_7Seg.o

.ARM.extab
 *(.ARM.extab* .gnu.linkonce.armextab.*)
                0x00000d64                __exidx_start = .

.ARM.exidx
 *(.ARM.exidx* .gnu.linkonce.armexidx.*)
                0x00000d64                __exidx_end = .
                0x00000d64                _etext = .

.data_RAM2      0x2007c000        0x0 load address 0x00000d64
 FILL mask 0xff
                [!provide]                PROVIDE (__start_data_RAM2, .)
 *(.ramfunc.$RAM2)
 *(.ramfunc.$RamAHB32)
 *(.data.$RAM2*)
 *(.data.$RamAHB32*)
                0x2007c000                . = ALIGN (0x4)
                [!provide]                PROVIDE (__end_data_RAM2, .)

.uninit_RESERVED
                0x10000000        0x0
 *(.bss.$RESERVED*)
                0x10000000                . = ALIGN (0x4)
                0x10000000                _end_uninit_RESERVED = .

.data           0x10000000       0x10 load address 0x00000d64
 FILL mask 0xff
                0x10000000                _data = .
 *(vtable)
 *(.ramfunc*)
 *(.data*)
 .data.codigoAnterior.3698
                0x10000000        0x1 ./drivers/src/Teclado.o
 *fill*         0x10000001        0x3 ff
 .data.Tabla_Digitos_BCD_7seg
                0x10000004        0xa ./Primitivas/PR_7Seg.o
                0x10000004                Tabla_Digitos_BCD_7seg
                0x10000010                . = ALIGN (0x4)
 *fill*         0x1000000e        0x2 ff
                0x10000010                _edata = .

.igot.plt       0x10000010        0x0 load address 0x00000d74
 .igot.plt      0x10000010        0x0 ./drivers/src/FW_7Seg.o

.bss_RAM2       0x2007c000        0x0
                [!provide]                PROVIDE (__start_bss_RAM2, .)
 *(.bss.$RAM2*)
 *(.bss.$RamAHB32*)
                0x2007c000                . = ALIGN ((. != 0x0)?0x4:0x1)
                [!provide]                PROVIDE (__end_bss_RAM2, .)

.bss            0x10000010       0x18
                0x10000010                _bss = .
 *(.bss*)
 .bss.digito.3687
                0x10000010        0x1 ./drivers/src/FW_7Seg.o
 *fill*         0x10000011        0x3 
 .bss.estado.3700
                0x10000014        0x4 ./drivers/src/Teclado.o
 .bss.contador.3699
                0x10000018        0x1 ./drivers/src/Teclado.o
 .bss.buffKey   0x10000019        0x1 ./aplicacion/src/main.o
                0x10000019                buffKey
 *fill*         0x1000001a        0x2 
 .bss.msgDisplay
                0x1000001c        0x6 ./aplicacion/src/main.o
                0x1000001c                msgDisplay
 *fill*         0x10000022        0x2 
 .bss.Val.3655  0x10000024        0x4 ./aplicacion/src/main.o
 *(COMMON)
                0x10000028                . = ALIGN (0x4)
                0x10000028                _ebss = .
                [!provide]                PROVIDE (end, .)

.noinit_RAM2    0x2007c000        0x0
 *(.noinit.$RAM2*)
 *(.noinit.$RamAHB32*)
                0x2007c000                . = ALIGN (0x4)

.noinit         0x10000028        0x0
                0x10000028                _noinit = .
 *(.noinit*)
                0x10000028                . = ALIGN (0x4)
                0x10000028                _end_noinit = .
                [!provide]                PROVIDE (_pvHeapStart, DEFINED (__user_heap_base)?__user_heap_base:.)
                0x10008000                PROVIDE (_vStackTop, DEFINED (__user_stack_top)?__user_stack_top:(__top_RamLoc32 - 0x0))
                [!provide]                PROVIDE (__valid_user_code_checksum, (0x0 - ((((((_vStackTop + (ResetISR + 0x1)) + (NMI_Handler + 0x1)) + (HardFault_Handler + 0x1)) + (DEFINED (MemManage_Handler)?MemManage_Handler:0x0 + 0x1)) + (DEFINED (BusFault_Handler)?BusFault_Handler:0x0 + 0x1)) + (DEFINED (UsageFault_Handler)?UsageFault_Handler:0x0 + 0x1))))
                0x00000000                _image_start = LOADADDR (.text)
                0x00000d74                _image_end = (LOADADDR (.data) + SIZEOF (.data))
                0x00000d74                _image_size = (_image_end - _image_start)
OUTPUT(Display_y_Debounce_SinConversor.axf elf32-littlearm)

.debug_info     0x00000000      0xaa2
 .debug_info    0x00000000       0x9b ./drivers/src/FW_7Seg.o
 .debug_info    0x0000009b       0x50 ./drivers/src/FW_InitExpansion2.o
 .debug_info    0x000000eb      0x195 ./drivers/src/GPIO.o
 .debug_info    0x00000280       0x5b ./drivers/src/Inic_PLL.o
 .debug_info    0x000002db      0x178 ./drivers/src/Init_GPIO.o
 .debug_info    0x00000453       0x7a ./drivers/src/Systick.o
 .debug_info    0x000004cd       0xfb ./drivers/src/Teclado.o
 .debug_info    0x000005c8      0x251 ./drivers/src/cr_startup_lpc176x.o
 .debug_info    0x00000819       0x3f ./drivers/src/crp.o
 .debug_info    0x00000858       0xec ./aplicacion/src/main.o
 .debug_info    0x00000944       0xe5 ./Primitivas/PR_7Seg.o
 .debug_info    0x00000a29       0x79 ./Primitivas/teclado_prim.o

.debug_abbrev   0x00000000      0x703
 .debug_abbrev  0x00000000       0x7c ./drivers/src/FW_7Seg.o
 .debug_abbrev  0x0000007c       0x3a ./drivers/src/FW_InitExpansion2.o
 .debug_abbrev  0x000000b6       0x9b ./drivers/src/GPIO.o
 .debug_abbrev  0x00000151       0x47 ./drivers/src/Inic_PLL.o
 .debug_abbrev  0x00000198      0x12b ./drivers/src/Init_GPIO.o
 .debug_abbrev  0x000002c3       0x70 ./drivers/src/Systick.o
 .debug_abbrev  0x00000333       0xb7 ./drivers/src/Teclado.o
 .debug_abbrev  0x000003ea      0x103 ./drivers/src/cr_startup_lpc176x.o
 .debug_abbrev  0x000004ed       0x36 ./drivers/src/crp.o
 .debug_abbrev  0x00000523       0xbf ./aplicacion/src/main.o
 .debug_abbrev  0x000005e2       0xb8 ./Primitivas/PR_7Seg.o
 .debug_abbrev  0x0000069a       0x69 ./Primitivas/teclado_prim.o

.debug_aranges  0x00000000      0x220
 .debug_aranges
                0x00000000       0x20 ./drivers/src/FW_7Seg.o
 .debug_aranges
                0x00000020       0x20 ./drivers/src/FW_InitExpansion2.o
 .debug_aranges
                0x00000040       0x40 ./drivers/src/GPIO.o
 .debug_aranges
                0x00000080       0x20 ./drivers/src/Inic_PLL.o
 .debug_aranges
                0x000000a0       0x38 ./drivers/src/Init_GPIO.o
 .debug_aranges
                0x000000d8       0x20 ./drivers/src/Systick.o
 .debug_aranges
                0x000000f8       0x30 ./drivers/src/Teclado.o
 .debug_aranges
                0x00000128       0x80 ./drivers/src/cr_startup_lpc176x.o
 .debug_aranges
                0x000001a8       0x18 ./drivers/src/crp.o
 .debug_aranges
                0x000001c0       0x20 ./aplicacion/src/main.o
 .debug_aranges
                0x000001e0       0x20 ./Primitivas/PR_7Seg.o
 .debug_aranges
                0x00000200       0x20 ./Primitivas/teclado_prim.o

.debug_ranges   0x00000000      0x158
 .debug_ranges  0x00000000       0x10 ./drivers/src/FW_7Seg.o
 .debug_ranges  0x00000010       0x10 ./drivers/src/FW_InitExpansion2.o
 .debug_ranges  0x00000020       0x30 ./drivers/src/GPIO.o
 .debug_ranges  0x00000050       0x10 ./drivers/src/Inic_PLL.o
 .debug_ranges  0x00000060       0x28 ./drivers/src/Init_GPIO.o
 .debug_ranges  0x00000088       0x10 ./drivers/src/Systick.o
 .debug_ranges  0x00000098       0x20 ./drivers/src/Teclado.o
 .debug_ranges  0x000000b8       0x70 ./drivers/src/cr_startup_lpc176x.o
 .debug_ranges  0x00000128       0x10 ./aplicacion/src/main.o
 .debug_ranges  0x00000138       0x10 ./Primitivas/PR_7Seg.o
 .debug_ranges  0x00000148       0x10 ./Primitivas/teclado_prim.o

.debug_macro    0x00000000     0x13d2
 .debug_macro   0x00000000       0x5a ./drivers/src/FW_7Seg.o
 .debug_macro   0x0000005a      0xa66 ./drivers/src/FW_7Seg.o
 .debug_macro   0x00000ac0      0x397 ./drivers/src/FW_7Seg.o
 .debug_macro   0x00000e57       0x40 ./drivers/src/FW_7Seg.o
 .debug_macro   0x00000e97       0xca ./drivers/src/FW_7Seg.o
 .debug_macro   0x00000f61       0x8e ./drivers/src/FW_7Seg.o
 .debug_macro   0x00000fef       0x8e ./drivers/src/FW_7Seg.o
 .debug_macro   0x0000107d       0x42 ./drivers/src/FW_InitExpansion2.o
 .debug_macro   0x000010bf       0x1a ./drivers/src/GPIO.o
 .debug_macro   0x000010d9       0x23 ./drivers/src/Inic_PLL.o
 .debug_macro   0x000010fc       0xfa ./drivers/src/Inic_PLL.o
 .debug_macro   0x000011f6       0x42 ./drivers/src/Init_GPIO.o
 .debug_macro   0x00001238       0x23 ./drivers/src/Systick.o
 .debug_macro   0x0000125b       0x42 ./drivers/src/Teclado.o
 .debug_macro   0x0000129d       0x1c ./drivers/src/Teclado.o
 .debug_macro   0x000012b9       0x1d ./drivers/src/cr_startup_lpc176x.o
 .debug_macro   0x000012d6       0x1a ./drivers/src/crp.o
 .debug_macro   0x000012f0       0x34 ./drivers/src/crp.o
 .debug_macro   0x00001324       0x3f ./aplicacion/src/main.o
 .debug_macro   0x00001363       0x3f ./Primitivas/PR_7Seg.o
 .debug_macro   0x000013a2       0x30 ./Primitivas/teclado_prim.o

.debug_line     0x00000000      0xf8d
 .debug_line    0x00000000      0x192 ./drivers/src/FW_7Seg.o
 .debug_line    0x00000192      0x182 ./drivers/src/FW_InitExpansion2.o
 .debug_line    0x00000314      0x115 ./drivers/src/GPIO.o
 .debug_line    0x00000429      0x114 ./drivers/src/Inic_PLL.o
 .debug_line    0x0000053d      0x1a6 ./drivers/src/Init_GPIO.o
 .debug_line    0x000006e3      0x13c ./drivers/src/Systick.o
 .debug_line    0x0000081f      0x1c1 ./drivers/src/Teclado.o
 .debug_line    0x000009e0       0xd7 ./drivers/src/cr_startup_lpc176x.o
 .debug_line    0x00000ab7       0x7d ./drivers/src/crp.o
 .debug_line    0x00000b34      0x17c ./aplicacion/src/main.o
 .debug_line    0x00000cb0      0x18d ./Primitivas/PR_7Seg.o
 .debug_line    0x00000e3d      0x150 ./Primitivas/teclado_prim.o

.debug_str      0x00000000     0x4b33
 .debug_str     0x00000000     0x4131 ./drivers/src/FW_7Seg.o
                               0x4164 (size before relaxing)
 .debug_str     0x00004131       0x39 ./drivers/src/FW_InitExpansion2.o
                               0x3fc3 (size before relaxing)
 .debug_str     0x0000416a       0x64 ./drivers/src/GPIO.o
                               0x3abd (size before relaxing)
 .debug_str     0x000041ce      0x4cf ./drivers/src/Inic_PLL.o
                               0x3f29 (size before relaxing)
 .debug_str     0x0000469d       0x84 ./drivers/src/Init_GPIO.o
                               0x42bc (size before relaxing)
 .debug_str     0x00004721       0x37 ./drivers/src/Systick.o
                               0x3adf (size before relaxing)
 .debug_str     0x00004758       0x9b ./drivers/src/Teclado.o
                               0x3dda (size before relaxing)
 .debug_str     0x000047f3      0x1cb ./drivers/src/cr_startup_lpc176x.o
                               0x2ee3 (size before relaxing)
 .debug_str     0x000049be       0xf1 ./drivers/src/crp.o
                               0x2df3 (size before relaxing)
 .debug_str     0x00004aaf       0x24 ./aplicacion/src/main.o
                               0x3ee4 (size before relaxing)
 .debug_str     0x00004ad3       0x43 ./Primitivas/PR_7Seg.o
                               0x3eee (size before relaxing)
 .debug_str     0x00004b16       0x1d ./Primitivas/teclado_prim.o
                               0x3b01 (size before relaxing)

.comment        0x00000000       0x7e
 .comment       0x00000000       0x7e ./drivers/src/FW_7Seg.o
                                 0x7f (size before relaxing)
 .comment       0x0000007e       0x7f ./drivers/src/FW_InitExpansion2.o
 .comment       0x0000007e       0x7f ./drivers/src/GPIO.o
 .comment       0x0000007e       0x7f ./drivers/src/Inic_PLL.o
 .comment       0x0000007e       0x7f ./drivers/src/Init_GPIO.o
 .comment       0x0000007e       0x7f ./drivers/src/Systick.o
 .comment       0x0000007e       0x7f ./drivers/src/Teclado.o
 .comment       0x0000007e       0x7f ./drivers/src/cr_startup_lpc176x.o
 .comment       0x0000007e       0x7f ./drivers/src/crp.o
 .comment       0x0000007e       0x7f ./aplicacion/src/main.o
 .comment       0x0000007e       0x7f ./Primitivas/PR_7Seg.o
 .comment       0x0000007e       0x7f ./Primitivas/teclado_prim.o
 .comment       0x0000007e       0x7f c:/nxp/mcuxpressoide_10.2.0_759/ide/tools/bin/../lib/gcc/arm-none-eabi/7.2.1/../../../../arm-none-eabi/lib/thumb/v7-m\libcr_c.a(__weak__main.o)

.ARM.attributes
                0x00000000       0x33
 .ARM.attributes
                0x00000000       0x33 ./drivers/src/FW_7Seg.o
 .ARM.attributes
                0x00000033       0x33 ./drivers/src/FW_InitExpansion2.o
 .ARM.attributes
                0x00000066       0x33 ./drivers/src/GPIO.o
 .ARM.attributes
                0x00000099       0x33 ./drivers/src/Inic_PLL.o
 .ARM.attributes
                0x000000cc       0x33 ./drivers/src/Init_GPIO.o
 .ARM.attributes
                0x000000ff       0x33 ./drivers/src/Systick.o
 .ARM.attributes
                0x00000132       0x33 ./drivers/src/Teclado.o
 .ARM.attributes
                0x00000165       0x33 ./drivers/src/cr_startup_lpc176x.o
 .ARM.attributes
                0x00000198       0x33 ./drivers/src/crp.o
 .ARM.attributes
                0x000001cb       0x33 ./aplicacion/src/main.o
 .ARM.attributes
                0x000001fe       0x33 ./Primitivas/PR_7Seg.o
 .ARM.attributes
                0x00000231       0x33 ./Primitivas/teclado_prim.o
 .ARM.attributes
                0x00000264       0x33 c:/nxp/mcuxpressoide_10.2.0_759/ide/tools/bin/../lib/gcc/arm-none-eabi/7.2.1/../../../../arm-none-eabi/lib/thumb/v7-m\libcr_c.a(__weak__main.o)

.debug_frame    0x00000000      0x4a8
 .debug_frame   0x00000000       0x34 ./drivers/src/FW_7Seg.o
 .debug_frame   0x00000034       0x2c ./drivers/src/FW_InitExpansion2.o
 .debug_frame   0x00000060       0xd8 ./drivers/src/GPIO.o
 .debug_frame   0x00000138       0x30 ./drivers/src/Inic_PLL.o
 .debug_frame   0x00000168       0x84 ./drivers/src/Init_GPIO.o
 .debug_frame   0x000001ec       0x2c ./drivers/src/Systick.o
 .debug_frame   0x00000218       0x80 ./drivers/src/Teclado.o
 .debug_frame   0x00000298      0x170 ./drivers/src/cr_startup_lpc176x.o
 .debug_frame   0x00000408       0x30 ./aplicacion/src/main.o
 .debug_frame   0x00000438       0x38 ./Primitivas/PR_7Seg.o
 .debug_frame   0x00000470       0x38 ./Primitivas/teclado_prim.o
