Archive member included to satisfy reference by file (symbol)

/home/mica/Documents/Informatica_II/MCUXpresso_11.1.1_3241/workspace/Contados_autos/bibliotecaInfo2-Distribucion-060618/libbibliotecaInfoII.a(DR_Inicializacion.o)
                              ./src/Contados_autos.o (Inicializacion)
/home/mica/Documents/Informatica_II/MCUXpresso_11.1.1_3241/workspace/Contados_autos/bibliotecaInfo2-Distribucion-060618/libbibliotecaInfoII.a(DR_PLL.o)
                              /home/mica/Documents/Informatica_II/MCUXpresso_11.1.1_3241/workspace/Contados_autos/bibliotecaInfo2-Distribucion-060618/libbibliotecaInfoII.a(DR_Inicializacion.o) (InicializarPLL)
/home/mica/Documents/Informatica_II/MCUXpresso_11.1.1_3241/workspace/Contados_autos/bibliotecaInfo2-Distribucion-060618/libbibliotecaInfoII.a(DR_RGB.o)
                              /home/mica/Documents/Informatica_II/MCUXpresso_11.1.1_3241/workspace/Contados_autos/bibliotecaInfo2-Distribucion-060618/libbibliotecaInfoII.a(DR_Inicializacion.o) (InicializarRGB)
/home/mica/Documents/Informatica_II/MCUXpresso_11.1.1_3241/workspace/Contados_autos/bibliotecaInfo2-Distribucion-060618/libbibliotecaInfoII.a(DR_Salidas.o)
                              /home/mica/Documents/Informatica_II/MCUXpresso_11.1.1_3241/workspace/Contados_autos/bibliotecaInfo2-Distribucion-060618/libbibliotecaInfoII.a(DR_Inicializacion.o) (InicializarSalidas)
/home/mica/Documents/Informatica_II/MCUXpresso_11.1.1_3241/workspace/Contados_autos/bibliotecaInfo2-Distribucion-060618/libbibliotecaInfoII.a(DR_SysTick.o)
                              /home/mica/Documents/Informatica_II/MCUXpresso_11.1.1_3241/workspace/Contados_autos/bibliotecaInfo2-Distribucion-060618/libbibliotecaInfoII.a(DR_Inicializacion.o) (InicializarSysTick)
/home/mica/Documents/Informatica_II/MCUXpresso_11.1.1_3241/workspace/Contados_autos/bibliotecaInfo2-Distribucion-060618/libbibliotecaInfoII.a(DR_Teclado.o)
                              /home/mica/Documents/Informatica_II/MCUXpresso_11.1.1_3241/workspace/Contados_autos/bibliotecaInfo2-Distribucion-060618/libbibliotecaInfoII.a(DR_Inicializacion.o) (InicializarTeclado)
/home/mica/Documents/Informatica_II/MCUXpresso_11.1.1_3241/workspace/Contados_autos/bibliotecaInfo2-Distribucion-060618/libbibliotecaInfoII.a(DR_Timers.o)
                              /home/mica/Documents/Informatica_II/MCUXpresso_11.1.1_3241/workspace/Contados_autos/bibliotecaInfo2-Distribucion-060618/libbibliotecaInfoII.a(DR_SysTick.o) (AnalizarTimers)
/home/mica/Documents/Informatica_II/MCUXpresso_11.1.1_3241/workspace/Contados_autos/bibliotecaInfo2-Distribucion-060618/libbibliotecaInfoII.a(DR_UART0.o)
                              /home/mica/Documents/Informatica_II/MCUXpresso_11.1.1_3241/workspace/Contados_autos/bibliotecaInfo2-Distribucion-060618/libbibliotecaInfoII.a(DR_Inicializacion.o) (UART0_Inicializacion)
/home/mica/Documents/Informatica_II/MCUXpresso_11.1.1_3241/workspace/Contados_autos/bibliotecaInfo2-Distribucion-060618/libbibliotecaInfoII.a(DR_UART1.o)
                              /home/mica/Documents/Informatica_II/MCUXpresso_11.1.1_3241/workspace/Contados_autos/bibliotecaInfo2-Distribucion-060618/libbibliotecaInfoII.a(DR_Inicializacion.o) (UART1_Inicializacion)
/home/mica/Documents/Informatica_II/MCUXpresso_11.1.1_3241/workspace/Contados_autos/bibliotecaInfo2-Distribucion-060618/libbibliotecaInfoII.a(DR_adc.o)
                              /home/mica/Documents/Informatica_II/MCUXpresso_11.1.1_3241/workspace/Contados_autos/bibliotecaInfo2-Distribucion-060618/libbibliotecaInfoII.a(DR_Inicializacion.o) (InicializarADC)
/home/mica/Documents/Informatica_II/MCUXpresso_11.1.1_3241/workspace/Contados_autos/bibliotecaInfo2-Distribucion-060618/libbibliotecaInfoII.a(DR_gpio.o)
                              /home/mica/Documents/Informatica_II/MCUXpresso_11.1.1_3241/workspace/Contados_autos/bibliotecaInfo2-Distribucion-060618/libbibliotecaInfoII.a(DR_RGB.o) (SetDIR)
/home/mica/Documents/Informatica_II/MCUXpresso_11.1.1_3241/workspace/Contados_autos/bibliotecaInfo2-Distribucion-060618/libbibliotecaInfoII.a(DR_lcd.o)
                              /home/mica/Documents/Informatica_II/MCUXpresso_11.1.1_3241/workspace/Contados_autos/bibliotecaInfo2-Distribucion-060618/libbibliotecaInfoII.a(DR_Inicializacion.o) (InicializarLCD)
/home/mica/Documents/Informatica_II/MCUXpresso_11.1.1_3241/workspace/Contados_autos/bibliotecaInfo2-Distribucion-060618/libbibliotecaInfoII.a(DR_pinsel.o)
                              /home/mica/Documents/Informatica_II/MCUXpresso_11.1.1_3241/workspace/Contados_autos/bibliotecaInfo2-Distribucion-060618/libbibliotecaInfoII.a(DR_RGB.o) (SetPINSEL)
/home/mica/Documents/Informatica_II/MCUXpresso_11.1.1_3241/workspace/Contados_autos/bibliotecaInfo2-Distribucion-060618/libbibliotecaInfoII.a(PR_Buzzer.o)
                              ./src/AP_FuncionesMdeE.o (Buzzer)
[...]
Memory Configuration

Name             Origin             Length             Attributes
MFlash512        0x0000000000000000 0x0000000000080000 xr
RamLoc32         0x0000000010000000 0x0000000000008000 xrw
RamAHB32         0x000000002007c000 0x0000000000008000 xrw
*default*        0x0000000000000000 0xffffffffffffffff

Linker script and memory map

LOAD ./src/AP_FuncionesMdeE.o
LOAD ./src/AP_MdeE.o
LOAD ./src/Contados_autos.o
LOAD ./src/cr_startup_lpc175x_6x.o
LOAD ./src/crp.o
LOAD /home/mica/Documents/Informatica_II/MCUXpresso_11.1.1_3241/workspace/Contados_autos/bibliotecaInfo2-Distribucion-060618/libbibliotecaInfoII.a
START GROUP
LOAD /usr/local/mcuxpressoide-11.1.1_3241/ide/plugins/com.nxp.mcuxpresso.tools.linux_11.1.0.202001081728/tools/bin/../lib/gcc/arm-none-eabi/8.3.1/../../../../arm-none-eabi/lib/thumb/v7-m/nofp/libcr_c.a
LOAD /usr/local/mcuxpressoide-11.1.1_3241/ide/plugins/com.nxp.mcuxpresso.tools.linux_11.1.0.202001081728/tools/bin/../lib/gcc/arm-none-eabi/8.3.1/thumb/v7-m/nofp/libcr_eabihelpers.a
LOAD /usr/local/mcuxpressoide-11.1.1_3241/ide/plugins/com.nxp.mcuxpresso.tools.linux_11.1.0.202001081728/tools/bin/../lib/gcc/arm-none-eabi/8.3.1/thumb/v7-m/nofp/libgcc.a
END GROUP
                0x0000000000000000                __base_MFlash512 = 0x0
                0x0000000000000000                __base_Flash = 0x0
                0x0000000000080000                __top_MFlash512 = 0x80000
                0x0000000000080000                __top_Flash = 0x80000
                0x0000000010000000                __base_RamLoc32 = 0x10000000
                0x0000000010000000                __base_RAM = 0x10000000
                0x0000000010008000                __top_RamLoc32 = 0x10008000
                0x0000000010008000                __top_RAM = 0x10008000
                0x000000002007c000                __base_RamAHB32 = 0x2007c000
                0x000000002007c000                __base_RAM2 = 0x2007c000
                0x0000000020084000                __top_RamAHB32 = 0x20084000
                0x0000000020084000                __top_RAM2 = 0x20084000

.text           0x0000000000000000     0x1a90
 FILL mask 0xff
                0x0000000000000000                __vectors_start__ = ABSOLUTE (.)
 *(.isr_vector)
 .isr_vector    0x0000000000000000       0xcc ./src/cr_startup_lpc175x_6x.o
                0x0000000000000000                g_pfnVectors
                0x00000000000000cc                . = ALIGN (0x4)
                0x00000000000000cc                __section_table_start = .
                0x00000000000000cc                __data_section_table = .
                0x00000000000000cc        0x4 LONG 0x1a90 LOADADDR (.data)
                0x00000000000000d0        0x4 LONG 0x10000000 ADDR (.data)
                0x00000000000000d4        0x4 LONG 0x8 SIZEOF (.data)
                0x00000000000000d8        0x4 LONG 0x1a90 LOADADDR (.data_RAM2)
                0x00000000000000dc        0x4 LONG 0x2007c000 ADDR (.data_RAM2)
                0x00000000000000e0        0x4 LONG 0x0 SIZEOF (.data_RAM2)
                0x00000000000000e4                __data_section_table_end = .
                0x00000000000000e4                __bss_section_table = .
                0x00000000000000e4        0x4 LONG 0x10000008 ADDR (.bss)
                0x00000000000000e8        0x4 LONG 0x10ec SIZEOF (.bss)
                0x00000000000000ec        0x4 LONG 0x2007c000 ADDR (.bss_RAM2)
                0x00000000000000f0        0x4 LONG 0x0 SIZEOF (.bss_RAM2)
                0x00000000000000f4                __bss_section_table_end = .
                0x00000000000000f4                __section_table_end = .
 *(.after_vectors*)
 .after_vectors
                0x00000000000000f4      0x128 ./src/cr_startup_lpc175x_6x.o
                0x00000000000000f4                data_init
                0x0000000000000136                bss_init
                0x000000000000016c                ResetISR
                0x00000000000001e0                NMI_Handler
                0x00000000000001e6                HardFault_Handler
                0x00000000000001ec                MemManage_Handler
                0x00000000000001f2                BusFault_Handler
                0x00000000000001f8                UsageFault_Handler
                0x00000000000001fe                SVC_Handler
                0x0000000000000204                DebugMon_Handler
                0x000000000000020a                PendSV_Handler
                0x0000000000000216                TIMER2_IRQHandler
                0x0000000000000216                RIT_IRQHandler
                0x0000000000000216                I2C0_IRQHandler
                0x0000000000000216                USBActivity_IRQHandler
                0x0000000000000216                PWM1_IRQHandler
                0x0000000000000216                I2C1_IRQHandler
                0x0000000000000216                EINT2_IRQHandler
                0x0000000000000216                EINT3_IRQHandler
                0x0000000000000216                CANActivity_IRQHandler
                0x0000000000000216                TIMER3_IRQHandler
                0x0000000000000216                IntDefaultHandler
                0x0000000000000216                PLL0_IRQHandler
                0x0000000000000216                CAN_IRQHandler
                0x0000000000000216                PLL1_IRQHandler
                0x0000000000000216                SSP0_IRQHandler
                0x0000000000000216                I2S_IRQHandler
                0x0000000000000216                I2C2_IRQHandler
                0x0000000000000216                RTC_IRQHandler
                0x0000000000000216                TIMER0_IRQHandler
                0x0000000000000216                SPI_IRQHandler
                0x0000000000000216                EINT1_IRQHandler
                0x0000000000000216                TIMER1_IRQHandler
                0x0000000000000216                UART2_IRQHandler
                0x0000000000000216                SSP1_IRQHandler
                0x0000000000000216                USB_IRQHandler
                0x0000000000000216                BOD_IRQHandler
                0x0000000000000216                WDT_IRQHandler
                0x0000000000000216                QEI_IRQHandler
                0x0000000000000216                EINT0_IRQHandler
                0x0000000000000216                DMA_IRQHandler
                0x0000000000000216                UART3_IRQHandler
                0x0000000000000216                MCPWM_IRQHandler
                0x0000000000000216                ENET_IRQHandler
                0x00000000000002fc                . = 0x2fc
 *fill*         0x000000000000021c       0xe0 ff
                0x00000000000002fc                PROVIDE (__CRP_WORD_START__ = .)
 *(.crp)
 .crp           0x00000000000002fc        0x4 ./src/crp.o
                0x00000000000002fc                CRP_WORD
                0x0000000000000300                PROVIDE (__CRP_WORD_END__ = .)
                0x0000000000000001                ASSERT (! ((__CRP_WORD_START__ == __CRP_WORD_END__)), Linker CRP Enabled, but no CRP_WORD provided within application)
 *(.text*)
 .text.Sensor1  0x0000000000000300       0x22 ./src/AP_FuncionesMdeE.o
                0x0000000000000300                Sensor1
 .text.Sensor2  0x0000000000000322       0x22 ./src/AP_FuncionesMdeE.o
                0x0000000000000322                Sensor2
 .text.Timer10  0x0000000000000344       0x18 ./src/AP_FuncionesMdeE.o
                0x0000000000000344                Timer10
 .text.EnciendoSirena
                0x000000000000035c        0xe ./src/AP_FuncionesMdeE.o
                0x000000000000035c                EnciendoSirena
 .text.ApagoSirena
                0x000000000000036a        0xe ./src/AP_FuncionesMdeE.o
                0x000000000000036a                ApagoSirena
 .text.Iniciotimer10
                0x0000000000000378       0x18 ./src/AP_FuncionesMdeE.o
                0x0000000000000378                Iniciotimer10
 .text.maquina_MdE1
                0x0000000000000390      0x134 ./src/AP_MdeE.o
                0x0000000000000390                maquina_MdE1
 .text.maquina_MdESirena
                0x00000000000004c4       0x88 ./src/AP_MdeE.o
                0x00000000000004c4                maquina_MdESirena
 .text.main     0x000000000000054c       0x16 ./src/Contados_autos.o
                0x000000000000054c                main
 .text.Inicializacion
                0x0000000000000562       0x40 /home/mica/Documents/Informatica_II/MCUXpresso_11.1.1_3241/workspace/Contados_autos/bibliotecaInfo2-Distribucion-060618/libbibliotecaInfoII.a(DR_Inicializacion.o)
                0x0000000000000562                Inicializacion
 *fill*         0x00000000000005a2        0x2 ff
 .text.InicializarPLL
                0x00000000000005a4      0x140 /home/mica/Documents/Informatica_II/MCUXpresso_11.1.1_3241/workspace/Contados_autos/bibliotecaInfo2-Distribucion-060618/libbibliotecaInfoII.a(DR_PLL.o)
                0x00000000000005a4                InicializarPLL
 .text.InicializarRGB
                0x00000000000006e4       0x44 /home/mica/Documents/Informatica_II/MCUXpresso_11.1.1_3241/workspace/Contados_autos/bibliotecaInfo2-Distribucion-060618/libbibliotecaInfoII.a(DR_RGB.o)
                0x00000000000006e4                InicializarRGB
 .text.RefrescoSalidas
                0x0000000000000728       0x6c /home/mica/Documents/Informatica_II/MCUXpresso_11.1.1_3241/workspace/Contados_autos/bibliotecaInfo2-Distribucion-060618/libbibliotecaInfoII.a(DR_Salidas.o)
                0x0000000000000728                RefrescoSalidas
 .text.InicializarSalidas
                0x0000000000000794       0x58 /home/mica/Documents/Informatica_II/MCUXpresso_11.1.1_3241/workspace/Contados_autos/bibliotecaInfo2-Distribucion-060618/libbibliotecaInfoII.a(DR_Salidas.o)
                0x0000000000000794                InicializarSalidas
 .text.InicializarSysTick
                0x00000000000007ec       0x40 /home/mica/Documents/Informatica_II/MCUXpresso_11.1.1_3241/workspace/Contados_autos/bibliotecaInfo2-Distribucion-060618/libbibliotecaInfoII.a(DR_SysTick.o)
                0x00000000000007ec                InicializarSysTick
 .text.SysTick_Handler
                0x000000000000082c       0x24 /home/mica/Documents/Informatica_II/MCUXpresso_11.1.1_3241/workspace/Contados_autos/bibliotecaInfo2-Distribucion-060618/libbibliotecaInfoII.a(DR_SysTick.o)
                0x000000000000082c                SysTick_Handler
 .text.InicializarTeclado
                0x0000000000000850       0x80 /home/mica/Documents/Informatica_II/MCUXpresso_11.1.1_3241/workspace/Contados_autos/bibliotecaInfo2-Distribucion-060618/libbibliotecaInfoII.a(DR_Teclado.o)
                0x0000000000000850                InicializarTeclado
 .text.DriverTecladoSW
                0x00000000000008d0       0x98 /home/mica/Documents/Informatica_II/MCUXpresso_11.1.1_3241/workspace/Contados_autos/bibliotecaInfo2-Distribucion-060618/libbibliotecaInfoII.a(DR_Teclado.o)
                0x00000000000008d0                DriverTecladoSW
 .text.DriverTecladoHW
                0x0000000000000968       0x64 /home/mica/Documents/Informatica_II/MCUXpresso_11.1.1_3241/workspace/Contados_autos/bibliotecaInfo2-Distribucion-060618/libbibliotecaInfoII.a(DR_Teclado.o)
                0x0000000000000968                DriverTecladoHW
 .text.AnalizarTimers
                0x00000000000009cc       0x70 /home/mica/Documents/Informatica_II/MCUXpresso_11.1.1_3241/workspace/Contados_autos/bibliotecaInfo2-Distribucion-060618/libbibliotecaInfoII.a(DR_Timers.o)
                0x00000000000009cc                AnalizarTimers
 .text.UART0_IRQHandler
                0x0000000000000a3c       0x70 /home/mica/Documents/Informatica_II/MCUXpresso_11.1.1_3241/workspace/Contados_autos/bibliotecaInfo2-Distribucion-060618/libbibliotecaInfoII.a(DR_UART0.o)
                0x0000000000000a3c                UART0_IRQHandler
 .text.UART0_Inicializacion
                0x0000000000000aac       0x94 /home/mica/Documents/Informatica_II/MCUXpresso_11.1.1_3241/workspace/Contados_autos/bibliotecaInfo2-Distribucion-060618/libbibliotecaInfoII.a(DR_UART0.o)
                0x0000000000000aac                UART0_Inicializacion
 .text.UART0_PushRX
                0x0000000000000b40       0x44 /home/mica/Documents/Informatica_II/MCUXpresso_11.1.1_3241/workspace/Contados_autos/bibliotecaInfo2-Distribucion-060618/libbibliotecaInfoII.a(DR_UART0.o)
                0x0000000000000b40                UART0_PushRX
 .text.UART0_PopTX
                0x0000000000000b84       0x60 /home/mica/Documents/Informatica_II/MCUXpresso_11.1.1_3241/workspace/Contados_autos/bibliotecaInfo2-Distribucion-060618/libbibliotecaInfoII.a(DR_UART0.o)
                0x0000000000000b84                UART0_PopTX
 .text.UART1_IRQHandler
                0x0000000000000be4       0x70 /home/mica/Documents/Informatica_II/MCUXpresso_11.1.1_3241/workspace/Contados_autos/bibliotecaInfo2-Distribucion-060618/libbibliotecaInfoII.a(DR_UART1.o)
                0x0000000000000be4                UART1_IRQHandler
 .text.UART1_Inicializacion
                0x0000000000000c54       0x94 /home/mica/Documents/Informatica_II/MCUXpresso_11.1.1_3241/workspace/Contados_autos/bibliotecaInfo2-Distribucion-060618/libbibliotecaInfoII.a(DR_UART1.o)
                0x0000000000000c54                UART1_Inicializacion
 .text.UART1_PushRX
                0x0000000000000ce8       0x44 /home/mica/Documents/Informatica_II/MCUXpresso_11.1.1_3241/workspace/Contados_autos/bibliotecaInfo2-Distribucion-060618/libbibliotecaInfoII.a(DR_UART1.o)
                0x0000000000000ce8                UART1_PushRX
 .text.UART1_PopTX
                0x0000000000000d2c       0x60 /home/mica/Documents/Informatica_II/MCUXpresso_11.1.1_3241/workspace/Contados_autos/bibliotecaInfo2-Distribucion-060618/libbibliotecaInfoII.a(DR_UART1.o)
                0x0000000000000d2c                UART1_PopTX
 .text.ADC_IRQHandler
                0x0000000000000d8c      0x168 /home/mica/Documents/Informatica_II/MCUXpresso_11.1.1_3241/workspace/Contados_autos/bibliotecaInfo2-Distribucion-060618/libbibliotecaInfoII.a(DR_adc.o)
                0x0000000000000d8c                ADC_IRQHandler
 .text.InicializarADC
                0x0000000000000ef4      0x10c /home/mica/Documents/Informatica_II/MCUXpresso_11.1.1_3241/workspace/Contados_autos/bibliotecaInfo2-Distribucion-060618/libbibliotecaInfoII.a(DR_adc.o)
                0x0000000000000ef4                InicializarADC
 .text.SetDIR   0x0000000000001000       0x78 /home/mica/Documents/Informatica_II/MCUXpresso_11.1.1_3241/workspace/Contados_autos/bibliotecaInfo2-Distribucion-060618/libbibliotecaInfoII.a(DR_gpio.o)
                0x0000000000001000                SetDIR
 .text.SetPIN   0x0000000000001078       0x7c /home/mica/Documents/Informatica_II/MCUXpresso_11.1.1_3241/workspace/Contados_autos/bibliotecaInfo2-Distribucion-060618/libbibliotecaInfoII.a(DR_gpio.o)
                0x0000000000001078                SetPIN
 .text.SetMODE  0x00000000000010f4       0xa0 /home/mica/Documents/Informatica_II/MCUXpresso_11.1.1_3241/workspace/Contados_autos/bibliotecaInfo2-Distribucion-060618/libbibliotecaInfoII.a(DR_gpio.o)
                0x00000000000010f4                SetMODE
 .text.GetPIN   0x0000000000001194       0x54 /home/mica/Documents/Informatica_II/MCUXpresso_11.1.1_3241/workspace/Contados_autos/bibliotecaInfo2-Distribucion-060618/libbibliotecaInfoII.a(DR_gpio.o)
                0x0000000000001194                GetPIN
 .text.InicializarLCD
                0x00000000000011e8      0x150 /home/mica/Documents/Informatica_II/MCUXpresso_11.1.1_3241/workspace/Contados_autos/bibliotecaInfo2-Distribucion-060618/libbibliotecaInfoII.a(DR_lcd.o)
                0x00000000000011e8                InicializarLCD
 .text.LCD_Push
                0x0000000000001338       0xb8 /home/mica/Documents/Informatica_II/MCUXpresso_11.1.1_3241/workspace/Contados_autos/bibliotecaInfo2-Distribucion-060618/libbibliotecaInfoII.a(DR_lcd.o)
                0x0000000000001338                LCD_Push
 .text.LCD_Pop  0x00000000000013f0       0x74 /home/mica/Documents/Informatica_II/MCUXpresso_11.1.1_3241/workspace/Contados_autos/bibliotecaInfo2-Distribucion-060618/libbibliotecaInfoII.a(DR_lcd.o)
                0x00000000000013f0                LCD_Pop
 .text.EscrituraLCD
                0x0000000000001464      0x104 /home/mica/Documents/Informatica_II/MCUXpresso_11.1.1_3241/workspace/Contados_autos/bibliotecaInfo2-Distribucion-060618/libbibliotecaInfoII.a(DR_lcd.o)
                0x0000000000001464                EscrituraLCD
 .text.SetPINSEL
                0x0000000000001568       0x8a /home/mica/Documents/Informatica_II/MCUXpresso_11.1.1_3241/workspace/Contados_autos/bibliotecaInfo2-Distribucion-060618/libbibliotecaInfoII.a(DR_pinsel.o)
                0x0000000000001568                SetPINSEL
 *fill*         0x00000000000015f2        0x2 ff
 .text.Buzzer   0x00000000000015f4       0x20 /home/mica/Documents/Informatica_II/MCUXpresso_11.1.1_3241/workspace/Contados_autos/bibliotecaInfo2-Distribucion-060618/libbibliotecaInfoII.a(PR_Buzzer.o)
                0x00000000000015f4                Buzzer
 .text.GetKey   0x0000000000001614       0x24 /home/mica/Documents/Informatica_II/MCUXpresso_11.1.1_3241/workspace/Contados_autos/bibliotecaInfo2-Distribucion-060618/libbibliotecaInfoII.a(PR_Teclado.o)
                0x0000000000001614                GetKey
 .text.TimerStart
                0x0000000000001638       0xa4 /home/mica/Documents/Informatica_II/MCUXpresso_11.1.1_3241/workspace/Contados_autos/bibliotecaInfo2-Distribucion-060618/libbibliotecaInfoII.a(PR_Timers.o)
                0x0000000000001638                TimerStart
 .text.BarridoDisplay
                0x00000000000016dc      0x1a0 /home/mica/Documents/Informatica_II/MCUXpresso_11.1.1_3241/workspace/Contados_autos/bibliotecaInfo2-Distribucion-060618/libbibliotecaInfoII.a(DR_7seg.o)
                0x00000000000016dc                BarridoDisplay
 .text.InicializarDisplayExp2
                0x000000000000187c       0x94 /home/mica/Documents/Informatica_II/MCUXpresso_11.1.1_3241/workspace/Contados_autos/bibliotecaInfo2-Distribucion-060618/libbibliotecaInfoII.a(DR_7seg.o)
                0x000000000000187c                InicializarDisplayExp2
 .text.RefrescoBuzzer
                0x0000000000001910       0x24 /home/mica/Documents/Informatica_II/MCUXpresso_11.1.1_3241/workspace/Contados_autos/bibliotecaInfo2-Distribucion-060618/libbibliotecaInfoII.a(DR_Buzzer.o)
                0x0000000000001910                RefrescoBuzzer
 .text.InicializarBuzzer
                0x0000000000001934       0x26 /home/mica/Documents/Informatica_II/MCUXpresso_11.1.1_3241/workspace/Contados_autos/bibliotecaInfo2-Distribucion-060618/libbibliotecaInfoII.a(DR_Buzzer.o)
                0x0000000000001934                InicializarBuzzer
 *fill*         0x000000000000195a        0x2 ff
 .text.DebounceEntradas
                0x000000000000195c       0xec /home/mica/Documents/Informatica_II/MCUXpresso_11.1.1_3241/workspace/Contados_autos/bibliotecaInfo2-Distribucion-060618/libbibliotecaInfoII.a(DR_Entradas.o)
                0x000000000000195c                DebounceEntradas
 .text.InicializarEntradas
                0x0000000000001a48       0x44 /home/mica/Documents/Informatica_II/MCUXpresso_11.1.1_3241/workspace/Contados_autos/bibliotecaInfo2-Distribucion-060618/libbibliotecaInfoII.a(DR_Entradas.o)
                0x0000000000001a48                InicializarEntradas
 .text.__weak_main
                0x0000000000001a8c        0x4 /usr/local/mcuxpressoide-11.1.1_3241/ide/plugins/com.nxp.mcuxpresso.tools.linux_11.1.0.202001081728/tools/bin/../lib/gcc/arm-none-eabi/8.3.1/../../../../arm-none-eabi/lib/thumb/v7-m/nofp/libcr_c.a(__weak__main.o)
                0x0000000000001a8c                __main
                0x0000000000001a8c                __weak_main
 *(.rodata .rodata.* .constdata .constdata.*)
                0x0000000000001a90                . = ALIGN (0x4)

.glue_7         0x0000000000001a90        0x0
 .glue_7        0x0000000000001a90        0x0 linker stubs

.glue_7t        0x0000000000001a90        0x0
 .glue_7t       0x0000000000001a90        0x0 linker stubs

.vfp11_veneer   0x0000000000001a90        0x0
 .vfp11_veneer  0x0000000000001a90        0x0 linker stubs

.v4_bx          0x0000000000001a90        0x0
 .v4_bx         0x0000000000001a90        0x0 linker stubs

.iplt           0x0000000000001a90        0x0
 .iplt          0x0000000000001a90        0x0 ./src/AP_FuncionesMdeE.o

.rel.dyn        0x0000000000001a90        0x0
 .rel.iplt      0x0000000000001a90        0x0 ./src/AP_FuncionesMdeE.o

.ARM.extab
 *(.ARM.extab* .gnu.linkonce.armextab.*)

.ARM.exidx      0x0000000000001a90        0x0
                0x0000000000001a90                __exidx_start = .
 *(.ARM.exidx* .gnu.linkonce.armexidx.*)
                0x0000000000001a90                __exidx_end = .
                0x0000000000001a90                _etext = .

.data_RAM2      0x000000002007c000        0x0 load address 0x0000000000001a90
 FILL mask 0xff
                [!provide]                        PROVIDE (__start_data_RAM2 = .)
                [!provide]                        PROVIDE (__start_data_RamAHB32 = .)
 *(.ramfunc.$RAM2)
 *(.ramfunc.$RamAHB32)
 *(.data.$RAM2)
 *(.data.$RamAHB32)
 *(.data.$RAM2.*)
 *(.data.$RamAHB32.*)
                0x000000002007c000                . = ALIGN (0x4)
                [!provide]                        PROVIDE (__end_data_RAM2 = .)
                [!provide]                        PROVIDE (__end_data_RamAHB32 = .)

.uninit_RESERVED
                0x0000000010000000        0x0
                0x0000000010000000                _start_uninit_RESERVED = .
 *(.bss.$RESERVED*)
                0x0000000010000000                . = ALIGN (0x4)
                0x0000000010000000                _end_uninit_RESERVED = .

.data           0x0000000010000000        0x8 load address 0x0000000000001a90
 FILL mask 0xff
                0x0000000010000000                _data = .
                [!provide]                        PROVIDE (__start_data_RAM = .)
                [!provide]                        PROVIDE (__start_data_RamLoc32 = .)
 *(vtable)
 *(.ramfunc*)
 *(CodeQuickAccess)
 *(DataQuickAccess)
 *(RamFunction)
 *(.data*)
 .data.estado.3690
                0x0000000010000000        0x4 ./src/AP_MdeE.o
 .data.Tecla    0x0000000010000004        0x1 /home/mica/Documents/Informatica_II/MCUXpresso_11.1.1_3241/workspace/Contados_autos/bibliotecaInfo2-Distribucion-060618/libbibliotecaInfoII.a(DR_Teclado.o)
                0x0000000010000004                Tecla
 .data.CodigoAnterior.3725
                0x0000000010000005        0x1 /home/mica/Documents/Informatica_II/MCUXpresso_11.1.1_3241/workspace/Contados_autos/bibliotecaInfo2-Distribucion-060618/libbibliotecaInfoII.a(DR_Teclado.o)
 .data.indice_ad.3665
                0x0000000010000006        0x1 /home/mica/Documents/Informatica_II/MCUXpresso_11.1.1_3241/workspace/Contados_autos/bibliotecaInfo2-Distribucion-060618/libbibliotecaInfoII.a(DR_adc.o)
                0x0000000010000008                . = ALIGN (0x4)
 *fill*         0x0000000010000007        0x1 ff
                0x0000000010000008                _edata = .
                [!provide]                        PROVIDE (__end_data_RAM = .)
                [!provide]                        PROVIDE (__end_data_RamLoc32 = .)

.igot.plt       0x0000000010000008        0x0 load address 0x0000000000001a98
 .igot.plt      0x0000000010000008        0x0 ./src/AP_FuncionesMdeE.o

.bss_RAM2       0x000000002007c000        0x0
                [!provide]                        PROVIDE (__start_bss_RAM2 = .)
                [!provide]                        PROVIDE (__start_bss_RamAHB32 = .)
 *(.bss.$RAM2)
 *(.bss.$RamAHB32)
 *(.bss.$RAM2.*)
 *(.bss.$RamAHB32.*)
                0x000000002007c000                . = ALIGN ((. != 0x0)?0x4:0x1)
                [!provide]                        PROVIDE (__end_bss_RAM2 = .)
                [!provide]                        PROVIDE (__end_bss_RamAHB32 = .)

.bss            0x0000000010000008     0x10ec
                0x0000000010000008                _bss = .
                [!provide]                        PROVIDE (__start_bss_RAM = .)
                [!provide]                        PROVIDE (__start_bss_RamLoc32 = .)
 *(.bss*)
 .bss.tiempo_10_segs
                0x0000000010000008        0x4 ./src/AP_FuncionesMdeE.o
                0x0000000010000008                tiempo_10_segs
 .bss.cant_autos
                0x000000001000000c        0x4 ./src/AP_MdeE.o
                0x000000001000000c                cant_autos
 .bss.estado.3680
                0x0000000010000010        0x4 ./src/AP_MdeE.o
 .bss.BufferSalidas
                0x0000000010000014        0x4 /home/mica/Documents/Informatica_II/MCUXpresso_11.1.1_3241/workspace/Contados_autos/bibliotecaInfo2-Distribucion-060618/libbibliotecaInfoII.a(DR_Salidas.o)
                0x0000000010000014                BufferSalidas
 .bss.EstadosEstables.3726
                0x0000000010000018        0x1 /home/mica/Documents/Informatica_II/MCUXpresso_11.1.1_3241/workspace/Contados_autos/bibliotecaInfo2-Distribucion-060618/libbibliotecaInfoII.a(DR_Teclado.o)
 *fill*         0x0000000010000019        0x3 
 .bss.Tmr_Run   0x000000001000001c       0x78 /home/mica/Documents/Informatica_II/MCUXpresso_11.1.1_3241/workspace/Contados_autos/bibliotecaInfo2-Distribucion-060618/libbibliotecaInfoII.a(DR_Timers.o)
                0x000000001000001c                Tmr_Run
 .bss.TMR_Events
                0x0000000010000094       0x1e /home/mica/Documents/Informatica_II/MCUXpresso_11.1.1_3241/workspace/Contados_autos/bibliotecaInfo2-Distribucion-060618/libbibliotecaInfoII.a(DR_Timers.o)
                0x0000000010000094                TMR_Events
 *fill*         0x00000000100000b2        0x2 
 .bss.TMR_handlers
                0x00000000100000b4       0x78 /home/mica/Documents/Informatica_II/MCUXpresso_11.1.1_3241/workspace/Contados_autos/bibliotecaInfo2-Distribucion-060618/libbibliotecaInfoII.a(DR_Timers.o)
                0x00000000100000b4                TMR_handlers
 .bss.TMR_StandBy
                0x000000001000012c       0x1e /home/mica/Documents/Informatica_II/MCUXpresso_11.1.1_3241/workspace/Contados_autos/bibliotecaInfo2-Distribucion-060618/libbibliotecaInfoII.a(DR_Timers.o)
                0x000000001000012c                TMR_StandBy
 *fill*         0x000000001000014a        0x2 
 .bss.Tmr_Base  0x000000001000014c       0x1e /home/mica/Documents/Informatica_II/MCUXpresso_11.1.1_3241/workspace/Contados_autos/bibliotecaInfo2-Distribucion-060618/libbibliotecaInfoII.a(DR_Timers.o)
                0x000000001000014c                Tmr_Base
 *fill*         0x000000001000016a        0x2 
 .bss.UART0_BufferRx
                0x000000001000016c      0x200 /home/mica/Documents/Informatica_II/MCUXpresso_11.1.1_3241/workspace/Contados_autos/bibliotecaInfo2-Distribucion-060618/libbibliotecaInfoII.a(DR_UART0.o)
 .bss.UART0_BufferTx
                0x000000001000036c      0x200 /home/mica/Documents/Informatica_II/MCUXpresso_11.1.1_3241/workspace/Contados_autos/bibliotecaInfo2-Distribucion-060618/libbibliotecaInfoII.a(DR_UART0.o)
 .bss.UART0_inRX
                0x000000001000056c        0x1 /home/mica/Documents/Informatica_II/MCUXpresso_11.1.1_3241/workspace/Contados_autos/bibliotecaInfo2-Distribucion-060618/libbibliotecaInfoII.a(DR_UART0.o)
 .bss.UART0_inTX
                0x000000001000056d        0x1 /home/mica/Documents/Informatica_II/MCUXpresso_11.1.1_3241/workspace/Contados_autos/bibliotecaInfo2-Distribucion-060618/libbibliotecaInfoII.a(DR_UART0.o)
 .bss.UART0_outTX
                0x000000001000056e        0x1 /home/mica/Documents/Informatica_II/MCUXpresso_11.1.1_3241/workspace/Contados_autos/bibliotecaInfo2-Distribucion-060618/libbibliotecaInfoII.a(DR_UART0.o)
 *fill*         0x000000001000056f        0x1 
 .bss.UART0_flagTx
                0x0000000010000570        0x2 /home/mica/Documents/Informatica_II/MCUXpresso_11.1.1_3241/workspace/Contados_autos/bibliotecaInfo2-Distribucion-060618/libbibliotecaInfoII.a(DR_UART0.o)
 *fill*         0x0000000010000572        0x2 
 .bss.UART1_BufferRx
                0x0000000010000574      0x200 /home/mica/Documents/Informatica_II/MCUXpresso_11.1.1_3241/workspace/Contados_autos/bibliotecaInfo2-Distribucion-060618/libbibliotecaInfoII.a(DR_UART1.o)
 .bss.UART1_BufferTx
                0x0000000010000774      0x200 /home/mica/Documents/Informatica_II/MCUXpresso_11.1.1_3241/workspace/Contados_autos/bibliotecaInfo2-Distribucion-060618/libbibliotecaInfoII.a(DR_UART1.o)
 .bss.UART1_inRX
                0x0000000010000974        0x1 /home/mica/Documents/Informatica_II/MCUXpresso_11.1.1_3241/workspace/Contados_autos/bibliotecaInfo2-Distribucion-060618/libbibliotecaInfoII.a(DR_UART1.o)
 .bss.UART1_inTX
                0x0000000010000975        0x1 /home/mica/Documents/Informatica_II/MCUXpresso_11.1.1_3241/workspace/Contados_autos/bibliotecaInfo2-Distribucion-060618/libbibliotecaInfoII.a(DR_UART1.o)
 .bss.UART1_outTX
                0x0000000010000976        0x1 /home/mica/Documents/Informatica_II/MCUXpresso_11.1.1_3241/workspace/Contados_autos/bibliotecaInfo2-Distribucion-060618/libbibliotecaInfoII.a(DR_UART1.o)
 *fill*         0x0000000010000977        0x1 
 .bss.UART1_flagTx
                0x0000000010000978        0x2 /home/mica/Documents/Informatica_II/MCUXpresso_11.1.1_3241/workspace/Contados_autos/bibliotecaInfo2-Distribucion-060618/libbibliotecaInfoII.a(DR_UART1.o)
 *fill*         0x000000001000097a        0x2 
 .bss.valorADC1
                0x000000001000097c      0x200 /home/mica/Documents/Informatica_II/MCUXpresso_11.1.1_3241/workspace/Contados_autos/bibliotecaInfo2-Distribucion-060618/libbibliotecaInfoII.a(DR_adc.o)
                0x000000001000097c                valorADC1
 .bss.valorADC2
                0x0000000010000b7c      0x200 /home/mica/Documents/Informatica_II/MCUXpresso_11.1.1_3241/workspace/Contados_autos/bibliotecaInfo2-Distribucion-060618/libbibliotecaInfoII.a(DR_adc.o)
                0x0000000010000b7c                valorADC2
 .bss.valorADC5
                0x0000000010000d7c      0x200 /home/mica/Documents/Informatica_II/MCUXpresso_11.1.1_3241/workspace/Contados_autos/bibliotecaInfo2-Distribucion-060618/libbibliotecaInfoII.a(DR_adc.o)
                0x0000000010000d7c                valorADC5
 .bss.muestra.3666
                0x0000000010000f7c        0x4 /home/mica/Documents/Informatica_II/MCUXpresso_11.1.1_3241/workspace/Contados_autos/bibliotecaInfo2-Distribucion-060618/libbibliotecaInfoII.a(DR_adc.o)
 .bss.lcdDelay  0x0000000010000f80        0x4 /home/mica/Documents/Informatica_II/MCUXpresso_11.1.1_3241/workspace/Contados_autos/bibliotecaInfo2-Distribucion-060618/libbibliotecaInfoII.a(DR_lcd.o)
                0x0000000010000f80                lcdDelay
 .bss.lcdBuffer
                0x0000000010000f84      0x154 /home/mica/Documents/Informatica_II/MCUXpresso_11.1.1_3241/workspace/Contados_autos/bibliotecaInfo2-Distribucion-060618/libbibliotecaInfoII.a(DR_lcd.o)
                0x0000000010000f84                lcdBuffer
 .bss.lcdInxIn  0x00000000100010d8        0x4 /home/mica/Documents/Informatica_II/MCUXpresso_11.1.1_3241/workspace/Contados_autos/bibliotecaInfo2-Distribucion-060618/libbibliotecaInfoII.a(DR_lcd.o)
                0x00000000100010d8                lcdInxIn
 .bss.lcdInxOut
                0x00000000100010dc        0x4 /home/mica/Documents/Informatica_II/MCUXpresso_11.1.1_3241/workspace/Contados_autos/bibliotecaInfo2-Distribucion-060618/libbibliotecaInfoII.a(DR_lcd.o)
                0x00000000100010dc                lcdInxOut
 .bss.lcdDataCount
                0x00000000100010e0        0x4 /home/mica/Documents/Informatica_II/MCUXpresso_11.1.1_3241/workspace/Contados_autos/bibliotecaInfo2-Distribucion-060618/libbibliotecaInfoII.a(DR_lcd.o)
                0x00000000100010e0                lcdDataCount
 .bss.Digito_Display
                0x00000000100010e4        0x6 /home/mica/Documents/Informatica_II/MCUXpresso_11.1.1_3241/workspace/Contados_autos/bibliotecaInfo2-Distribucion-060618/libbibliotecaInfoII.a(DR_7seg.o)
                0x00000000100010e4                Digito_Display
 .bss.Indice_Display.3716
                0x00000000100010ea        0x1 /home/mica/Documents/Informatica_II/MCUXpresso_11.1.1_3241/workspace/Contados_autos/bibliotecaInfo2-Distribucion-060618/libbibliotecaInfoII.a(DR_7seg.o)
 .bss.BufferBuzzer
                0x00000000100010eb        0x1 /home/mica/Documents/Informatica_II/MCUXpresso_11.1.1_3241/workspace/Contados_autos/bibliotecaInfo2-Distribucion-060618/libbibliotecaInfoII.a(DR_Buzzer.o)
                0x00000000100010eb                BufferBuzzer
 .bss.BufferEntradas
                0x00000000100010ec        0x1 /home/mica/Documents/Informatica_II/MCUXpresso_11.1.1_3241/workspace/Contados_autos/bibliotecaInfo2-Distribucion-060618/libbibliotecaInfoII.a(DR_Entradas.o)
                0x00000000100010ec                BufferEntradas
 *fill*         0x00000000100010ed        0x3 
 .bss.ContadorEntradas.3715
                0x00000000100010f0        0x3 /home/mica/Documents/Informatica_II/MCUXpresso_11.1.1_3241/workspace/Contados_autos/bibliotecaInfo2-Distribucion-060618/libbibliotecaInfoII.a(DR_Entradas.o)
 *(COMMON)
                0x00000000100010f4                . = ALIGN (0x4)
 *fill*         0x00000000100010f3        0x1 
                0x00000000100010f4                _ebss = .
                [!provide]                        PROVIDE (__end_bss_RAM = .)
                [!provide]                        PROVIDE (__end_bss_RamLoc32 = .)
                [!provide]                        PROVIDE (end = .)

.noinit_RAM2    0x000000002007c000        0x0
                [!provide]                        PROVIDE (__start_noinit_RAM2 = .)
                [!provide]                        PROVIDE (__start_noinit_RamAHB32 = .)
 *(.noinit.$RAM2)
 *(.noinit.$RamAHB32)
 *(.noinit.$RAM2.*)
 *(.noinit.$RamAHB32.*)
                0x000000002007c000                . = ALIGN (0x4)
                [!provide]                        PROVIDE (__end_noinit_RAM2 = .)
                [!provide]                        PROVIDE (__end_noinit_RamAHB32 = .)

.noinit         0x00000000100010f4        0x0
                0x00000000100010f4                _noinit = .
                [!provide]                        PROVIDE (__start_noinit_RAM = .)
                [!provide]                        PROVIDE (__start_noinit_RamLoc32 = .)
 *(.noinit*)
                0x00000000100010f4                . = ALIGN (0x4)
                0x00000000100010f4                _end_noinit = .
                [!provide]                        PROVIDE (__end_noinit_RAM = .)
                [!provide]                        PROVIDE (__end_noinit_RamLoc32 = .)
                [!provide]                        PROVIDE (_pvHeapStart = DEFINED (__user_heap_base)?__user_heap_base:.)
                0x0000000010008000                PROVIDE (_vStackTop = DEFINED (__user_stack_top)?__user_stack_top:(__top_RamLoc32 - 0x0))
                0xffffffffefff74f2                PROVIDE (__valid_user_code_checksum = (0x0 - ((((((_vStackTop + (ResetISR + 0x1)) + (NMI_Handler + 0x1)) + (HardFault_Handler + 0x1)) + (DEFINED (MemManage_Handler)?MemManage_Handler:0x0 + 0x1)) + (DEFINED (BusFault_Handler)?BusFault_Handler:0x0 + 0x1)) + (DEFINED (UsageFault_Handler)?UsageFault_Handler:0x0 + 0x1))))
                0x0000000000000000                _image_start = LOADADDR (.text)
                0x0000000000001a98                _image_end = (LOADADDR (.data) + SIZEOF (.data))
                0x0000000000001a98                _image_size = (_image_end - _image_start)
OUTPUT(Contados_autos.axf elf32-littlearm)

.debug_info     0x0000000000000000     0x239c
 .debug_info    0x0000000000000000      0x251 ./src/AP_FuncionesMdeE.o
 .debug_info    0x0000000000000251       0x9d ./src/AP_MdeE.o
 .debug_info    0x00000000000002ee      0x1bd ./src/Contados_autos.o
 .debug_info    0x00000000000004ab      0x276 ./src/cr_startup_lpc175x_6x.o
 .debug_info    0x0000000000000721       0x40 ./src/crp.o
 .debug_info    0x0000000000000761      0x185 /home/mica/Documents/Informatica_II/MCUXpresso_11.1.1_3241/workspace/Contados_autos/bibliotecaInfo2-Distribucion-060618/libbibliotecaInfoII.a(DR_Inicializacion.o)
 .debug_info    0x00000000000008e6       0x70 /home/mica/Documents/Informatica_II/MCUXpresso_11.1.1_3241/workspace/Contados_autos/bibliotecaInfo2-Distribucion-060618/libbibliotecaInfoII.a(DR_PLL.o)
 .debug_info    0x0000000000000956      0x123 /home/mica/Documents/Informatica_II/MCUXpresso_11.1.1_3241/workspace/Contados_autos/bibliotecaInfo2-Distribucion-060618/libbibliotecaInfoII.a(DR_RGB.o)
 .debug_info    0x0000000000000a79      0x14c /home/mica/Documents/Informatica_II/MCUXpresso_11.1.1_3241/workspace/Contados_autos/bibliotecaInfo2-Distribucion-060618/libbibliotecaInfoII.a(DR_Salidas.o)
 .debug_info    0x0000000000000bc5      0x225 /home/mica/Documents/Informatica_II/MCUXpresso_11.1.1_3241/workspace/Contados_autos/bibliotecaInfo2-Distribucion-060618/libbibliotecaInfoII.a(DR_SysTick.o)
 .debug_info    0x0000000000000dea      0x1a9 /home/mica/Documents/Informatica_II/MCUXpresso_11.1.1_3241/workspace/Contados_autos/bibliotecaInfo2-Distribucion-060618/libbibliotecaInfoII.a(DR_Teclado.o)
 .debug_info    0x0000000000000f93      0x16d /home/mica/Documents/Informatica_II/MCUXpresso_11.1.1_3241/workspace/Contados_autos/bibliotecaInfo2-Distribucion-060618/libbibliotecaInfoII.a(DR_Timers.o)
 .debug_info    0x0000000000001100      0x204 /home/mica/Documents/Informatica_II/MCUXpresso_11.1.1_3241/workspace/Contados_autos/bibliotecaInfo2-Distribucion-060618/libbibliotecaInfoII.a(DR_UART0.o)
 .debug_info    0x0000000000001304      0x204 /home/mica/Documents/Informatica_II/MCUXpresso_11.1.1_3241/workspace/Contados_autos/bibliotecaInfo2-Distribucion-060618/libbibliotecaInfoII.a(DR_UART1.o)
 .debug_info    0x0000000000001508      0x11f /home/mica/Documents/Informatica_II/MCUXpresso_11.1.1_3241/workspace/Contados_autos/bibliotecaInfo2-Distribucion-060618/libbibliotecaInfoII.a(DR_adc.o)
 .debug_info    0x0000000000001627      0x1c1 /home/mica/Documents/Informatica_II/MCUXpresso_11.1.1_3241/workspace/Contados_autos/bibliotecaInfo2-Distribucion-060618/libbibliotecaInfoII.a(DR_gpio.o)
 .debug_info    0x00000000000017e8      0x23a /home/mica/Documents/Informatica_II/MCUXpresso_11.1.1_3241/workspace/Contados_autos/bibliotecaInfo2-Distribucion-060618/libbibliotecaInfoII.a(DR_lcd.o)
 .debug_info    0x0000000000001a22       0xa6 /home/mica/Documents/Informatica_II/MCUXpresso_11.1.1_3241/workspace/Contados_autos/bibliotecaInfo2-Distribucion-060618/libbibliotecaInfoII.a(DR_pinsel.o)
 .debug_info    0x0000000000001ac8      0x13d /home/mica/Documents/Informatica_II/MCUXpresso_11.1.1_3241/workspace/Contados_autos/bibliotecaInfo2-Distribucion-060618/libbibliotecaInfoII.a(PR_Buzzer.o)
 .debug_info    0x0000000000001c05      0x141 /home/mica/Documents/Informatica_II/MCUXpresso_11.1.1_3241/workspace/Contados_autos/bibliotecaInfo2-Distribucion-060618/libbibliotecaInfoII.a(PR_Teclado.o)
 .debug_info    0x0000000000001d46      0x221 /home/mica/Documents/Informatica_II/MCUXpresso_11.1.1_3241/workspace/Contados_autos/bibliotecaInfo2-Distribucion-060618/libbibliotecaInfoII.a(PR_Timers.o)
 .debug_info    0x0000000000001f67      0x161 /home/mica/Documents/Informatica_II/MCUXpresso_11.1.1_3241/workspace/Contados_autos/bibliotecaInfo2-Distribucion-060618/libbibliotecaInfoII.a(DR_7seg.o)
 .debug_info    0x00000000000020c8      0x14c /home/mica/Documents/Informatica_II/MCUXpresso_11.1.1_3241/workspace/Contados_autos/bibliotecaInfo2-Distribucion-060618/libbibliotecaInfoII.a(DR_Buzzer.o)
 .debug_info    0x0000000000002214      0x188 /home/mica/Documents/Informatica_II/MCUXpresso_11.1.1_3241/workspace/Contados_autos/bibliotecaInfo2-Distribucion-060618/libbibliotecaInfoII.a(DR_Entradas.o)

.debug_abbrev   0x0000000000000000     0x11be
 .debug_abbrev  0x0000000000000000      0x10f ./src/AP_FuncionesMdeE.o
 .debug_abbrev  0x000000000000010f       0x8f ./src/AP_MdeE.o
 .debug_abbrev  0x000000000000019e       0x99 ./src/Contados_autos.o
 .debug_abbrev  0x0000000000000237      0x12a ./src/cr_startup_lpc175x_6x.o
 .debug_abbrev  0x0000000000000361       0x38 ./src/crp.o
 .debug_abbrev  0x0000000000000399       0x91 /home/mica/Documents/Informatica_II/MCUXpresso_11.1.1_3241/workspace/Contados_autos/bibliotecaInfo2-Distribucion-060618/libbibliotecaInfoII.a(DR_Inicializacion.o)
 .debug_abbrev  0x000000000000042a       0x52 /home/mica/Documents/Informatica_II/MCUXpresso_11.1.1_3241/workspace/Contados_autos/bibliotecaInfo2-Distribucion-060618/libbibliotecaInfoII.a(DR_PLL.o)
 .debug_abbrev  0x000000000000047c       0x91 /home/mica/Documents/Informatica_II/MCUXpresso_11.1.1_3241/workspace/Contados_autos/bibliotecaInfo2-Distribucion-060618/libbibliotecaInfoII.a(DR_RGB.o)
 .debug_abbrev  0x000000000000050d       0x9e /home/mica/Documents/Informatica_II/MCUXpresso_11.1.1_3241/workspace/Contados_autos/bibliotecaInfo2-Distribucion-060618/libbibliotecaInfoII.a(DR_Salidas.o)
 .debug_abbrev  0x00000000000005ab      0x104 /home/mica/Documents/Informatica_II/MCUXpresso_11.1.1_3241/workspace/Contados_autos/bibliotecaInfo2-Distribucion-060618/libbibliotecaInfoII.a(DR_SysTick.o)
 .debug_abbrev  0x00000000000006af       0xe3 /home/mica/Documents/Informatica_II/MCUXpresso_11.1.1_3241/workspace/Contados_autos/bibliotecaInfo2-Distribucion-060618/libbibliotecaInfoII.a(DR_Teclado.o)
 .debug_abbrev  0x0000000000000792       0xc2 /home/mica/Documents/Informatica_II/MCUXpresso_11.1.1_3241/workspace/Contados_autos/bibliotecaInfo2-Distribucion-060618/libbibliotecaInfoII.a(DR_Timers.o)
 .debug_abbrev  0x0000000000000854       0xe8 /home/mica/Documents/Informatica_II/MCUXpresso_11.1.1_3241/workspace/Contados_autos/bibliotecaInfo2-Distribucion-060618/libbibliotecaInfoII.a(DR_UART0.o)
 .debug_abbrev  0x000000000000093c       0xe8 /home/mica/Documents/Informatica_II/MCUXpresso_11.1.1_3241/workspace/Contados_autos/bibliotecaInfo2-Distribucion-060618/libbibliotecaInfoII.a(DR_UART1.o)
 .debug_abbrev  0x0000000000000a24       0xb0 /home/mica/Documents/Informatica_II/MCUXpresso_11.1.1_3241/workspace/Contados_autos/bibliotecaInfo2-Distribucion-060618/libbibliotecaInfoII.a(DR_adc.o)
 .debug_abbrev  0x0000000000000ad4       0xd4 /home/mica/Documents/Informatica_II/MCUXpresso_11.1.1_3241/workspace/Contados_autos/bibliotecaInfo2-Distribucion-060618/libbibliotecaInfoII.a(DR_gpio.o)
 .debug_abbrev  0x0000000000000ba8      0x11b /home/mica/Documents/Informatica_II/MCUXpresso_11.1.1_3241/workspace/Contados_autos/bibliotecaInfo2-Distribucion-060618/libbibliotecaInfoII.a(DR_lcd.o)
 .debug_abbrev  0x0000000000000cc3       0x70 /home/mica/Documents/Informatica_II/MCUXpresso_11.1.1_3241/workspace/Contados_autos/bibliotecaInfo2-Distribucion-060618/libbibliotecaInfoII.a(DR_pinsel.o)
 .debug_abbrev  0x0000000000000d33       0xa0 /home/mica/Documents/Informatica_II/MCUXpresso_11.1.1_3241/workspace/Contados_autos/bibliotecaInfo2-Distribucion-060618/libbibliotecaInfoII.a(PR_Buzzer.o)
 .debug_abbrev  0x0000000000000dd3       0xa2 /home/mica/Documents/Informatica_II/MCUXpresso_11.1.1_3241/workspace/Contados_autos/bibliotecaInfo2-Distribucion-060618/libbibliotecaInfoII.a(PR_Teclado.o)
 .debug_abbrev  0x0000000000000e75      0x109 /home/mica/Documents/Informatica_II/MCUXpresso_11.1.1_3241/workspace/Contados_autos/bibliotecaInfo2-Distribucion-060618/libbibliotecaInfoII.a(PR_Timers.o)
 .debug_abbrev  0x0000000000000f7e       0xc5 /home/mica/Documents/Informatica_II/MCUXpresso_11.1.1_3241/workspace/Contados_autos/bibliotecaInfo2-Distribucion-060618/libbibliotecaInfoII.a(DR_7seg.o)
 .debug_abbrev  0x0000000000001043       0x9e /home/mica/Documents/Informatica_II/MCUXpresso_11.1.1_3241/workspace/Contados_autos/bibliotecaInfo2-Distribucion-060618/libbibliotecaInfoII.a(DR_Buzzer.o)
 .debug_abbrev  0x00000000000010e1       0xdd /home/mica/Documents/Informatica_II/MCUXpresso_11.1.1_3241/workspace/Contados_autos/bibliotecaInfo2-Distribucion-060618/libbibliotecaInfoII.a(DR_Entradas.o)

.debug_aranges  0x0000000000000000      0x478
 .debug_aranges
                0x0000000000000000       0x48 ./src/AP_FuncionesMdeE.o
 .debug_aranges
                0x0000000000000048       0x28 ./src/AP_MdeE.o
 .debug_aranges
                0x0000000000000070       0x20 ./src/Contados_autos.o
 .debug_aranges
                0x0000000000000090       0x80 ./src/cr_startup_lpc175x_6x.o
 .debug_aranges
                0x0000000000000110       0x18 ./src/crp.o
 .debug_aranges
                0x0000000000000128       0x20 /home/mica/Documents/Informatica_II/MCUXpresso_11.1.1_3241/workspace/Contados_autos/bibliotecaInfo2-Distribucion-060618/libbibliotecaInfoII.a(DR_Inicializacion.o)
 .debug_aranges
                0x0000000000000148       0x20 /home/mica/Documents/Informatica_II/MCUXpresso_11.1.1_3241/workspace/Contados_autos/bibliotecaInfo2-Distribucion-060618/libbibliotecaInfoII.a(DR_PLL.o)
 .debug_aranges
                0x0000000000000168       0x20 /home/mica/Documents/Informatica_II/MCUXpresso_11.1.1_3241/workspace/Contados_autos/bibliotecaInfo2-Distribucion-060618/libbibliotecaInfoII.a(DR_RGB.o)
 .debug_aranges
                0x0000000000000188       0x28 /home/mica/Documents/Informatica_II/MCUXpresso_11.1.1_3241/workspace/Contados_autos/bibliotecaInfo2-Distribucion-060618/libbibliotecaInfoII.a(DR_Salidas.o)
 .debug_aranges
                0x00000000000001b0       0x28 /home/mica/Documents/Informatica_II/MCUXpresso_11.1.1_3241/workspace/Contados_autos/bibliotecaInfo2-Distribucion-060618/libbibliotecaInfoII.a(DR_SysTick.o)
 .debug_aranges
                0x00000000000001d8       0x30 /home/mica/Documents/Informatica_II/MCUXpresso_11.1.1_3241/workspace/Contados_autos/bibliotecaInfo2-Distribucion-060618/libbibliotecaInfoII.a(DR_Teclado.o)
 .debug_aranges
                0x0000000000000208       0x28 /home/mica/Documents/Informatica_II/MCUXpresso_11.1.1_3241/workspace/Contados_autos/bibliotecaInfo2-Distribucion-060618/libbibliotecaInfoII.a(DR_Timers.o)
 .debug_aranges
                0x0000000000000230       0x48 /home/mica/Documents/Informatica_II/MCUXpresso_11.1.1_3241/workspace/Contados_autos/bibliotecaInfo2-Distribucion-060618/libbibliotecaInfoII.a(DR_UART0.o)
 .debug_aranges
                0x0000000000000278       0x48 /home/mica/Documents/Informatica_II/MCUXpresso_11.1.1_3241/workspace/Contados_autos/bibliotecaInfo2-Distribucion-060618/libbibliotecaInfoII.a(DR_UART1.o)
 .debug_aranges
                0x00000000000002c0       0x28 /home/mica/Documents/Informatica_II/MCUXpresso_11.1.1_3241/workspace/Contados_autos/bibliotecaInfo2-Distribucion-060618/libbibliotecaInfoII.a(DR_adc.o)
 .debug_aranges
                0x00000000000002e8       0x38 /home/mica/Documents/Informatica_II/MCUXpresso_11.1.1_3241/workspace/Contados_autos/bibliotecaInfo2-Distribucion-060618/libbibliotecaInfoII.a(DR_gpio.o)
 .debug_aranges
                0x0000000000000320       0x38 /home/mica/Documents/Informatica_II/MCUXpresso_11.1.1_3241/workspace/Contados_autos/bibliotecaInfo2-Distribucion-060618/libbibliotecaInfoII.a(DR_lcd.o)
 .debug_aranges
                0x0000000000000358       0x20 /home/mica/Documents/Informatica_II/MCUXpresso_11.1.1_3241/workspace/Contados_autos/bibliotecaInfo2-Distribucion-060618/libbibliotecaInfoII.a(DR_pinsel.o)
 .debug_aranges
                0x0000000000000378       0x20 /home/mica/Documents/Informatica_II/MCUXpresso_11.1.1_3241/workspace/Contados_autos/bibliotecaInfo2-Distribucion-060618/libbibliotecaInfoII.a(PR_Buzzer.o)
 .debug_aranges
                0x0000000000000398       0x20 /home/mica/Documents/Informatica_II/MCUXpresso_11.1.1_3241/workspace/Contados_autos/bibliotecaInfo2-Distribucion-060618/libbibliotecaInfoII.a(PR_Teclado.o)
 .debug_aranges
                0x00000000000003b8       0x48 /home/mica/Documents/Informatica_II/MCUXpresso_11.1.1_3241/workspace/Contados_autos/bibliotecaInfo2-Distribucion-060618/libbibliotecaInfoII.a(PR_Timers.o)
 .debug_aranges
                0x0000000000000400       0x28 /home/mica/Documents/Informatica_II/MCUXpresso_11.1.1_3241/workspace/Contados_autos/bibliotecaInfo2-Distribucion-060618/libbibliotecaInfoII.a(DR_7seg.o)
 .debug_aranges
                0x0000000000000428       0x28 /home/mica/Documents/Informatica_II/MCUXpresso_11.1.1_3241/workspace/Contados_autos/bibliotecaInfo2-Distribucion-060618/libbibliotecaInfoII.a(DR_Buzzer.o)
 .debug_aranges
                0x0000000000000450       0x28 /home/mica/Documents/Informatica_II/MCUXpresso_11.1.1_3241/workspace/Contados_autos/bibliotecaInfo2-Distribucion-060618/libbibliotecaInfoII.a(DR_Entradas.o)

.debug_ranges   0x0000000000000000      0x2f0
 .debug_ranges  0x0000000000000000       0x38 ./src/AP_FuncionesMdeE.o
 .debug_ranges  0x0000000000000038       0x18 ./src/AP_MdeE.o
 .debug_ranges  0x0000000000000050       0x10 ./src/Contados_autos.o
 .debug_ranges  0x0000000000000060       0x70 ./src/cr_startup_lpc175x_6x.o
 .debug_ranges  0x00000000000000d0       0x10 /home/mica/Documents/Informatica_II/MCUXpresso_11.1.1_3241/workspace/Contados_autos/bibliotecaInfo2-Distribucion-060618/libbibliotecaInfoII.a(DR_Inicializacion.o)
 .debug_ranges  0x00000000000000e0       0x10 /home/mica/Documents/Informatica_II/MCUXpresso_11.1.1_3241/workspace/Contados_autos/bibliotecaInfo2-Distribucion-060618/libbibliotecaInfoII.a(DR_PLL.o)
 .debug_ranges  0x00000000000000f0       0x10 /home/mica/Documents/Informatica_II/MCUXpresso_11.1.1_3241/workspace/Contados_autos/bibliotecaInfo2-Distribucion-060618/libbibliotecaInfoII.a(DR_RGB.o)
 .debug_ranges  0x0000000000000100       0x18 /home/mica/Documents/Informatica_II/MCUXpresso_11.1.1_3241/workspace/Contados_autos/bibliotecaInfo2-Distribucion-060618/libbibliotecaInfoII.a(DR_Salidas.o)
 .debug_ranges  0x0000000000000118       0x18 /home/mica/Documents/Informatica_II/MCUXpresso_11.1.1_3241/workspace/Contados_autos/bibliotecaInfo2-Distribucion-060618/libbibliotecaInfoII.a(DR_SysTick.o)
 .debug_ranges  0x0000000000000130       0x20 /home/mica/Documents/Informatica_II/MCUXpresso_11.1.1_3241/workspace/Contados_autos/bibliotecaInfo2-Distribucion-060618/libbibliotecaInfoII.a(DR_Teclado.o)
 .debug_ranges  0x0000000000000150       0x18 /home/mica/Documents/Informatica_II/MCUXpresso_11.1.1_3241/workspace/Contados_autos/bibliotecaInfo2-Distribucion-060618/libbibliotecaInfoII.a(DR_Timers.o)
 .debug_ranges  0x0000000000000168       0x38 /home/mica/Documents/Informatica_II/MCUXpresso_11.1.1_3241/workspace/Contados_autos/bibliotecaInfo2-Distribucion-060618/libbibliotecaInfoII.a(DR_UART0.o)
 .debug_ranges  0x00000000000001a0       0x38 /home/mica/Documents/Informatica_II/MCUXpresso_11.1.1_3241/workspace/Contados_autos/bibliotecaInfo2-Distribucion-060618/libbibliotecaInfoII.a(DR_UART1.o)
 .debug_ranges  0x00000000000001d8       0x18 /home/mica/Documents/Informatica_II/MCUXpresso_11.1.1_3241/workspace/Contados_autos/bibliotecaInfo2-Distribucion-060618/libbibliotecaInfoII.a(DR_adc.o)
 .debug_ranges  0x00000000000001f0       0x28 /home/mica/Documents/Informatica_II/MCUXpresso_11.1.1_3241/workspace/Contados_autos/bibliotecaInfo2-Distribucion-060618/libbibliotecaInfoII.a(DR_gpio.o)
 .debug_ranges  0x0000000000000218       0x28 /home/mica/Documents/Informatica_II/MCUXpresso_11.1.1_3241/workspace/Contados_autos/bibliotecaInfo2-Distribucion-060618/libbibliotecaInfoII.a(DR_lcd.o)
 .debug_ranges  0x0000000000000240       0x10 /home/mica/Documents/Informatica_II/MCUXpresso_11.1.1_3241/workspace/Contados_autos/bibliotecaInfo2-Distribucion-060618/libbibliotecaInfoII.a(DR_pinsel.o)
 .debug_ranges  0x0000000000000250       0x10 /home/mica/Documents/Informatica_II/MCUXpresso_11.1.1_3241/workspace/Contados_autos/bibliotecaInfo2-Distribucion-060618/libbibliotecaInfoII.a(PR_Buzzer.o)
 .debug_ranges  0x0000000000000260       0x10 /home/mica/Documents/Informatica_II/MCUXpresso_11.1.1_3241/workspace/Contados_autos/bibliotecaInfo2-Distribucion-060618/libbibliotecaInfoII.a(PR_Teclado.o)
 .debug_ranges  0x0000000000000270       0x38 /home/mica/Documents/Informatica_II/MCUXpresso_11.1.1_3241/workspace/Contados_autos/bibliotecaInfo2-Distribucion-060618/libbibliotecaInfoII.a(PR_Timers.o)
 .debug_ranges  0x00000000000002a8       0x18 /home/mica/Documents/Informatica_II/MCUXpresso_11.1.1_3241/workspace/Contados_autos/bibliotecaInfo2-Distribucion-060618/libbibliotecaInfoII.a(DR_7seg.o)
 .debug_ranges  0x00000000000002c0       0x18 /home/mica/Documents/Informatica_II/MCUXpresso_11.1.1_3241/workspace/Contados_autos/bibliotecaInfo2-Distribucion-060618/libbibliotecaInfoII.a(DR_Buzzer.o)
 .debug_ranges  0x00000000000002d8       0x18 /home/mica/Documents/Informatica_II/MCUXpresso_11.1.1_3241/workspace/Contados_autos/bibliotecaInfo2-Distribucion-060618/libbibliotecaInfoII.a(DR_Entradas.o)

.debug_macro    0x0000000000000000     0x3157
 .debug_macro   0x0000000000000000      0x189 ./src/AP_FuncionesMdeE.o
 .debug_macro   0x0000000000000189      0xa9c ./src/AP_FuncionesMdeE.o
 .debug_macro   0x0000000000000c25       0x2e ./src/AP_FuncionesMdeE.o
 .debug_macro   0x0000000000000c53      0x130 ./src/AP_FuncionesMdeE.o
 .debug_macro   0x0000000000000d83       0x64 ./src/AP_FuncionesMdeE.o
 .debug_macro   0x0000000000000de7      0x172 ./src/AP_FuncionesMdeE.o
 .debug_macro   0x0000000000000f59      0x196 ./src/AP_FuncionesMdeE.o
 .debug_macro   0x00000000000010ef       0x76 ./src/AP_FuncionesMdeE.o
 .debug_macro   0x0000000000001165      0x118 ./src/AP_FuncionesMdeE.o
 .debug_macro   0x000000000000127d       0x40 ./src/AP_FuncionesMdeE.o
 .debug_macro   0x00000000000012bd       0x16 ./src/AP_FuncionesMdeE.o
 .debug_macro   0x00000000000012d3       0x16 ./src/AP_FuncionesMdeE.o
 .debug_macro   0x00000000000012e9       0x10 ./src/AP_FuncionesMdeE.o
 .debug_macro   0x00000000000012f9       0x10 ./src/AP_FuncionesMdeE.o
 .debug_macro   0x0000000000001309       0x10 ./src/AP_FuncionesMdeE.o
 .debug_macro   0x0000000000001319       0x28 ./src/AP_FuncionesMdeE.o
 .debug_macro   0x0000000000001341      0x100 ./src/AP_FuncionesMdeE.o
 .debug_macro   0x0000000000001441       0x40 ./src/AP_FuncionesMdeE.o
 .debug_macro   0x0000000000001481       0x28 ./src/AP_FuncionesMdeE.o
 .debug_macro   0x00000000000014a9       0x10 ./src/AP_FuncionesMdeE.o
 .debug_macro   0x00000000000014b9       0x1c ./src/AP_FuncionesMdeE.o
 .debug_macro   0x00000000000014d5       0x16 ./src/AP_FuncionesMdeE.o
 .debug_macro   0x00000000000014eb       0x24 ./src/AP_MdeE.o
 .debug_macro   0x000000000000150f       0x46 ./src/AP_MdeE.o
 .debug_macro   0x0000000000001555      0x189 ./src/Contados_autos.o
 .debug_macro   0x00000000000016de       0x82 ./src/Contados_autos.o
 .debug_macro   0x0000000000001760       0x1d ./src/cr_startup_lpc175x_6x.o
 .debug_macro   0x000000000000177d       0x1a ./src/crp.o
 .debug_macro   0x0000000000001797       0x34 ./src/crp.o
 .debug_macro   0x00000000000017cb       0xed /home/mica/Documents/Informatica_II/MCUXpresso_11.1.1_3241/workspace/Contados_autos/bibliotecaInfo2-Distribucion-060618/libbibliotecaInfoII.a(DR_Inicializacion.o)
 .debug_macro   0x00000000000018b8      0xa66 /home/mica/Documents/Informatica_II/MCUXpresso_11.1.1_3241/workspace/Contados_autos/bibliotecaInfo2-Distribucion-060618/libbibliotecaInfoII.a(DR_Inicializacion.o)
 .debug_macro   0x000000000000231e       0x10 /home/mica/Documents/Informatica_II/MCUXpresso_11.1.1_3241/workspace/Contados_autos/bibliotecaInfo2-Distribucion-060618/libbibliotecaInfoII.a(DR_Inicializacion.o)
 .debug_macro   0x000000000000232e       0x3a /home/mica/Documents/Informatica_II/MCUXpresso_11.1.1_3241/workspace/Contados_autos/bibliotecaInfo2-Distribucion-060618/libbibliotecaInfoII.a(DR_Inicializacion.o)
 .debug_macro   0x0000000000002368      0x136 /home/mica/Documents/Informatica_II/MCUXpresso_11.1.1_3241/workspace/Contados_autos/bibliotecaInfo2-Distribucion-060618/libbibliotecaInfoII.a(DR_Inicializacion.o)
 .debug_macro   0x000000000000249e       0x29 /home/mica/Documents/Informatica_II/MCUXpresso_11.1.1_3241/workspace/Contados_autos/bibliotecaInfo2-Distribucion-060618/libbibliotecaInfoII.a(DR_PLL.o)
 .debug_macro   0x00000000000024c7      0x112 /home/mica/Documents/Informatica_II/MCUXpresso_11.1.1_3241/workspace/Contados_autos/bibliotecaInfo2-Distribucion-060618/libbibliotecaInfoII.a(DR_PLL.o)
 .debug_macro   0x00000000000025d9       0xa2 /home/mica/Documents/Informatica_II/MCUXpresso_11.1.1_3241/workspace/Contados_autos/bibliotecaInfo2-Distribucion-060618/libbibliotecaInfoII.a(DR_RGB.o)
 .debug_macro   0x000000000000267b       0x9e /home/mica/Documents/Informatica_II/MCUXpresso_11.1.1_3241/workspace/Contados_autos/bibliotecaInfo2-Distribucion-060618/libbibliotecaInfoII.a(DR_Salidas.o)
 .debug_macro   0x0000000000002719       0xc4 /home/mica/Documents/Informatica_II/MCUXpresso_11.1.1_3241/workspace/Contados_autos/bibliotecaInfo2-Distribucion-060618/libbibliotecaInfoII.a(DR_SysTick.o)
 .debug_macro   0x00000000000027dd       0xad /home/mica/Documents/Informatica_II/MCUXpresso_11.1.1_3241/workspace/Contados_autos/bibliotecaInfo2-Distribucion-060618/libbibliotecaInfoII.a(DR_Teclado.o)
 .debug_macro   0x000000000000288a       0x22 /home/mica/Documents/Informatica_II/MCUXpresso_11.1.1_3241/workspace/Contados_autos/bibliotecaInfo2-Distribucion-060618/libbibliotecaInfoII.a(DR_Teclado.o)
 .debug_macro   0x00000000000028ac       0x2e /home/mica/Documents/Informatica_II/MCUXpresso_11.1.1_3241/workspace/Contados_autos/bibliotecaInfo2-Distribucion-060618/libbibliotecaInfoII.a(DR_Timers.o)
 .debug_macro   0x00000000000028da       0xf7 /home/mica/Documents/Informatica_II/MCUXpresso_11.1.1_3241/workspace/Contados_autos/bibliotecaInfo2-Distribucion-060618/libbibliotecaInfoII.a(DR_UART0.o)
 .debug_macro   0x00000000000029d1       0x10 /home/mica/Documents/Informatica_II/MCUXpresso_11.1.1_3241/workspace/Contados_autos/bibliotecaInfo2-Distribucion-060618/libbibliotecaInfoII.a(DR_UART0.o)
 .debug_macro   0x00000000000029e1       0xa9 /home/mica/Documents/Informatica_II/MCUXpresso_11.1.1_3241/workspace/Contados_autos/bibliotecaInfo2-Distribucion-060618/libbibliotecaInfoII.a(DR_UART1.o)
 .debug_macro   0x0000000000002a8a       0x10 /home/mica/Documents/Informatica_II/MCUXpresso_11.1.1_3241/workspace/Contados_autos/bibliotecaInfo2-Distribucion-060618/libbibliotecaInfoII.a(DR_UART1.o)
 .debug_macro   0x0000000000002a9a       0x5b /home/mica/Documents/Informatica_II/MCUXpresso_11.1.1_3241/workspace/Contados_autos/bibliotecaInfo2-Distribucion-060618/libbibliotecaInfoII.a(DR_adc.o)
 .debug_macro   0x0000000000002af5       0x29 /home/mica/Documents/Informatica_II/MCUXpresso_11.1.1_3241/workspace/Contados_autos/bibliotecaInfo2-Distribucion-060618/libbibliotecaInfoII.a(DR_gpio.o)
 .debug_macro   0x0000000000002b1e      0x16c /home/mica/Documents/Informatica_II/MCUXpresso_11.1.1_3241/workspace/Contados_autos/bibliotecaInfo2-Distribucion-060618/libbibliotecaInfoII.a(DR_gpio.o)
 .debug_macro   0x0000000000002c8a       0xa7 /home/mica/Documents/Informatica_II/MCUXpresso_11.1.1_3241/workspace/Contados_autos/bibliotecaInfo2-Distribucion-060618/libbibliotecaInfoII.a(DR_lcd.o)
 .debug_macro   0x0000000000002d31       0x29 /home/mica/Documents/Informatica_II/MCUXpresso_11.1.1_3241/workspace/Contados_autos/bibliotecaInfo2-Distribucion-060618/libbibliotecaInfoII.a(DR_pinsel.o)
 .debug_macro   0x0000000000002d5a       0x5e /home/mica/Documents/Informatica_II/MCUXpresso_11.1.1_3241/workspace/Contados_autos/bibliotecaInfo2-Distribucion-060618/libbibliotecaInfoII.a(DR_pinsel.o)
 .debug_macro   0x0000000000002db8       0xa8 /home/mica/Documents/Informatica_II/MCUXpresso_11.1.1_3241/workspace/Contados_autos/bibliotecaInfo2-Distribucion-060618/libbibliotecaInfoII.a(PR_Buzzer.o)
 .debug_macro   0x0000000000002e60       0xad /home/mica/Documents/Informatica_II/MCUXpresso_11.1.1_3241/workspace/Contados_autos/bibliotecaInfo2-Distribucion-060618/libbibliotecaInfoII.a(PR_Teclado.o)
 .debug_macro   0x0000000000002f0d       0x48 /home/mica/Documents/Informatica_II/MCUXpresso_11.1.1_3241/workspace/Contados_autos/bibliotecaInfo2-Distribucion-060618/libbibliotecaInfoII.a(PR_Timers.o)
 .debug_macro   0x0000000000002f55       0x22 /home/mica/Documents/Informatica_II/MCUXpresso_11.1.1_3241/workspace/Contados_autos/bibliotecaInfo2-Distribucion-060618/libbibliotecaInfoII.a(PR_Timers.o)
 .debug_macro   0x0000000000002f77       0xa3 /home/mica/Documents/Informatica_II/MCUXpresso_11.1.1_3241/workspace/Contados_autos/bibliotecaInfo2-Distribucion-060618/libbibliotecaInfoII.a(DR_7seg.o)
 .debug_macro   0x000000000000301a       0x9e /home/mica/Documents/Informatica_II/MCUXpresso_11.1.1_3241/workspace/Contados_autos/bibliotecaInfo2-Distribucion-060618/libbibliotecaInfoII.a(DR_Buzzer.o)
 .debug_macro   0x00000000000030b8       0x9f /home/mica/Documents/Informatica_II/MCUXpresso_11.1.1_3241/workspace/Contados_autos/bibliotecaInfo2-Distribucion-060618/libbibliotecaInfoII.a(DR_Entradas.o)

.debug_line     0x0000000000000000     0x2610
 .debug_line    0x0000000000000000      0x3ae ./src/AP_FuncionesMdeE.o
 .debug_line    0x00000000000003ae      0x1f6 ./src/AP_MdeE.o
 .debug_line    0x00000000000005a4      0x3be ./src/Contados_autos.o
 .debug_line    0x0000000000000962      0x15f ./src/cr_startup_lpc175x_6x.o
 .debug_line    0x0000000000000ac1       0xb5 ./src/crp.o
 .debug_line    0x0000000000000b76      0x1d7 /home/mica/Documents/Informatica_II/MCUXpresso_11.1.1_3241/workspace/Contados_autos/bibliotecaInfo2-Distribucion-060618/libbibliotecaInfoII.a(DR_Inicializacion.o)
 .debug_line    0x0000000000000d4d       0xf3 /home/mica/Documents/Informatica_II/MCUXpresso_11.1.1_3241/workspace/Contados_autos/bibliotecaInfo2-Distribucion-060618/libbibliotecaInfoII.a(DR_PLL.o)
 .debug_line    0x0000000000000e40      0x162 /home/mica/Documents/Informatica_II/MCUXpresso_11.1.1_3241/workspace/Contados_autos/bibliotecaInfo2-Distribucion-060618/libbibliotecaInfoII.a(DR_RGB.o)
 .debug_line    0x0000000000000fa2      0x181 /home/mica/Documents/Informatica_II/MCUXpresso_11.1.1_3241/workspace/Contados_autos/bibliotecaInfo2-Distribucion-060618/libbibliotecaInfoII.a(DR_Salidas.o)
 .debug_line    0x0000000000001123      0x1ac /home/mica/Documents/Informatica_II/MCUXpresso_11.1.1_3241/workspace/Contados_autos/bibliotecaInfo2-Distribucion-060618/libbibliotecaInfoII.a(DR_SysTick.o)
 .debug_line    0x00000000000012cf      0x1b2 /home/mica/Documents/Informatica_II/MCUXpresso_11.1.1_3241/workspace/Contados_autos/bibliotecaInfo2-Distribucion-060618/libbibliotecaInfoII.a(DR_Teclado.o)
 .debug_line    0x0000000000001481       0xee /home/mica/Documents/Informatica_II/MCUXpresso_11.1.1_3241/workspace/Contados_autos/bibliotecaInfo2-Distribucion-060618/libbibliotecaInfoII.a(DR_Timers.o)
 .debug_line    0x000000000000156f      0x16b /home/mica/Documents/Informatica_II/MCUXpresso_11.1.1_3241/workspace/Contados_autos/bibliotecaInfo2-Distribucion-060618/libbibliotecaInfoII.a(DR_UART0.o)
 .debug_line    0x00000000000016da      0x16b /home/mica/Documents/Informatica_II/MCUXpresso_11.1.1_3241/workspace/Contados_autos/bibliotecaInfo2-Distribucion-060618/libbibliotecaInfoII.a(DR_UART1.o)
 .debug_line    0x0000000000001845      0x131 /home/mica/Documents/Informatica_II/MCUXpresso_11.1.1_3241/workspace/Contados_autos/bibliotecaInfo2-Distribucion-060618/libbibliotecaInfoII.a(DR_adc.o)
 .debug_line    0x0000000000001976       0xff /home/mica/Documents/Informatica_II/MCUXpresso_11.1.1_3241/workspace/Contados_autos/bibliotecaInfo2-Distribucion-060618/libbibliotecaInfoII.a(DR_gpio.o)
 .debug_line    0x0000000000001a75      0x1ff /home/mica/Documents/Informatica_II/MCUXpresso_11.1.1_3241/workspace/Contados_autos/bibliotecaInfo2-Distribucion-060618/libbibliotecaInfoII.a(DR_lcd.o)
 .debug_line    0x0000000000001c74       0xbd /home/mica/Documents/Informatica_II/MCUXpresso_11.1.1_3241/workspace/Contados_autos/bibliotecaInfo2-Distribucion-060618/libbibliotecaInfoII.a(DR_pinsel.o)
 .debug_line    0x0000000000001d31      0x173 /home/mica/Documents/Informatica_II/MCUXpresso_11.1.1_3241/workspace/Contados_autos/bibliotecaInfo2-Distribucion-060618/libbibliotecaInfoII.a(PR_Buzzer.o)
 .debug_line    0x0000000000001ea4      0x177 /home/mica/Documents/Informatica_II/MCUXpresso_11.1.1_3241/workspace/Contados_autos/bibliotecaInfo2-Distribucion-060618/libbibliotecaInfoII.a(PR_Teclado.o)
 .debug_line    0x000000000000201b      0x153 /home/mica/Documents/Informatica_II/MCUXpresso_11.1.1_3241/workspace/Contados_autos/bibliotecaInfo2-Distribucion-060618/libbibliotecaInfoII.a(PR_Timers.o)
 .debug_line    0x000000000000216e      0x189 /home/mica/Documents/Informatica_II/MCUXpresso_11.1.1_3241/workspace/Contados_autos/bibliotecaInfo2-Distribucion-060618/libbibliotecaInfoII.a(DR_7seg.o)
 .debug_line    0x00000000000022f7      0x177 /home/mica/Documents/Informatica_II/MCUXpresso_11.1.1_3241/workspace/Contados_autos/bibliotecaInfo2-Distribucion-060618/libbibliotecaInfoII.a(DR_Buzzer.o)
 .debug_line    0x000000000000246e      0x1a2 /home/mica/Documents/Informatica_II/MCUXpresso_11.1.1_3241/workspace/Contados_autos/bibliotecaInfo2-Distribucion-060618/libbibliotecaInfoII.a(DR_Entradas.o)

.debug_str      0x0000000000000000     0x5f52
 .debug_str     0x0000000000000000     0x4d9c ./src/AP_FuncionesMdeE.o
                                       0x4dd9 (size before relaxing)
 .debug_str     0x0000000000004d9c       0xaf ./src/AP_MdeE.o
                                       0x2ea2 (size before relaxing)
 .debug_str     0x0000000000004e4b      0x466 ./src/Contados_autos.o
                                       0x5227 (size before relaxing)
 .debug_str     0x00000000000052b1      0x1d6 ./src/cr_startup_lpc175x_6x.o
                                       0x2fb4 (size before relaxing)
 .debug_str     0x0000000000005487       0xe9 ./src/crp.o
                                       0x2ec1 (size before relaxing)
 .debug_str     0x0000000000005570      0x1c8 /home/mica/Documents/Informatica_II/MCUXpresso_11.1.1_3241/workspace/Contados_autos/bibliotecaInfo2-Distribucion-060618/libbibliotecaInfoII.a(DR_Inicializacion.o)
                                       0x4374 (size before relaxing)
 .debug_str     0x0000000000005738       0x1f /home/mica/Documents/Informatica_II/MCUXpresso_11.1.1_3241/workspace/Contados_autos/bibliotecaInfo2-Distribucion-060618/libbibliotecaInfoII.a(DR_PLL.o)
                                       0x32e2 (size before relaxing)
 .debug_str     0x0000000000005757       0x1f /home/mica/Documents/Informatica_II/MCUXpresso_11.1.1_3241/workspace/Contados_autos/bibliotecaInfo2-Distribucion-060618/libbibliotecaInfoII.a(DR_RGB.o)
                                       0x3d28 (size before relaxing)
 .debug_str     0x0000000000005776       0x37 /home/mica/Documents/Informatica_II/MCUXpresso_11.1.1_3241/workspace/Contados_autos/bibliotecaInfo2-Distribucion-060618/libbibliotecaInfoII.a(DR_Salidas.o)
                                       0x3d52 (size before relaxing)
 .debug_str     0x00000000000057ad       0x4c /home/mica/Documents/Informatica_II/MCUXpresso_11.1.1_3241/workspace/Contados_autos/bibliotecaInfo2-Distribucion-060618/libbibliotecaInfoII.a(DR_SysTick.o)
                                       0x3ed3 (size before relaxing)
 .debug_str     0x00000000000057f9       0x84 /home/mica/Documents/Informatica_II/MCUXpresso_11.1.1_3241/workspace/Contados_autos/bibliotecaInfo2-Distribucion-060618/libbibliotecaInfoII.a(DR_Teclado.o)
                                       0x3db1 (size before relaxing)
 .debug_str     0x000000000000587d       0x2d /home/mica/Documents/Informatica_II/MCUXpresso_11.1.1_3241/workspace/Contados_autos/bibliotecaInfo2-Distribucion-060618/libbibliotecaInfoII.a(DR_Timers.o)
                                       0x2e20 (size before relaxing)
 .debug_str     0x00000000000058aa      0x321 /home/mica/Documents/Informatica_II/MCUXpresso_11.1.1_3241/workspace/Contados_autos/bibliotecaInfo2-Distribucion-060618/libbibliotecaInfoII.a(DR_UART0.o)
                                       0x4117 (size before relaxing)
 .debug_str     0x0000000000005bcb       0xc3 /home/mica/Documents/Informatica_II/MCUXpresso_11.1.1_3241/workspace/Contados_autos/bibliotecaInfo2-Distribucion-060618/libbibliotecaInfoII.a(DR_UART1.o)
                                       0x3fe7 (size before relaxing)
 .debug_str     0x0000000000005c8e       0x40 /home/mica/Documents/Informatica_II/MCUXpresso_11.1.1_3241/workspace/Contados_autos/bibliotecaInfo2-Distribucion-060618/libbibliotecaInfoII.a(DR_adc.o)
                                       0x428f (size before relaxing)
 .debug_str     0x0000000000005cce       0x4a /home/mica/Documents/Informatica_II/MCUXpresso_11.1.1_3241/workspace/Contados_autos/bibliotecaInfo2-Distribucion-060618/libbibliotecaInfoII.a(DR_gpio.o)
                                       0x3237 (size before relaxing)
 .debug_str     0x0000000000005d18       0x74 /home/mica/Documents/Informatica_II/MCUXpresso_11.1.1_3241/workspace/Contados_autos/bibliotecaInfo2-Distribucion-060618/libbibliotecaInfoII.a(DR_lcd.o)
                                       0x3e09 (size before relaxing)
 .debug_str     0x0000000000005d8c       0x29 /home/mica/Documents/Informatica_II/MCUXpresso_11.1.1_3241/workspace/Contados_autos/bibliotecaInfo2-Distribucion-060618/libbibliotecaInfoII.a(DR_pinsel.o)
                                       0x2ee3 (size before relaxing)
 .debug_str     0x0000000000005db5       0x13 /home/mica/Documents/Informatica_II/MCUXpresso_11.1.1_3241/workspace/Contados_autos/bibliotecaInfo2-Distribucion-060618/libbibliotecaInfoII.a(PR_Buzzer.o)
                                       0x3d57 (size before relaxing)
 .debug_str     0x0000000000005dc8       0x1b /home/mica/Documents/Informatica_II/MCUXpresso_11.1.1_3241/workspace/Contados_autos/bibliotecaInfo2-Distribucion-060618/libbibliotecaInfoII.a(PR_Teclado.o)
                                       0x3d57 (size before relaxing)
 .debug_str     0x0000000000005de3       0xa1 /home/mica/Documents/Informatica_II/MCUXpresso_11.1.1_3241/workspace/Contados_autos/bibliotecaInfo2-Distribucion-060618/libbibliotecaInfoII.a(PR_Timers.o)
                                       0x2ecd (size before relaxing)
 .debug_str     0x0000000000005e84       0x4f /home/mica/Documents/Informatica_II/MCUXpresso_11.1.1_3241/workspace/Contados_autos/bibliotecaInfo2-Distribucion-060618/libbibliotecaInfoII.a(DR_7seg.o)
                                       0x3d36 (size before relaxing)
 .debug_str     0x0000000000005ed3       0x34 /home/mica/Documents/Informatica_II/MCUXpresso_11.1.1_3241/workspace/Contados_autos/bibliotecaInfo2-Distribucion-060618/libbibliotecaInfoII.a(DR_Buzzer.o)
                                       0x3d4d (size before relaxing)
 .debug_str     0x0000000000005f07       0x4b /home/mica/Documents/Informatica_II/MCUXpresso_11.1.1_3241/workspace/Contados_autos/bibliotecaInfo2-Distribucion-060618/libbibliotecaInfoII.a(DR_Entradas.o)
                                       0x3d32 (size before relaxing)

.comment        0x0000000000000000       0xf4
 .comment       0x0000000000000000       0x76 ./src/AP_FuncionesMdeE.o
                                         0x77 (size before relaxing)
 .comment       0x0000000000000076       0x77 ./src/AP_MdeE.o
 .comment       0x0000000000000076       0x77 ./src/Contados_autos.o
 .comment       0x0000000000000076       0x77 ./src/cr_startup_lpc175x_6x.o
 .comment       0x0000000000000076       0x77 ./src/crp.o
 .comment       0x0000000000000076       0x7e /home/mica/Documents/Informatica_II/MCUXpresso_11.1.1_3241/workspace/Contados_autos/bibliotecaInfo2-Distribucion-060618/libbibliotecaInfoII.a(DR_Inicializacion.o)
                                         0x7f (size before relaxing)
 .comment       0x00000000000000f4       0x7f /home/mica/Documents/Informatica_II/MCUXpresso_11.1.1_3241/workspace/Contados_autos/bibliotecaInfo2-Distribucion-060618/libbibliotecaInfoII.a(DR_PLL.o)
 .comment       0x00000000000000f4       0x7f /home/mica/Documents/Informatica_II/MCUXpresso_11.1.1_3241/workspace/Contados_autos/bibliotecaInfo2-Distribucion-060618/libbibliotecaInfoII.a(DR_RGB.o)
 .comment       0x00000000000000f4       0x7f /home/mica/Documents/Informatica_II/MCUXpresso_11.1.1_3241/workspace/Contados_autos/bibliotecaInfo2-Distribucion-060618/libbibliotecaInfoII.a(DR_Salidas.o)
 .comment       0x00000000000000f4       0x7f /home/mica/Documents/Informatica_II/MCUXpresso_11.1.1_3241/workspace/Contados_autos/bibliotecaInfo2-Distribucion-060618/libbibliotecaInfoII.a(DR_SysTick.o)
 .comment       0x00000000000000f4       0x7f /home/mica/Documents/Informatica_II/MCUXpresso_11.1.1_3241/workspace/Contados_autos/bibliotecaInfo2-Distribucion-060618/libbibliotecaInfoII.a(DR_Teclado.o)
 .comment       0x00000000000000f4       0x7f /home/mica/Documents/Informatica_II/MCUXpresso_11.1.1_3241/workspace/Contados_autos/bibliotecaInfo2-Distribucion-060618/libbibliotecaInfoII.a(DR_Timers.o)
 .comment       0x00000000000000f4       0x7f /home/mica/Documents/Informatica_II/MCUXpresso_11.1.1_3241/workspace/Contados_autos/bibliotecaInfo2-Distribucion-060618/libbibliotecaInfoII.a(DR_UART0.o)
 .comment       0x00000000000000f4       0x7f /home/mica/Documents/Informatica_II/MCUXpresso_11.1.1_3241/workspace/Contados_autos/bibliotecaInfo2-Distribucion-060618/libbibliotecaInfoII.a(DR_UART1.o)
 .comment       0x00000000000000f4       0x7f /home/mica/Documents/Informatica_II/MCUXpresso_11.1.1_3241/workspace/Contados_autos/bibliotecaInfo2-Distribucion-060618/libbibliotecaInfoII.a(DR_adc.o)
 .comment       0x00000000000000f4       0x7f /home/mica/Documents/Informatica_II/MCUXpresso_11.1.1_3241/workspace/Contados_autos/bibliotecaInfo2-Distribucion-060618/libbibliotecaInfoII.a(DR_gpio.o)
 .comment       0x00000000000000f4       0x7f /home/mica/Documents/Informatica_II/MCUXpresso_11.1.1_3241/workspace/Contados_autos/bibliotecaInfo2-Distribucion-060618/libbibliotecaInfoII.a(DR_lcd.o)
 .comment       0x00000000000000f4       0x7f /home/mica/Documents/Informatica_II/MCUXpresso_11.1.1_3241/workspace/Contados_autos/bibliotecaInfo2-Distribucion-060618/libbibliotecaInfoII.a(DR_pinsel.o)
 .comment       0x00000000000000f4       0x7f /home/mica/Documents/Informatica_II/MCUXpresso_11.1.1_3241/workspace/Contados_autos/bibliotecaInfo2-Distribucion-060618/libbibliotecaInfoII.a(PR_Buzzer.o)
 .comment       0x00000000000000f4       0x7f /home/mica/Documents/Informatica_II/MCUXpresso_11.1.1_3241/workspace/Contados_autos/bibliotecaInfo2-Distribucion-060618/libbibliotecaInfoII.a(PR_Teclado.o)
 .comment       0x00000000000000f4       0x7f /home/mica/Documents/Informatica_II/MCUXpresso_11.1.1_3241/workspace/Contados_autos/bibliotecaInfo2-Distribucion-060618/libbibliotecaInfoII.a(PR_Timers.o)
 .comment       0x00000000000000f4       0x7f /home/mica/Documents/Informatica_II/MCUXpresso_11.1.1_3241/workspace/Contados_autos/bibliotecaInfo2-Distribucion-060618/libbibliotecaInfoII.a(DR_7seg.o)
 .comment       0x00000000000000f4       0x7f /home/mica/Documents/Informatica_II/MCUXpresso_11.1.1_3241/workspace/Contados_autos/bibliotecaInfo2-Distribucion-060618/libbibliotecaInfoII.a(DR_Buzzer.o)
 .comment       0x00000000000000f4       0x7f /home/mica/Documents/Informatica_II/MCUXpresso_11.1.1_3241/workspace/Contados_autos/bibliotecaInfo2-Distribucion-060618/libbibliotecaInfoII.a(DR_Entradas.o)
 .comment       0x00000000000000f4       0x77 /usr/local/mcuxpressoide-11.1.1_3241/ide/plugins/com.nxp.mcuxpresso.tools.linux_11.1.0.202001081728/tools/bin/../lib/gcc/arm-none-eabi/8.3.1/../../../../arm-none-eabi/lib/thumb/v7-m/nofp/libcr_c.a(__weak__main.o)

.ARM.attributes
                0x0000000000000000       0x2d
 .ARM.attributes
                0x0000000000000000       0x2d ./src/AP_FuncionesMdeE.o
 .ARM.attributes
                0x000000000000002d       0x2d ./src/AP_MdeE.o
 .ARM.attributes
                0x000000000000005a       0x2d ./src/Contados_autos.o
 .ARM.attributes
                0x0000000000000087       0x2d ./src/cr_startup_lpc175x_6x.o
 .ARM.attributes
                0x00000000000000b4       0x33 ./src/crp.o
 .ARM.attributes
                0x00000000000000e7       0x33 /home/mica/Documents/Informatica_II/MCUXpresso_11.1.1_3241/workspace/Contados_autos/bibliotecaInfo2-Distribucion-060618/libbibliotecaInfoII.a(DR_Inicializacion.o)
 .ARM.attributes
                0x000000000000011a       0x33 /home/mica/Documents/Informatica_II/MCUXpresso_11.1.1_3241/workspace/Contados_autos/bibliotecaInfo2-Distribucion-060618/libbibliotecaInfoII.a(DR_PLL.o)
 .ARM.attributes
                0x000000000000014d       0x33 /home/mica/Documents/Informatica_II/MCUXpresso_11.1.1_3241/workspace/Contados_autos/bibliotecaInfo2-Distribucion-060618/libbibliotecaInfoII.a(DR_RGB.o)
 .ARM.attributes
                0x0000000000000180       0x33 /home/mica/Documents/Informatica_II/MCUXpresso_11.1.1_3241/workspace/Contados_autos/bibliotecaInfo2-Distribucion-060618/libbibliotecaInfoII.a(DR_Salidas.o)
 .ARM.attributes
                0x00000000000001b3       0x33 /home/mica/Documents/Informatica_II/MCUXpresso_11.1.1_3241/workspace/Contados_autos/bibliotecaInfo2-Distribucion-060618/libbibliotecaInfoII.a(DR_SysTick.o)
 .ARM.attributes
                0x00000000000001e6       0x33 /home/mica/Documents/Informatica_II/MCUXpresso_11.1.1_3241/workspace/Contados_autos/bibliotecaInfo2-Distribucion-060618/libbibliotecaInfoII.a(DR_Teclado.o)
 .ARM.attributes
                0x0000000000000219       0x33 /home/mica/Documents/Informatica_II/MCUXpresso_11.1.1_3241/workspace/Contados_autos/bibliotecaInfo2-Distribucion-060618/libbibliotecaInfoII.a(DR_Timers.o)
 .ARM.attributes
                0x000000000000024c       0x33 /home/mica/Documents/Informatica_II/MCUXpresso_11.1.1_3241/workspace/Contados_autos/bibliotecaInfo2-Distribucion-060618/libbibliotecaInfoII.a(DR_UART0.o)
 .ARM.attributes
                0x000000000000027f       0x33 /home/mica/Documents/Informatica_II/MCUXpresso_11.1.1_3241/workspace/Contados_autos/bibliotecaInfo2-Distribucion-060618/libbibliotecaInfoII.a(DR_UART1.o)
 .ARM.attributes
                0x00000000000002b2       0x33 /home/mica/Documents/Informatica_II/MCUXpresso_11.1.1_3241/workspace/Contados_autos/bibliotecaInfo2-Distribucion-060618/libbibliotecaInfoII.a(DR_adc.o)
 .ARM.attributes
                0x00000000000002e5       0x33 /home/mica/Documents/Informatica_II/MCUXpresso_11.1.1_3241/workspace/Contados_autos/bibliotecaInfo2-Distribucion-060618/libbibliotecaInfoII.a(DR_gpio.o)
 .ARM.attributes
                0x0000000000000318       0x33 /home/mica/Documents/Informatica_II/MCUXpresso_11.1.1_3241/workspace/Contados_autos/bibliotecaInfo2-Distribucion-060618/libbibliotecaInfoII.a(DR_lcd.o)
 .ARM.attributes
                0x000000000000034b       0x33 /home/mica/Documents/Informatica_II/MCUXpresso_11.1.1_3241/workspace/Contados_autos/bibliotecaInfo2-Distribucion-060618/libbibliotecaInfoII.a(DR_pinsel.o)
 .ARM.attributes
                0x000000000000037e       0x33 /home/mica/Documents/Informatica_II/MCUXpresso_11.1.1_3241/workspace/Contados_autos/bibliotecaInfo2-Distribucion-060618/libbibliotecaInfoII.a(PR_Buzzer.o)
 .ARM.attributes
                0x00000000000003b1       0x33 /home/mica/Documents/Informatica_II/MCUXpresso_11.1.1_3241/workspace/Contados_autos/bibliotecaInfo2-Distribucion-060618/libbibliotecaInfoII.a(PR_Teclado.o)
 .ARM.attributes
                0x00000000000003e4       0x33 /home/mica/Documents/Informatica_II/MCUXpresso_11.1.1_3241/workspace/Contados_autos/bibliotecaInfo2-Distribucion-060618/libbibliotecaInfoII.a(PR_Timers.o)
 .ARM.attributes
                0x0000000000000417       0x33 /home/mica/Documents/Informatica_II/MCUXpresso_11.1.1_3241/workspace/Contados_autos/bibliotecaInfo2-Distribucion-060618/libbibliotecaInfoII.a(DR_7seg.o)
 .ARM.attributes
                0x000000000000044a       0x33 /home/mica/Documents/Informatica_II/MCUXpresso_11.1.1_3241/workspace/Contados_autos/bibliotecaInfo2-Distribucion-060618/libbibliotecaInfoII.a(DR_Buzzer.o)
 .ARM.attributes
                0x000000000000047d       0x33 /home/mica/Documents/Informatica_II/MCUXpresso_11.1.1_3241/workspace/Contados_autos/bibliotecaInfo2-Distribucion-060618/libbibliotecaInfoII.a(DR_Entradas.o)
 .ARM.attributes
                0x00000000000004b0       0x2d /usr/local/mcuxpressoide-11.1.1_3241/ide/plugins/com.nxp.mcuxpresso.tools.linux_11.1.0.202001081728/tools/bin/../lib/gcc/arm-none-eabi/8.3.1/../../../../arm-none-eabi/lib/thumb/v7-m/nofp/libcr_c.a(__weak__main.o)

.debug_frame    0x0000000000000000      0xac4
 .debug_frame   0x0000000000000000       0xcc ./src/AP_FuncionesMdeE.o
 .debug_frame   0x00000000000000cc       0x48 ./src/AP_MdeE.o
 .debug_frame   0x0000000000000114       0x2c ./src/Contados_autos.o
 .debug_frame   0x0000000000000140      0x170 ./src/cr_startup_lpc175x_6x.o
 .debug_frame   0x00000000000002b0       0x2c /home/mica/Documents/Informatica_II/MCUXpresso_11.1.1_3241/workspace/Contados_autos/bibliotecaInfo2-Distribucion-060618/libbibliotecaInfoII.a(DR_Inicializacion.o)
 .debug_frame   0x00000000000002dc       0x30 /home/mica/Documents/Informatica_II/MCUXpresso_11.1.1_3241/workspace/Contados_autos/bibliotecaInfo2-Distribucion-060618/libbibliotecaInfoII.a(DR_PLL.o)
 .debug_frame   0x000000000000030c       0x2c /home/mica/Documents/Informatica_II/MCUXpresso_11.1.1_3241/workspace/Contados_autos/bibliotecaInfo2-Distribucion-060618/libbibliotecaInfoII.a(DR_RGB.o)
 .debug_frame   0x0000000000000338       0x48 /home/mica/Documents/Informatica_II/MCUXpresso_11.1.1_3241/workspace/Contados_autos/bibliotecaInfo2-Distribucion-060618/libbibliotecaInfoII.a(DR_Salidas.o)
 .debug_frame   0x0000000000000380       0x4c /home/mica/Documents/Informatica_II/MCUXpresso_11.1.1_3241/workspace/Contados_autos/bibliotecaInfo2-Distribucion-060618/libbibliotecaInfoII.a(DR_SysTick.o)
 .debug_frame   0x00000000000003cc       0x74 /home/mica/Documents/Informatica_II/MCUXpresso_11.1.1_3241/workspace/Contados_autos/bibliotecaInfo2-Distribucion-060618/libbibliotecaInfoII.a(DR_Teclado.o)
 .debug_frame   0x0000000000000440       0x5c /home/mica/Documents/Informatica_II/MCUXpresso_11.1.1_3241/workspace/Contados_autos/bibliotecaInfo2-Distribucion-060618/libbibliotecaInfoII.a(DR_Timers.o)
 .debug_frame   0x000000000000049c       0xf8 /home/mica/Documents/Informatica_II/MCUXpresso_11.1.1_3241/workspace/Contados_autos/bibliotecaInfo2-Distribucion-060618/libbibliotecaInfoII.a(DR_UART0.o)
 .debug_frame   0x0000000000000594       0xf8 /home/mica/Documents/Informatica_II/MCUXpresso_11.1.1_3241/workspace/Contados_autos/bibliotecaInfo2-Distribucion-060618/libbibliotecaInfoII.a(DR_UART1.o)
 .debug_frame   0x000000000000068c       0x54 /home/mica/Documents/Informatica_II/MCUXpresso_11.1.1_3241/workspace/Contados_autos/bibliotecaInfo2-Distribucion-060618/libbibliotecaInfoII.a(DR_adc.o)
 .debug_frame   0x00000000000006e0       0xb0 /home/mica/Documents/Informatica_II/MCUXpresso_11.1.1_3241/workspace/Contados_autos/bibliotecaInfo2-Distribucion-060618/libbibliotecaInfoII.a(DR_gpio.o)
 .debug_frame   0x0000000000000790       0xa8 /home/mica/Documents/Informatica_II/MCUXpresso_11.1.1_3241/workspace/Contados_autos/bibliotecaInfo2-Distribucion-060618/libbibliotecaInfoII.a(DR_lcd.o)
 .debug_frame   0x0000000000000838       0x38 /home/mica/Documents/Informatica_II/MCUXpresso_11.1.1_3241/workspace/Contados_autos/bibliotecaInfo2-Distribucion-060618/libbibliotecaInfoII.a(DR_pinsel.o)
 .debug_frame   0x0000000000000870       0x38 /home/mica/Documents/Informatica_II/MCUXpresso_11.1.1_3241/workspace/Contados_autos/bibliotecaInfo2-Distribucion-060618/libbibliotecaInfoII.a(PR_Buzzer.o)
 .debug_frame   0x00000000000008a8       0x38 /home/mica/Documents/Informatica_II/MCUXpresso_11.1.1_3241/workspace/Contados_autos/bibliotecaInfo2-Distribucion-060618/libbibliotecaInfoII.a(PR_Teclado.o)
 .debug_frame   0x00000000000008e0       0xfc /home/mica/Documents/Informatica_II/MCUXpresso_11.1.1_3241/workspace/Contados_autos/bibliotecaInfo2-Distribucion-060618/libbibliotecaInfoII.a(PR_Timers.o)
 .debug_frame   0x00000000000009dc       0x50 /home/mica/Documents/Informatica_II/MCUXpresso_11.1.1_3241/workspace/Contados_autos/bibliotecaInfo2-Distribucion-060618/libbibliotecaInfoII.a(DR_7seg.o)
 .debug_frame   0x0000000000000a2c       0x48 /home/mica/Documents/Informatica_II/MCUXpresso_11.1.1_3241/workspace/Contados_autos/bibliotecaInfo2-Distribucion-060618/libbibliotecaInfoII.a(DR_Buzzer.o)
 .debug_frame   0x0000000000000a74       0x50 /home/mica/Documents/Informatica_II/MCUXpresso_11.1.1_3241/workspace/Contados_autos/bibliotecaInfo2-Distribucion-060618/libbibliotecaInfoII.a(DR_Entradas.o)

Cross Reference Table

Symbol                                            File
ADC_IRQHandler                                    /home/mica/Documents/Informatica_II/MCUXpresso_11.1.1_3241/workspace/Contados_autos/bibliotecaInfo2-Distribucion-060618/libbibliotecaInfoII.a(DR_adc.o)
                                                  ./src/cr_startup_lpc175x_6x.o
AnalizarTimers                                    /home/mica/Documents/Informatica_II/MCUXpresso_11.1.1_3241/workspace/Contados_autos/bibliotecaInfo2-Distribucion-060618/libbibliotecaInfoII.a(DR_Timers.o)
                                                  /home/mica/Documents/Informatica_II/MCUXpresso_11.1.1_3241/workspace/Contados_autos/bibliotecaInfo2-Distribucion-060618/libbibliotecaInfoII.a(DR_SysTick.o)
ApagoSirena                                       ./src/AP_FuncionesMdeE.o
                                                  ./src/Contados_autos.o
                                                  ./src/AP_MdeE.o
BOD_IRQHandler                                    ./src/cr_startup_lpc175x_6x.o
BarridoDisplay                                    /home/mica/Documents/Informatica_II/MCUXpresso_11.1.1_3241/workspace/Contados_autos/bibliotecaInfo2-Distribucion-060618/libbibliotecaInfoII.a(DR_7seg.o)
                                                  /home/mica/Documents/Informatica_II/MCUXpresso_11.1.1_3241/workspace/Contados_autos/bibliotecaInfo2-Distribucion-060618/libbibliotecaInfoII.a(DR_SysTick.o)
BufferBuzzer                                      /home/mica/Documents/Informatica_II/MCUXpresso_11.1.1_3241/workspace/Contados_autos/bibliotecaInfo2-Distribucion-060618/libbibliotecaInfoII.a(DR_Buzzer.o)
                                                  /home/mica/Documents/Informatica_II/MCUXpresso_11.1.1_3241/workspace/Contados_autos/bibliotecaInfo2-Distribucion-060618/libbibliotecaInfoII.a(PR_Buzzer.o)
BufferEntradas                                    /home/mica/Documents/Informatica_II/MCUXpresso_11.1.1_3241/workspace/Contados_autos/bibliotecaInfo2-Distribucion-060618/libbibliotecaInfoII.a(DR_Entradas.o)
BufferSalidas                                     /home/mica/Documents/Informatica_II/MCUXpresso_11.1.1_3241/workspace/Contados_autos/bibliotecaInfo2-Distribucion-060618/libbibliotecaInfoII.a(DR_Salidas.o)
BusFault_Handler                                  ./src/cr_startup_lpc175x_6x.o
Buzzer                                            /home/mica/Documents/Informatica_II/MCUXpresso_11.1.1_3241/workspace/Contados_autos/bibliotecaInfo2-Distribucion-060618/libbibliotecaInfoII.a(PR_Buzzer.o)
                                                  ./src/AP_FuncionesMdeE.o
CANActivity_IRQHandler                            ./src/cr_startup_lpc175x_6x.o
CAN_IRQHandler                                    ./src/cr_startup_lpc175x_6x.o
CRP_WORD                                          ./src/crp.o
DMA_IRQHandler                                    ./src/cr_startup_lpc175x_6x.o
DebounceEntradas                                  /home/mica/Documents/Informatica_II/MCUXpresso_11.1.1_3241/workspace/Contados_autos/bibliotecaInfo2-Distribucion-060618/libbibliotecaInfoII.a(DR_Entradas.o)
                                                  /home/mica/Documents/Informatica_II/MCUXpresso_11.1.1_3241/workspace/Contados_autos/bibliotecaInfo2-Distribucion-060618/libbibliotecaInfoII.a(DR_SysTick.o)
DebugMon_Handler                                  ./src/cr_startup_lpc175x_6x.o
Digito_Display                                    /home/mica/Documents/Informatica_II/MCUXpresso_11.1.1_3241/workspace/Contados_autos/bibliotecaInfo2-Distribucion-060618/libbibliotecaInfoII.a(DR_7seg.o)
DriverTecladoHW                                   /home/mica/Documents/Informatica_II/MCUXpresso_11.1.1_3241/workspace/Contados_autos/bibliotecaInfo2-Distribucion-060618/libbibliotecaInfoII.a(DR_Teclado.o)
DriverTecladoSW                                   /home/mica/Documents/Informatica_II/MCUXpresso_11.1.1_3241/workspace/Contados_autos/bibliotecaInfo2-Distribucion-060618/libbibliotecaInfoII.a(DR_Teclado.o)
                                                  /home/mica/Documents/Informatica_II/MCUXpresso_11.1.1_3241/workspace/Contados_autos/bibliotecaInfo2-Distribucion-060618/libbibliotecaInfoII.a(DR_SysTick.o)
EINT0_IRQHandler                                  ./src/cr_startup_lpc175x_6x.o
EINT1_IRQHandler                                  ./src/cr_startup_lpc175x_6x.o
EINT2_IRQHandler                                  ./src/cr_startup_lpc175x_6x.o
EINT3_IRQHandler                                  ./src/cr_startup_lpc175x_6x.o
ENET_IRQHandler                                   ./src/cr_startup_lpc175x_6x.o
EnciendoSirena                                    ./src/AP_FuncionesMdeE.o
                                                  ./src/AP_MdeE.o
EscrituraLCD                                      /home/mica/Documents/Informatica_II/MCUXpresso_11.1.1_3241/workspace/Contados_autos/bibliotecaInfo2-Distribucion-060618/libbibliotecaInfoII.a(DR_lcd.o)
                                                  /home/mica/Documents/Informatica_II/MCUXpresso_11.1.1_3241/workspace/Contados_autos/bibliotecaInfo2-Distribucion-060618/libbibliotecaInfoII.a(DR_SysTick.o)
GetKey                                            /home/mica/Documents/Informatica_II/MCUXpresso_11.1.1_3241/workspace/Contados_autos/bibliotecaInfo2-Distribucion-060618/libbibliotecaInfoII.a(PR_Teclado.o)
                                                  ./src/AP_FuncionesMdeE.o
GetPIN                                            /home/mica/Documents/Informatica_II/MCUXpresso_11.1.1_3241/workspace/Contados_autos/bibliotecaInfo2-Distribucion-060618/libbibliotecaInfoII.a(DR_gpio.o)
                                                  /home/mica/Documents/Informatica_II/MCUXpresso_11.1.1_3241/workspace/Contados_autos/bibliotecaInfo2-Distribucion-060618/libbibliotecaInfoII.a(DR_Entradas.o)
                                                  /home/mica/Documents/Informatica_II/MCUXpresso_11.1.1_3241/workspace/Contados_autos/bibliotecaInfo2-Distribucion-060618/libbibliotecaInfoII.a(DR_Teclado.o)
GetTimer                                          /home/mica/Documents/Informatica_II/MCUXpresso_11.1.1_3241/workspace/Contados_autos/bibliotecaInfo2-Distribucion-060618/libbibliotecaInfoII.a(PR_Timers.o)
HardFault_Handler                                 ./src/cr_startup_lpc175x_6x.o
I2C0_IRQHandler                                   ./src/cr_startup_lpc175x_6x.o
I2C1_IRQHandler                                   ./src/cr_startup_lpc175x_6x.o
I2C2_IRQHandler                                   ./src/cr_startup_lpc175x_6x.o
I2S_IRQHandler                                    ./src/cr_startup_lpc175x_6x.o
Inicializacion                                    /home/mica/Documents/Informatica_II/MCUXpresso_11.1.1_3241/workspace/Contados_autos/bibliotecaInfo2-Distribucion-060618/libbibliotecaInfoII.a(DR_Inicializacion.o)
                                                  ./src/Contados_autos.o
InicializarADC                                    /home/mica/Documents/Informatica_II/MCUXpresso_11.1.1_3241/workspace/Contados_autos/bibliotecaInfo2-Distribucion-060618/libbibliotecaInfoII.a(DR_adc.o)
                                                  /home/mica/Documents/Informatica_II/MCUXpresso_11.1.1_3241/workspace/Contados_autos/bibliotecaInfo2-Distribucion-060618/libbibliotecaInfoII.a(DR_Inicializacion.o)
InicializarBuzzer                                 /home/mica/Documents/Informatica_II/MCUXpresso_11.1.1_3241/workspace/Contados_autos/bibliotecaInfo2-Distribucion-060618/libbibliotecaInfoII.a(DR_Buzzer.o)
                                                  /home/mica/Documents/Informatica_II/MCUXpresso_11.1.1_3241/workspace/Contados_autos/bibliotecaInfo2-Distribucion-060618/libbibliotecaInfoII.a(DR_Inicializacion.o)
InicializarDisplayExp2                            /home/mica/Documents/Informatica_II/MCUXpresso_11.1.1_3241/workspace/Contados_autos/bibliotecaInfo2-Distribucion-060618/libbibliotecaInfoII.a(DR_7seg.o)
                                                  /home/mica/Documents/Informatica_II/MCUXpresso_11.1.1_3241/workspace/Contados_autos/bibliotecaInfo2-Distribucion-060618/libbibliotecaInfoII.a(DR_Inicializacion.o)
InicializarEntradas                               /home/mica/Documents/Informatica_II/MCUXpresso_11.1.1_3241/workspace/Contados_autos/bibliotecaInfo2-Distribucion-060618/libbibliotecaInfoII.a(DR_Entradas.o)
                                                  /home/mica/Documents/Informatica_II/MCUXpresso_11.1.1_3241/workspace/Contados_autos/bibliotecaInfo2-Distribucion-060618/libbibliotecaInfoII.a(DR_Inicializacion.o)
InicializarLCD                                    /home/mica/Documents/Informatica_II/MCUXpresso_11.1.1_3241/workspace/Contados_autos/bibliotecaInfo2-Distribucion-060618/libbibliotecaInfoII.a(DR_lcd.o)
                                                  /home/mica/Documents/Informatica_II/MCUXpresso_11.1.1_3241/workspace/Contados_autos/bibliotecaInfo2-Distribucion-060618/libbibliotecaInfoII.a(DR_Inicializacion.o)
InicializarPLL                                    /home/mica/Documents/Informatica_II/MCUXpresso_11.1.1_3241/workspace/Contados_autos/bibliotecaInfo2-Distribucion-060618/libbibliotecaInfoII.a(DR_PLL.o)
                                                  /home/mica/Documents/Informatica_II/MCUXpresso_11.1.1_3241/workspace/Contados_autos/bibliotecaInfo2-Distribucion-060618/libbibliotecaInfoII.a(DR_Inicializacion.o)
InicializarRGB                                    /home/mica/Documents/Informatica_II/MCUXpresso_11.1.1_3241/workspace/Contados_autos/bibliotecaInfo2-Distribucion-060618/libbibliotecaInfoII.a(DR_RGB.o)
                                                  /home/mica/Documents/Informatica_II/MCUXpresso_11.1.1_3241/workspace/Contados_autos/bibliotecaInfo2-Distribucion-060618/libbibliotecaInfoII.a(DR_Inicializacion.o)