Archive member included to satisfy reference by file (symbol)

c:/nxp/mcuxpressoide_10.3.0_2200/ide/plugins/com.nxp.mcuxpresso.tools.win32_10.3.0.201811011841/tools/bin/../lib/gcc/arm-none-eabi/7.3.1/../../../../arm-none-eabi/lib/thumb/v7-m\libcr_c.a(__weak__main.o)
                              ./src/cr_startup_lpc176x.o (__main)

Discarded input sections

 .group         0x00000000        0xc ./src/cr_startup_lpc176x.o
 .text          0x00000000        0x0 ./src/cr_startup_lpc176x.o
 .data          0x00000000        0x0 ./src/cr_startup_lpc176x.o
 .bss           0x00000000        0x0 ./src/cr_startup_lpc176x.o
 .group         0x00000000        0xc ./src/extint.o
 .group         0x00000000        0xc ./src/extint.o
 .text          0x00000000        0x0 ./src/extint.o
 .data          0x00000000        0x0 ./src/extint.o
 .bss           0x00000000        0x0 ./src/extint.o
 .group         0x00000000        0xc ./src/gpio.o
 .group         0x00000000        0xc ./src/gpio.o
 .text          0x00000000        0x0 ./src/gpio.o
 .data          0x00000000        0x0 ./src/gpio.o
 .bss           0x00000000        0x0 ./src/gpio.o
 .text.SetPINMODE
                0x00000000       0x80 ./src/gpio.o
 .text.GetPIN   0x00000000       0x4a ./src/gpio.o
 .debug_macro   0x00000000      0xa60 ./src/gpio.o
 .debug_macro   0x00000000      0x3e2 ./src/gpio.o
 .group         0x00000000        0xc ./src/init.o
 .group         0x00000000        0xc ./src/init.o
 .text          0x00000000        0x0 ./src/init.o
 .data          0x00000000        0x0 ./src/init.o
 .bss           0x00000000        0x0 ./src/init.o
 .debug_macro   0x00000000      0xa60 ./src/init.o
 .debug_macro   0x00000000      0x3e2 ./src/init.o
 .group         0x00000000        0xc ./src/main.o
 .group         0x00000000        0xc ./src/main.o
 .group         0x00000000        0xc ./src/main.o
 .group         0x00000000        0xc ./src/main.o
 .text          0x00000000        0x0 ./src/main.o
 .data          0x00000000        0x0 ./src/main.o
 .bss           0x00000000        0x0 ./src/main.o
 .debug_macro   0x00000000      0xa60 ./src/main.o
 .debug_macro   0x00000000      0x3e2 ./src/main.o
 .text          0x00000000        0x0 c:/nxp/mcuxpressoide_10.3.0_2200/ide/plugins/com.nxp.mcuxpresso.tools.win32_10.3.0.201811011841/tools/bin/../lib/gcc/arm-none-eabi/7.3.1/../../../../arm-none-eabi/lib/thumb/v7-m\libcr_c.a(__weak__main.o)
 .data          0x00000000        0x0 c:/nxp/mcuxpressoide_10.3.0_2200/ide/plugins/com.nxp.mcuxpresso.tools.win32_10.3.0.201811011841/tools/bin/../lib/gcc/arm-none-eabi/7.3.1/../../../../arm-none-eabi/lib/thumb/v7-m\libcr_c.a(__weak__main.o)
 .bss           0x00000000        0x0 c:/nxp/mcuxpressoide_10.3.0_2200/ide/plugins/com.nxp.mcuxpresso.tools.win32_10.3.0.201811011841/tools/bin/../lib/gcc/arm-none-eabi/7.3.1/../../../../arm-none-eabi/lib/thumb/v7-m\libcr_c.a(__weak__main.o)

Memory Configuration

Name             Origin             Length             Attributes
MFlash512        0x00000000         0x00080000         xr
RamLoc32         0x10000000         0x00008000         xrw
RamAHB32         0x2007c000         0x00008000         xrw
*default*        0x00000000         0xffffffff

Linker script and memory map

LOAD ./src/cr_startup_lpc176x.o
LOAD ./src/extint.o
LOAD ./src/gpio.o
LOAD ./src/init.o
LOAD ./src/main.o
START GROUP
LOAD c:/nxp/mcuxpressoide_10.3.0_2200/ide/plugins/com.nxp.mcuxpresso.tools.win32_10.3.0.201811011841/tools/bin/../lib/gcc/arm-none-eabi/7.3.1/../../../../arm-none-eabi/lib/thumb/v7-m\libcr_c.a
LOAD c:/nxp/mcuxpressoide_10.3.0_2200/ide/plugins/com.nxp.mcuxpresso.tools.win32_10.3.0.201811011841/tools/bin/../lib/gcc/arm-none-eabi/7.3.1/thumb/v7-m\libcr_eabihelpers.a
END GROUP
                0x00000000                __base_MFlash512 = 0x0
                0x00000000                __base_Flash = 0x0
                0x00080000                __top_MFlash512 = 0x80000
                0x00080000                __top_Flash = 0x80000
                0x10000000                __base_RamLoc32 = 0x10000000
                0x10000000                __base_RAM = 0x10000000
                0x10008000                __top_RamLoc32 = 0x10008000
                0x10008000                __top_RAM = 0x10008000
                0x2007c000                __base_RamAHB32 = 0x2007c000
                0x2007c000                __base_RAM2 = 0x2007c000
                0x20084000                __top_RamAHB32 = 0x20084000
                0x20084000                __top_RAM2 = 0x20084000

.text           0x00000000      0x42c
 FILL mask 0xff
                0x00000000                __vectors_start__ = ABSOLUTE (.)
 *(.isr_vector)
 .isr_vector    0x00000000       0xcc ./src/cr_startup_lpc176x.o
                0x00000000                g_pfnVectors
                0x000000cc                . = ALIGN (0x4)
                0x000000cc                __section_table_start = .
                0x000000cc                __data_section_table = .
                0x000000cc        0x4 LONG 0x42c LOADADDR (.data)
                0x000000d0        0x4 LONG 0x10000000 ADDR (.data)
                0x000000d4        0x4 LONG 0x0 SIZEOF (.data)
                0x000000d8        0x4 LONG 0x42c LOADADDR (.data_RAM2)
                0x000000dc        0x4 LONG 0x2007c000 ADDR (.data_RAM2)
                0x000000e0        0x4 LONG 0x0 SIZEOF (.data_RAM2)
                0x000000e4                __data_section_table_end = .
                0x000000e4                __bss_section_table = .
                0x000000e4        0x4 LONG 0x10000000 ADDR (.bss)
                0x000000e8        0x4 LONG 0x0 SIZEOF (.bss)
                0x000000ec        0x4 LONG 0x2007c000 ADDR (.bss_RAM2)
                0x000000f0        0x4 LONG 0x0 SIZEOF (.bss_RAM2)
                0x000000f4                __bss_section_table_end = .
                0x000000f4                __section_table_end = .
 *(.after_vectors*)
 .after_vectors
                0x000000f4       0x78 ./src/cr_startup_lpc176x.o
                0x000000f4                NMI_Handler
                0x000000f6                HardFault_Handler
                0x000000f8                MemManage_Handler
                0x000000fa                BusFault_Handler
                0x000000fc                UsageFault_Handler
                0x000000fe                SVC_Handler
                0x00000100                DebugMon_Handler
                0x00000102                PendSV_Handler
                0x00000104                SysTick_Handler
                0x00000106                PWM1_IRQHandler
                0x00000106                I2C1_IRQHandler
                0x00000106                EINT2_IRQHandler
                0x00000106                UART1_IRQHandler
                0x00000106                CANActivity_IRQHandler
                0x00000106                TIMER3_IRQHandler
                0x00000106                UART0_IRQHandler
                0x00000106                MCPWM_IRQHandler
                0x00000106                I2C0_IRQHandler
                0x00000106                IntDefaultHandler
                0x00000106                RIT_IRQHandler
                0x00000106                CAN_IRQHandler
                0x00000106                PLL1_IRQHandler
                0x00000106                SSP0_IRQHandler
                0x00000106                I2S_IRQHandler
                0x00000106                I2C2_IRQHandler
                0x00000106                RTC_IRQHandler
                0x00000106                TIMER0_IRQHandler
                0x00000106                SPI_IRQHandler
                0x00000106                UART3_IRQHandler
                0x00000106                EINT1_IRQHandler
                0x00000106                TIMER1_IRQHandler
                0x00000106                UART2_IRQHandler
                0x00000106                ADC_IRQHandler
                0x00000106                SSP1_IRQHandler
                0x00000106                USB_IRQHandler
                0x00000106                BOD_IRQHandler
                0x00000106                USBActivity_IRQHandler
                0x00000106                WDT_IRQHandler
                0x00000106                PLL0_IRQHandler
                0x00000106                QEI_IRQHandler
                0x00000106                TIMER2_IRQHandler
                0x00000106                DMA_IRQHandler
                0x00000106                ENET_IRQHandler
                0x00000108                data_init
                0x0000011a                bss_init
                0x0000012a                ResetISR
 *(.text*)
 .text.EINT0_IRQHandler
                0x0000016c       0x2c ./src/extint.o
                0x0000016c                EINT0_IRQHandler
 .text.EINT3_IRQHandler
                0x00000198       0x2c ./src/extint.o
                0x00000198                EINT3_IRQHandler
 .text.SetPINSEL
                0x000001c4       0x8a ./src/gpio.o
                0x000001c4                SetPINSEL
 .text.SetDIR   0x0000024e       0x74 ./src/gpio.o
                0x0000024e                SetDIR
 .text.SetPIN   0x000002c2       0x78 ./src/gpio.o
                0x000002c2                SetPIN
 .text.init     0x0000033a       0x10 ./src/init.o
                0x0000033a                init
 .text.Init_GPIOs
                0x0000034a       0x44 ./src/init.o
                0x0000034a                Init_GPIOs
 *fill*         0x0000038e        0x2 ff
 .text.Init_IntExt
                0x00000390       0x8c ./src/init.o
                0x00000390                Init_IntExt
 .text.main     0x0000041c        0xa ./src/main.o
                0x0000041c                main
 .text.__weak_main
                0x00000426        0x4 c:/nxp/mcuxpressoide_10.3.0_2200/ide/plugins/com.nxp.mcuxpresso.tools.win32_10.3.0.201811011841/tools/bin/../lib/gcc/arm-none-eabi/7.3.1/../../../../arm-none-eabi/lib/thumb/v7-m\libcr_c.a(__weak__main.o)
                0x00000426                __weak_main
                0x00000426                __main
 *(.rodata .rodata.* .constdata .constdata.*)
                0x0000042c                . = ALIGN (0x4)
 *fill*         0x0000042a        0x2 ff

.glue_7         0x0000042c        0x0
 .glue_7        0x0000042c        0x0 linker stubs

.glue_7t        0x0000042c        0x0
 .glue_7t       0x0000042c        0x0 linker stubs

.vfp11_veneer   0x0000042c        0x0
 .vfp11_veneer  0x0000042c        0x0 linker stubs

.v4_bx          0x0000042c        0x0
 .v4_bx         0x0000042c        0x0 linker stubs

.iplt           0x0000042c        0x0
 .iplt          0x0000042c        0x0 ./src/cr_startup_lpc176x.o

.rel.dyn        0x0000042c        0x0
 .rel.iplt      0x0000042c        0x0 ./src/cr_startup_lpc176x.o

.ARM.extab
 *(.ARM.extab* .gnu.linkonce.armextab.*)
                0x0000042c                __exidx_start = .

.ARM.exidx
 *(.ARM.exidx* .gnu.linkonce.armexidx.*)
                0x0000042c                __exidx_end = .
                0x0000042c                _etext = .

.data_RAM2      0x2007c000        0x0 load address 0x0000042c
 FILL mask 0xff
                [!provide]                PROVIDE (__start_data_RAM2 = .)
 *(.ramfunc.$RAM2)
 *(.ramfunc.$RamAHB32)
 *(.data.$RAM2*)
 *(.data.$RamAHB32*)
                0x2007c000                . = ALIGN (0x4)
                [!provide]                PROVIDE (__end_data_RAM2 = .)

.uninit_RESERVED
                0x10000000        0x0
 *(.bss.$RESERVED*)
                0x10000000                . = ALIGN (0x4)
                0x10000000                _end_uninit_RESERVED = .

.data           0x10000000        0x0 load address 0x0000042c
 FILL mask 0xff
                0x10000000                _data = .
 *(vtable)
 *(.ramfunc*)
 *(.data*)
                0x10000000                . = ALIGN (0x4)
                0x10000000                _edata = .

.igot.plt       0x10000000        0x0 load address 0x0000042c
 .igot.plt      0x10000000        0x0 ./src/cr_startup_lpc176x.o

.bss_RAM2       0x2007c000        0x0
                [!provide]                PROVIDE (__start_bss_RAM2 = .)
 *(.bss.$RAM2*)
 *(.bss.$RamAHB32*)
                0x2007c000                . = ALIGN ((. != 0x0)?0x4:0x1)
                [!provide]                PROVIDE (__end_bss_RAM2 = .)

.bss            0x10000000        0x0
                0x10000000                _bss = .
 *(.bss*)
 *(COMMON)
                0x10000000                . = ALIGN (0x4)
                0x10000000                _ebss = .
                [!provide]                PROVIDE (end = .)

.noinit_RAM2    0x2007c000        0x0
 *(.noinit.$RAM2*)
 *(.noinit.$RamAHB32*)
                0x2007c000                . = ALIGN (0x4)

.noinit         0x10000000        0x0
                0x10000000                _noinit = .
 *(.noinit*)
                0x10000000                . = ALIGN (0x4)
                0x10000000                _end_noinit = .
                [!provide]                PROVIDE (_pvHeapStart = DEFINED (__user_heap_base)?__user_heap_base:.)
                0x10008000                PROVIDE (_vStackTop = DEFINED (__user_stack_top)?__user_stack_top:(__top_RamLoc32 - 0x0))
                [!provide]                PROVIDE (__valid_user_code_checksum = (0x0 - ((((((_vStackTop + (ResetISR + 0x1)) + (NMI_Handler + 0x1)) + (HardFault_Handler + 0x1)) + (DEFINED (MemManage_Handler)?MemManage_Handler:0x0 + 0x1)) + (DEFINED (BusFault_Handler)?BusFault_Handler:0x0 + 0x1)) + (DEFINED (UsageFault_Handler)?UsageFault_Handler:0x0 + 0x1))))
                0x00000000                _image_start = LOADADDR (.text)
                0x0000042c                _image_end = (LOADADDR (.data) + SIZEOF (.data))
                0x0000042c                _image_size = (_image_end - _image_start)
OUTPUT(ejemplo_intext.axf elf32-littlearm)

.debug_info     0x00000000      0x57a
 .debug_info    0x00000000      0x2a1 ./src/cr_startup_lpc176x.o
 .debug_info    0x000002a1       0x6c ./src/extint.o
 .debug_info    0x0000030d      0x195 ./src/gpio.o
 .debug_info    0x000004a2       0x7d ./src/init.o
 .debug_info    0x0000051f       0x5b ./src/main.o

.debug_abbrev   0x00000000      0x2aa
 .debug_abbrev  0x00000000      0x13a ./src/cr_startup_lpc176x.o
 .debug_abbrev  0x0000013a       0x47 ./src/extint.o
 .debug_abbrev  0x00000181       0x9b ./src/gpio.o
 .debug_abbrev  0x0000021c       0x47 ./src/init.o
 .debug_abbrev  0x00000263       0x47 ./src/main.o

.debug_loc      0x00000000      0x13e
 .debug_loc     0x00000000      0x13e ./src/cr_startup_lpc176x.o

.debug_aranges  0x00000000      0x138
 .debug_aranges
                0x00000000       0x80 ./src/cr_startup_lpc176x.o
 .debug_aranges
                0x00000080       0x28 ./src/extint.o
 .debug_aranges
                0x000000a8       0x40 ./src/gpio.o
 .debug_aranges
                0x000000e8       0x30 ./src/init.o
 .debug_aranges
                0x00000118       0x20 ./src/main.o

.debug_ranges   0x00000000       0xe8
 .debug_ranges  0x00000000       0x70 ./src/cr_startup_lpc176x.o
 .debug_ranges  0x00000070       0x18 ./src/extint.o
 .debug_ranges  0x00000088       0x30 ./src/gpio.o
 .debug_ranges  0x000000b8       0x20 ./src/init.o
 .debug_ranges  0x000000d8       0x10 ./src/main.o

.debug_macro    0x00000000     0x19f5
 .debug_macro   0x00000000       0x1d ./src/cr_startup_lpc176x.o
 .debug_macro   0x0000001d      0xa66 ./src/cr_startup_lpc176x.o
 .debug_macro   0x00000a83       0x1a ./src/extint.o
 .debug_macro   0x00000a9d      0xa60 ./src/extint.o
 .debug_macro   0x000014fd      0x3e2 ./src/extint.o
 .debug_macro   0x000018df       0x1a ./src/gpio.o
 .debug_macro   0x000018f9       0x1a ./src/init.o
 .debug_macro   0x00001913       0x2c ./src/main.o
 .debug_macro   0x0000193f       0x82 ./src/main.o
 .debug_macro   0x000019c1       0x34 ./src/main.o

.debug_line     0x00000000      0x4b2
 .debug_line    0x00000000       0x91 ./src/cr_startup_lpc176x.o
 .debug_line    0x00000091       0xb2 ./src/extint.o
 .debug_line    0x00000143       0xf2 ./src/gpio.o
 .debug_line    0x00000235       0xcc ./src/init.o
 .debug_line    0x00000301      0x1b1 ./src/main.o

.debug_str      0x00000000     0x42cb
 .debug_str     0x00000000     0x2eb1 ./src/cr_startup_lpc176x.o
                               0x2ec4 (size before relaxing)
 .debug_str     0x00002eb1      0xe70 ./src/extint.o
                               0x3aa5 (size before relaxing)
 .debug_str     0x00003d21       0x5b ./src/gpio.o
                               0x3ace (size before relaxing)
 .debug_str     0x00003d7c       0x25 ./src/init.o
                               0x3a9d (size before relaxing)
 .debug_str     0x00003da1      0x52a ./src/main.o
                               0x3f99 (size before relaxing)

.comment        0x00000000       0x7f
 .comment       0x00000000       0x7f ./src/cr_startup_lpc176x.o
                                 0x80 (size before relaxing)
 .comment       0x0000007f       0x80 ./src/extint.o
 .comment       0x0000007f       0x80 ./src/gpio.o
 .comment       0x0000007f       0x80 ./src/init.o
 .comment       0x0000007f       0x80 ./src/main.o
 .comment       0x0000007f       0x80 c:/nxp/mcuxpressoide_10.3.0_2200/ide/plugins/com.nxp.mcuxpresso.tools.win32_10.3.0.201811011841/tools/bin/../lib/gcc/arm-none-eabi/7.3.1/../../../../arm-none-eabi/lib/thumb/v7-m\libcr_c.a(__weak__main.o)

.ARM.attributes
                0x00000000       0x33
 .ARM.attributes
                0x00000000       0x33 ./src/cr_startup_lpc176x.o
 .ARM.attributes
                0x00000033       0x33 ./src/extint.o
 .ARM.attributes
                0x00000066       0x33 ./src/gpio.o
 .ARM.attributes
                0x00000099       0x33 ./src/init.o
 .ARM.attributes
                0x000000cc       0x33 ./src/main.o
 .ARM.attributes
                0x000000ff       0x33 c:/nxp/mcuxpressoide_10.3.0_2200/ide/plugins/com.nxp.mcuxpresso.tools.win32_10.3.0.201811011841/tools/bin/../lib/gcc/arm-none-eabi/7.3.1/../../../../arm-none-eabi/lib/thumb/v7-m\libcr_c.a(__weak__main.o)

.debug_frame    0x00000000      0x2a4
 .debug_frame   0x00000000       0xf4 ./src/cr_startup_lpc176x.o
 .debug_frame   0x000000f4       0x48 ./src/extint.o
 .debug_frame   0x0000013c       0xd8 ./src/gpio.o
 .debug_frame   0x00000214       0x64 ./src/init.o
 .debug_frame   0x00000278       0x2c ./src/main.o
